11-21 18:44:38.755  3781  3781 D TaskView: TaskView bind task, task=[TaskKey{id=535, stackId=0, baseIntent=Intent { flg=0x14000000 cmp=com.sexychat.me/com.example.test.MainActivity }, userId=0, lastActiveTime=184053617, windowingMode=1, isThumbnailBlur=false, isScreening=false, topActivity=null, mHashCode=16861737}, title=Sexy Chat, titleDescription=Sexy Chat, bounds=null, isLaunchTarget=false, isStackTask=true, isSystemApp=false, isDockable=true, baseActivity=null, isLocked=false, isAccessLocked=false, mNeedHide=false, hasMultipleTasks=false, cti1Key=, cti2Key=] , isLock=false
11-21 18:44:38.755  3781  3781 D TaskViewThumbnail: setThumbnail, t=[TaskKey{id=535, stackId=0, baseIntent=Intent { flg=0x14000000 cmp=com.sexychat.me/com.example.test.MainActivity }, userId=0, lastActiveTime=184053617, windowingMode=1, isThumbnailBlur=false, isScreening=false, topActivity=null, mHashCode=16861737}, title=Sexy Chat, titleDescription=Sexy Chat, bounds=null, isLaunchTarget=false, isStackTask=true, isSystemApp=false, isDockable=true, baseActivity=null, isLocked=false, isAccessLocked=false, mNeedHide=false, hasMultipleTasks=false, cti1Key=, cti2Key=] , mThumbnailInfo=com.android.systemui.shared.recents.model.TaskThumbnailInfo@edf23c1, mThumbnailBitmapRect=Rect(0, 0 - 1080, 2400)
11-21 18:44:38.755  3781  3781 D TaskViewThumbnail: updateThumbnailScale, t=[TaskKey{id=535, stackId=0, baseIntent=Intent { flg=0x14000000 cmp=com.sexychat.me/com.example.test.MainActivity }, userId=0, lastActiveTime=184053617, windowingMode=1, isThumbnailBlur=false, isScreening=false, topActivity=null, mHashCode=16861737}, title=Sexy Chat, titleDescription=Sexy Chat, bounds=null, isLaunchTarget=false, isStackTask=true, isSystemApp=false, isDockable=true, baseActivity=null, isLocked=false, isAccessLocked=false, mNeedHide=false, hasMultipleTasks=false, cti1Key=, cti2Key=] , mThumbnailBitmapSizeAfterScaled=(469, 1042)
11-21 18:44:38.850  3781  4688 E ActivityManagerWrapper: getRecentTasks: mainTaskId=535   userId=0   windowMode=1   baseIntent=Intent { act=null flag=335544320 cmp=ComponentInfo{com.sexychat.me/com.example.test.MainActivity} }
11-21 18:44:38.851  3781  4688 D WorldCirculate: getWorldCirculateInfo, taskInfo.baseIntent=Intent { flg=0x14000000 cmp=com.sexychat.me/com.example.test.MainActivity }, displayId=-1, but get Display failed
11-21 18:44:38.882  3781  4688 E ActivityManagerWrapper: getRecentTasks: mainTaskId=535   userId=0   windowMode=1   baseIntent=Intent { act=null flag=335544320 cmp=ComponentInfo{com.sexychat.me/com.example.test.MainActivity} }
11-21 18:44:38.883  3781  4688 D WorldCirculate: getWorldCirculateInfo, taskInfo.baseIntent=Intent { flg=0x14000000 cmp=com.sexychat.me/com.example.test.MainActivity }, displayId=-1, but get Display failed
11-21 18:44:39.093  3781  3781 D TaskViewThumbnail: updateThumbnailScale, t=[TaskKey{id=535, stackId=0, baseIntent=Intent { flg=0x14000000 cmp=com.sexychat.me/com.example.test.MainActivity }, userId=0, lastActiveTime=184053617, windowingMode=1, isThumbnailBlur=false, isScreening=false, topActivity=null, mHashCode=16861737}, title=Sexy Chat, titleDescription=Sexy Chat, bounds=null, isLaunchTarget=false, isStackTask=true, isSystemApp=false, isDockable=true, baseActivity=null, isLocked=false, isAccessLocked=false, mNeedHide=false, hasMultipleTasks=false, cti1Key=, cti2Key=] , mThumbnailBitmapSizeAfterScaled=(470, 1044)
11-21 18:44:39.093  3781  3781 D TaskViewThumbnail: updateThumbnailScale, t=[TaskKey{id=535, stackId=0, baseIntent=Intent { flg=0x14000000 cmp=com.sexychat.me/com.example.test.MainActivity }, userId=0, lastActiveTime=184053617, windowingMode=1, isThumbnailBlur=false, isScreening=false, topActivity=null, mHashCode=16861737}, title=Sexy Chat, titleDescription=Sexy Chat, bounds=null, isLaunchTarget=false, isStackTask=true, isSystemApp=false, isDockable=true, baseActivity=null, isLocked=false, isAccessLocked=false, mNeedHide=false, hasMultipleTasks=false, cti1Key=, cti2Key=] , mThumbnailBitmapSizeAfterScaled=(469, 1042)
11-21 18:44:42.849  3781  4688 E ActivityManagerWrapper: getRecentTasks: mainTaskId=535   userId=0   windowMode=1   baseIntent=Intent { act=null flag=335544320 cmp=ComponentInfo{com.sexychat.me/com.example.test.MainActivity} }
11-21 18:44:42.857  3781  4688 D WorldCirculate: getWorldCirculateInfo, taskInfo.baseIntent=Intent { flg=0x14000000 cmp=com.sexychat.me/com.example.test.MainActivity }, displayId=-1, but get Display failed
11-21 18:44:42.890  3781  4688 E ActivityManagerWrapper: getRecentTasks: mainTaskId=535   userId=0   windowMode=1   baseIntent=Intent { act=null flag=335544320 cmp=ComponentInfo{com.sexychat.me/com.example.test.MainActivity} }
11-21 18:44:42.895  3781  4688 D WorldCirculate: getWorldCirculateInfo, taskInfo.baseIntent=Intent { flg=0x14000000 cmp=com.sexychat.me/com.example.test.MainActivity }, displayId=-1, but get Display failed
11-21 18:44:43.989  3781  4688 E ActivityManagerWrapper: getRecentTasks: mainTaskId=535   userId=0   windowMode=1   baseIntent=Intent { act=null flag=335544320 cmp=ComponentInfo{com.sexychat.me/com.example.test.MainActivity} }
11-21 18:44:43.990  3781  4688 D WorldCirculate: getWorldCirculateInfo, taskInfo.baseIntent=Intent { flg=0x14000000 cmp=com.sexychat.me/com.example.test.MainActivity }, displayId=-1, but get Display failed
11-21 18:44:44.104  3781  4688 E ActivityManagerWrapper: getRecentTasks: mainTaskId=535   userId=0   windowMode=1   baseIntent=Intent { act=null flag=335544320 cmp=ComponentInfo{com.sexychat.me/com.example.test.MainActivity} }
11-21 18:44:44.106  3781  4688 D WorldCirculate: getWorldCirculateInfo, taskInfo.baseIntent=Intent { flg=0x14000000 cmp=com.sexychat.me/com.example.test.MainActivity }, displayId=-1, but get Display failed
11-21 18:44:44.122  3781  4688 E ActivityManagerWrapper: getRecentTasks: mainTaskId=535   userId=0   windowMode=1   baseIntent=Intent { act=null flag=335544320 cmp=ComponentInfo{com.sexychat.me/com.example.test.MainActivity} }
11-21 18:44:44.124  3781  4688 D WorldCirculate: getWorldCirculateInfo, taskInfo.baseIntent=Intent { flg=0x14000000 cmp=com.sexychat.me/com.example.test.MainActivity }, displayId=-1, but get Display failed
11-21 18:44:45.228  3781  4688 E ActivityManagerWrapper: getRecentTasks: mainTaskId=535   userId=0   windowMode=1   baseIntent=Intent { act=null flag=335544320 cmp=ComponentInfo{com.sexychat.me/com.example.test.MainActivity} }
11-21 18:44:45.232  3781  4688 D WorldCirculate: getWorldCirculateInfo, taskInfo.baseIntent=Intent { flg=0x14000000 cmp=com.sexychat.me/com.example.test.MainActivity }, displayId=-1, but get Display failed
11-21 18:44:45.274  3781  4688 E ActivityManagerWrapper: getRecentTasks: mainTaskId=535   userId=0   windowMode=1   baseIntent=Intent { act=null flag=335544320 cmp=ComponentInfo{com.sexychat.me/com.example.test.MainActivity} }
11-21 18:44:45.279  3781  4688 D WorldCirculate: getWorldCirculateInfo, taskInfo.baseIntent=Intent { flg=0x14000000 cmp=com.sexychat.me/com.example.test.MainActivity }, displayId=-1, but get Display failed
11-21 18:44:45.420 32672  3742 D IconCustomizer: Generate customized icon for com.sexychat.me.png, false
11-21 18:45:05.681  3781  3781 D TaskView: TaskView bind task, task=[TaskKey{id=535, stackId=0, baseIntent=Intent { flg=0x14000000 cmp=com.sexychat.me/com.example.test.MainActivity }, userId=0, lastActiveTime=184053617, windowingMode=1, isThumbnailBlur=false, isScreening=false, topActivity=null, mHashCode=16861737}, title=Sexy Chat, titleDescription=Sexy Chat, bounds=null, isLaunchTarget=false, isStackTask=true, isSystemApp=false, isDockable=true, baseActivity=null, isLocked=false, isAccessLocked=false, mNeedHide=false, hasMultipleTasks=false, cti1Key=, cti2Key=] , isLock=false
11-21 18:45:05.681  3781  3781 D TaskViewThumbnail: setThumbnail, t=[TaskKey{id=535, stackId=0, baseIntent=Intent { flg=0x14000000 cmp=com.sexychat.me/com.example.test.MainActivity }, userId=0, lastActiveTime=184053617, windowingMode=1, isThumbnailBlur=false, isScreening=false, topActivity=null, mHashCode=16861737}, title=Sexy Chat, titleDescription=Sexy Chat, bounds=null, isLaunchTarget=false, isStackTask=true, isSystemApp=false, isDockable=true, baseActivity=null, isLocked=false, isAccessLocked=false, mNeedHide=false, hasMultipleTasks=false, cti1Key=, cti2Key=] , mThumbnailInfo=com.android.systemui.shared.recents.model.TaskThumbnailInfo@edf23c1, mThumbnailBitmapRect=Rect(0, 0 - 1080, 2400)
11-21 18:45:05.682  3781  3781 D TaskViewThumbnail: updateThumbnailScale, t=[TaskKey{id=535, stackId=0, baseIntent=Intent { flg=0x14000000 cmp=com.sexychat.me/com.example.test.MainActivity }, userId=0, lastActiveTime=184053617, windowingMode=1, isThumbnailBlur=false, isScreening=false, topActivity=null, mHashCode=16861737}, title=Sexy Chat, titleDescription=Sexy Chat, bounds=null, isLaunchTarget=false, isStackTask=true, isSystemApp=false, isDockable=true, baseActivity=null, isLocked=false, isAccessLocked=false, mNeedHide=false, hasMultipleTasks=false, cti1Key=, cti2Key=] , mThumbnailBitmapSizeAfterScaled=(469, 1042)
11-21 18:45:05.683  3781  3781 D TaskView: TaskView bind task, task=[TaskKey{id=535, stackId=0, baseIntent=Intent { flg=0x14000000 cmp=com.sexychat.me/com.example.test.MainActivity }, userId=0, lastActiveTime=184053617, windowingMode=1, isThumbnailBlur=false, isScreening=false, topActivity=null, mHashCode=16861737}, title=Sexy Chat, titleDescription=Sexy Chat, bounds=null, isLaunchTarget=false, isStackTask=true, isSystemApp=false, isDockable=true, baseActivity=null, isLocked=false, isAccessLocked=false, mNeedHide=false, hasMultipleTasks=false, cti1Key=, cti2Key=] , isLock=false
11-21 18:45:05.684  3781  3781 D TaskViewThumbnail: setThumbnail, t=[TaskKey{id=535, stackId=0, baseIntent=Intent { flg=0x14000000 cmp=com.sexychat.me/com.example.test.MainActivity }, userId=0, lastActiveTime=184053617, windowingMode=1, isThumbnailBlur=false, isScreening=false, topActivity=null, mHashCode=16861737}, title=Sexy Chat, titleDescription=Sexy Chat, bounds=null, isLaunchTarget=false, isStackTask=true, isSystemApp=false, isDockable=true, baseActivity=null, isLocked=false, isAccessLocked=false, mNeedHide=false, hasMultipleTasks=false, cti1Key=, cti2Key=] , mThumbnailInfo=com.android.systemui.shared.recents.model.TaskThumbnailInfo@edf23c1, mThumbnailBitmapRect=Rect(0, 0 - 1080, 2400)
11-21 18:45:05.684  3781  3781 D TaskViewThumbnail: updateThumbnailScale, t=[TaskKey{id=535, stackId=0, baseIntent=Intent { flg=0x14000000 cmp=com.sexychat.me/com.example.test.MainActivity }, userId=0, lastActiveTime=184053617, windowingMode=1, isThumbnailBlur=false, isScreening=false, topActivity=null, mHashCode=16861737}, title=Sexy Chat, titleDescription=Sexy Chat, bounds=null, isLaunchTarget=false, isStackTask=true, isSystemApp=false, isDockable=true, baseActivity=null, isLocked=false, isAccessLocked=false, mNeedHide=false, hasMultipleTasks=false, cti1Key=, cti2Key=] , mThumbnailBitmapSizeAfterScaled=(469, 1042)
11-21 18:45:05.703  3781  3781 D TaskView: TaskView bind task, task=[TaskKey{id=535, stackId=0, baseIntent=Intent { flg=0x14000000 cmp=com.sexychat.me/com.example.test.MainActivity }, userId=0, lastActiveTime=184053617, windowingMode=1, isThumbnailBlur=false, isScreening=false, topActivity=null, mHashCode=16861737}, title=Sexy Chat, titleDescription=Sexy Chat, bounds=null, isLaunchTarget=false, isStackTask=true, isSystemApp=false, isDockable=true, baseActivity=null, isLocked=false, isAccessLocked=false, mNeedHide=false, hasMultipleTasks=false, cti1Key=, cti2Key=] , isLock=false
11-21 18:45:05.703  3781  3781 D TaskViewThumbnail: setThumbnail, t=[TaskKey{id=535, stackId=0, baseIntent=Intent { flg=0x14000000 cmp=com.sexychat.me/com.example.test.MainActivity }, userId=0, lastActiveTime=184053617, windowingMode=1, isThumbnailBlur=false, isScreening=false, topActivity=null, mHashCode=16861737}, title=Sexy Chat, titleDescription=Sexy Chat, bounds=null, isLaunchTarget=false, isStackTask=true, isSystemApp=false, isDockable=true, baseActivity=null, isLocked=false, isAccessLocked=false, mNeedHide=false, hasMultipleTasks=false, cti1Key=, cti2Key=] , mThumbnailInfo=com.android.systemui.shared.recents.model.TaskThumbnailInfo@edf23c1, mThumbnailBitmapRect=Rect(0, 0 - 1080, 2400)
11-21 18:45:05.704  3781  3781 D TaskViewThumbnail: updateThumbnailScale, t=[TaskKey{id=535, stackId=0, baseIntent=Intent { flg=0x14000000 cmp=com.sexychat.me/com.example.test.MainActivity }, userId=0, lastActiveTime=184053617, windowingMode=1, isThumbnailBlur=false, isScreening=false, topActivity=null, mHashCode=16861737}, title=Sexy Chat, titleDescription=Sexy Chat, bounds=null, isLaunchTarget=false, isStackTask=true, isSystemApp=false, isDockable=true, baseActivity=null, isLocked=false, isAccessLocked=false, mNeedHide=false, hasMultipleTasks=false, cti1Key=, cti2Key=] , mThumbnailBitmapSizeAfterScaled=(469, 1042)
11-21 18:45:05.867  3781  3781 D TaskView: TaskView bind task, task=[TaskKey{id=535, stackId=0, baseIntent=Intent { flg=0x14000000 cmp=com.sexychat.me/com.example.test.MainActivity }, userId=0, lastActiveTime=184053617, windowingMode=1, isThumbnailBlur=false, isScreening=false, topActivity=null, mHashCode=16861737}, title=Sexy Chat, titleDescription=Sexy Chat, bounds=null, isLaunchTarget=false, isStackTask=true, isSystemApp=false, isDockable=true, baseActivity=null, isLocked=false, isAccessLocked=false, mNeedHide=false, hasMultipleTasks=false, cti1Key=, cti2Key=] , isLock=false
11-21 18:45:05.868  3781  3781 D TaskViewThumbnail: setThumbnail, t=[TaskKey{id=535, stackId=0, baseIntent=Intent { flg=0x14000000 cmp=com.sexychat.me/com.example.test.MainActivity }, userId=0, lastActiveTime=184053617, windowingMode=1, isThumbnailBlur=false, isScreening=false, topActivity=null, mHashCode=16861737}, title=Sexy Chat, titleDescription=Sexy Chat, bounds=null, isLaunchTarget=false, isStackTask=true, isSystemApp=false, isDockable=true, baseActivity=null, isLocked=false, isAccessLocked=false, mNeedHide=false, hasMultipleTasks=false, cti1Key=, cti2Key=] , mThumbnailInfo=com.android.systemui.shared.recents.model.TaskThumbnailInfo@edf23c1, mThumbnailBitmapRect=Rect(0, 0 - 1080, 2400)
11-21 18:45:05.868  3781  3781 D TaskViewThumbnail: updateThumbnailScale, t=[TaskKey{id=535, stackId=0, baseIntent=Intent { flg=0x14000000 cmp=com.sexychat.me/com.example.test.MainActivity }, userId=0, lastActiveTime=184053617, windowingMode=1, isThumbnailBlur=false, isScreening=false, topActivity=null, mHashCode=16861737}, title=Sexy Chat, titleDescription=Sexy Chat, bounds=null, isLaunchTarget=false, isStackTask=true, isSystemApp=false, isDockable=true, baseActivity=null, isLocked=false, isAccessLocked=false, mNeedHide=false, hasMultipleTasks=false, cti1Key=, cti2Key=] , mThumbnailBitmapSizeAfterScaled=(469, 1042)
11-21 18:45:05.998  3781  4688 E ActivityManagerWrapper: getRecentTasks: mainTaskId=535   userId=0   windowMode=1   baseIntent=Intent { act=null flag=335544320 cmp=ComponentInfo{com.sexychat.me/com.example.test.MainActivity} }
11-21 18:45:06.004  3781  4688 D WorldCirculate: getWorldCirculateInfo, taskInfo.baseIntent=Intent { flg=0x14000000 cmp=com.sexychat.me/com.example.test.MainActivity }, displayId=-1, but get Display failed
11-21 18:45:06.028  3781  4688 E ActivityManagerWrapper: getRecentTasks: mainTaskId=535   userId=0   windowMode=1   baseIntent=Intent { act=null flag=335544320 cmp=ComponentInfo{com.sexychat.me/com.example.test.MainActivity} }
11-21 18:45:06.029  3781  4688 D WorldCirculate: getWorldCirculateInfo, taskInfo.baseIntent=Intent { flg=0x14000000 cmp=com.sexychat.me/com.example.test.MainActivity }, displayId=-1, but get Display failed
11-21 18:45:06.034  3781  3781 D TaskViewThumbnail: updateThumbnailScale, t=[TaskKey{id=535, stackId=0, baseIntent=Intent { flg=0x14000000 cmp=com.sexychat.me/com.example.test.MainActivity }, userId=0, lastActiveTime=184053617, windowingMode=1, isThumbnailBlur=false, isScreening=false, topActivity=null, mHashCode=16861737}, title=Sexy Chat, titleDescription=Sexy Chat, bounds=null, isLaunchTarget=false, isStackTask=true, isSystemApp=false, isDockable=true, baseActivity=null, isLocked=false, isAccessLocked=false, mNeedHide=false, hasMultipleTasks=false, cti1Key=, cti2Key=] , mThumbnailBitmapSizeAfterScaled=(470, 1044)
11-21 18:45:06.034  3781  3781 D TaskViewThumbnail: updateThumbnailScale, t=[TaskKey{id=535, stackId=0, baseIntent=Intent { flg=0x14000000 cmp=com.sexychat.me/com.example.test.MainActivity }, userId=0, lastActiveTime=184053617, windowingMode=1, isThumbnailBlur=false, isScreening=false, topActivity=null, mHashCode=16861737}, title=Sexy Chat, titleDescription=Sexy Chat, bounds=null, isLaunchTarget=false, isStackTask=true, isSystemApp=false, isDockable=true, baseActivity=null, isLocked=false, isAccessLocked=false, mNeedHide=false, hasMultipleTasks=false, cti1Key=, cti2Key=] , mThumbnailBitmapSizeAfterScaled=(469, 1042)
11-21 18:45:07.753  3781  4688 E ActivityManagerWrapper: getRecentTasks: mainTaskId=535   userId=0   windowMode=1   baseIntent=Intent { act=null flag=335544320 cmp=ComponentInfo{com.sexychat.me/com.example.test.MainActivity} }
11-21 18:45:07.764  3781  4688 D WorldCirculate: getWorldCirculateInfo, taskInfo.baseIntent=Intent { flg=0x14000000 cmp=com.sexychat.me/com.example.test.MainActivity }, displayId=-1, but get Display failed
11-21 18:45:07.918  3781  4688 E ActivityManagerWrapper: getRecentTasks: mainTaskId=535   userId=0   windowMode=1   baseIntent=Intent { act=null flag=335544320 cmp=ComponentInfo{com.sexychat.me/com.example.test.MainActivity} }
11-21 18:45:07.921  3781  4688 D WorldCirculate: getWorldCirculateInfo, taskInfo.baseIntent=Intent { flg=0x14000000 cmp=com.sexychat.me/com.example.test.MainActivity }, displayId=-1, but get Display failed
11-21 18:45:08.843  3781  3781 D TaskView: TaskView bind task, task=[TaskKey{id=535, stackId=0, baseIntent=Intent { flg=0x14000000 cmp=com.sexychat.me/com.example.test.MainActivity }, userId=0, lastActiveTime=184053617, windowingMode=1, isThumbnailBlur=false, isScreening=false, topActivity=null, mHashCode=16861737}, title=Sexy Chat, titleDescription=Sexy Chat, bounds=null, isLaunchTarget=false, isStackTask=true, isSystemApp=false, isDockable=true, baseActivity=null, isLocked=false, isAccessLocked=false, mNeedHide=false, hasMultipleTasks=false, cti1Key=, cti2Key=] , isLock=false
11-21 18:45:08.844  3781  3781 D TaskViewThumbnail: setThumbnail, t=[TaskKey{id=535, stackId=0, baseIntent=Intent { flg=0x14000000 cmp=com.sexychat.me/com.example.test.MainActivity }, userId=0, lastActiveTime=184053617, windowingMode=1, isThumbnailBlur=false, isScreening=false, topActivity=null, mHashCode=16861737}, title=Sexy Chat, titleDescription=Sexy Chat, bounds=null, isLaunchTarget=false, isStackTask=true, isSystemApp=false, isDockable=true, baseActivity=null, isLocked=false, isAccessLocked=false, mNeedHide=false, hasMultipleTasks=false, cti1Key=, cti2Key=] , mThumbnailInfo=com.android.systemui.shared.recents.model.TaskThumbnailInfo@3e08df0, mThumbnailBitmapRect=Rect(0, 0 - 1080, 2400)
11-21 18:45:08.844  3781  3781 D TaskViewThumbnail: updateThumbnailScale, t=[TaskKey{id=535, stackId=0, baseIntent=Intent { flg=0x14000000 cmp=com.sexychat.me/com.example.test.MainActivity }, userId=0, lastActiveTime=184053617, windowingMode=1, isThumbnailBlur=false, isScreening=false, topActivity=null, mHashCode=16861737}, title=Sexy Chat, titleDescription=Sexy Chat, bounds=null, isLaunchTarget=false, isStackTask=true, isSystemApp=false, isDockable=true, baseActivity=null, isLocked=false, isAccessLocked=false, mNeedHide=false, hasMultipleTasks=false, cti1Key=, cti2Key=] , mThumbnailBitmapSizeAfterScaled=(469, 1042)
11-21 18:45:08.847  3781  3781 D TaskView: TaskView bind task, task=[TaskKey{id=535, stackId=0, baseIntent=Intent { flg=0x14000000 cmp=com.sexychat.me/com.example.test.MainActivity }, userId=0, lastActiveTime=184053617, windowingMode=1, isThumbnailBlur=false, isScreening=false, topActivity=null, mHashCode=16861737}, title=Sexy Chat, titleDescription=Sexy Chat, bounds=null, isLaunchTarget=false, isStackTask=true, isSystemApp=false, isDockable=true, baseActivity=null, isLocked=false, isAccessLocked=false, mNeedHide=false, hasMultipleTasks=false, cti1Key=, cti2Key=] , isLock=false
11-21 18:45:08.847  3781  3781 D TaskViewThumbnail: setThumbnail, t=[TaskKey{id=535, stackId=0, baseIntent=Intent { flg=0x14000000 cmp=com.sexychat.me/com.example.test.MainActivity }, userId=0, lastActiveTime=184053617, windowingMode=1, isThumbnailBlur=false, isScreening=false, topActivity=null, mHashCode=16861737}, title=Sexy Chat, titleDescription=Sexy Chat, bounds=null, isLaunchTarget=false, isStackTask=true, isSystemApp=false, isDockable=true, baseActivity=null, isLocked=false, isAccessLocked=false, mNeedHide=false, hasMultipleTasks=false, cti1Key=, cti2Key=] , mThumbnailInfo=com.android.systemui.shared.recents.model.TaskThumbnailInfo@3e08df0, mThumbnailBitmapRect=Rect(0, 0 - 1080, 2400)
11-21 18:45:08.847  3781  3781 D TaskViewThumbnail: updateThumbnailScale, t=[TaskKey{id=535, stackId=0, baseIntent=Intent { flg=0x14000000 cmp=com.sexychat.me/com.example.test.MainActivity }, userId=0, lastActiveTime=184053617, windowingMode=1, isThumbnailBlur=false, isScreening=false, topActivity=null, mHashCode=16861737}, title=Sexy Chat, titleDescription=Sexy Chat, bounds=null, isLaunchTarget=false, isStackTask=true, isSystemApp=false, isDockable=true, baseActivity=null, isLocked=false, isAccessLocked=false, mNeedHide=false, hasMultipleTasks=false, cti1Key=, cti2Key=] , mThumbnailBitmapSizeAfterScaled=(469, 1042)
11-21 18:45:08.856  3781  3781 D TaskView: TaskView bind task, task=[TaskKey{id=535, stackId=0, baseIntent=Intent { flg=0x14000000 cmp=com.sexychat.me/com.example.test.MainActivity }, userId=0, lastActiveTime=184053617, windowingMode=1, isThumbnailBlur=false, isScreening=false, topActivity=null, mHashCode=16861737}, title=Sexy Chat, titleDescription=Sexy Chat, bounds=null, isLaunchTarget=false, isStackTask=true, isSystemApp=false, isDockable=true, baseActivity=null, isLocked=false, isAccessLocked=false, mNeedHide=false, hasMultipleTasks=false, cti1Key=, cti2Key=] , isLock=false
11-21 18:45:08.856  3781  3781 D TaskViewThumbnail: setThumbnail, t=[TaskKey{id=535, stackId=0, baseIntent=Intent { flg=0x14000000 cmp=com.sexychat.me/com.example.test.MainActivity }, userId=0, lastActiveTime=184053617, windowingMode=1, isThumbnailBlur=false, isScreening=false, topActivity=null, mHashCode=16861737}, title=Sexy Chat, titleDescription=Sexy Chat, bounds=null, isLaunchTarget=false, isStackTask=true, isSystemApp=false, isDockable=true, baseActivity=null, isLocked=false, isAccessLocked=false, mNeedHide=false, hasMultipleTasks=false, cti1Key=, cti2Key=] , mThumbnailInfo=com.android.systemui.shared.recents.model.TaskThumbnailInfo@3e08df0, mThumbnailBitmapRect=Rect(0, 0 - 1080, 2400)
11-21 18:45:08.856  3781  3781 D TaskViewThumbnail: updateThumbnailScale, t=[TaskKey{id=535, stackId=0, baseIntent=Intent { flg=0x14000000 cmp=com.sexychat.me/com.example.test.MainActivity }, userId=0, lastActiveTime=184053617, windowingMode=1, isThumbnailBlur=false, isScreening=false, topActivity=null, mHashCode=16861737}, title=Sexy Chat, titleDescription=Sexy Chat, bounds=null, isLaunchTarget=false, isStackTask=true, isSystemApp=false, isDockable=true, baseActivity=null, isLocked=false, isAccessLocked=false, mNeedHide=false, hasMultipleTasks=false, cti1Key=, cti2Key=] , mThumbnailBitmapSizeAfterScaled=(469, 1042)
11-21 18:45:09.014  3781  3781 D TaskView: TaskView bind task, task=[TaskKey{id=535, stackId=0, baseIntent=Intent { flg=0x14000000 cmp=com.sexychat.me/com.example.test.MainActivity }, userId=0, lastActiveTime=184053617, windowingMode=1, isThumbnailBlur=false, isScreening=false, topActivity=null, mHashCode=16861737}, title=Sexy Chat, titleDescription=Sexy Chat, bounds=null, isLaunchTarget=false, isStackTask=true, isSystemApp=false, isDockable=true, baseActivity=null, isLocked=false, isAccessLocked=false, mNeedHide=false, hasMultipleTasks=false, cti1Key=, cti2Key=] , isLock=false
11-21 18:45:09.014  3781  3781 D TaskViewThumbnail: setThumbnail, t=[TaskKey{id=535, stackId=0, baseIntent=Intent { flg=0x14000000 cmp=com.sexychat.me/com.example.test.MainActivity }, userId=0, lastActiveTime=184053617, windowingMode=1, isThumbnailBlur=false, isScreening=false, topActivity=null, mHashCode=16861737}, title=Sexy Chat, titleDescription=Sexy Chat, bounds=null, isLaunchTarget=false, isStackTask=true, isSystemApp=false, isDockable=true, baseActivity=null, isLocked=false, isAccessLocked=false, mNeedHide=false, hasMultipleTasks=false, cti1Key=, cti2Key=] , mThumbnailInfo=com.android.systemui.shared.recents.model.TaskThumbnailInfo@3e08df0, mThumbnailBitmapRect=Rect(0, 0 - 1080, 2400)
11-21 18:45:09.014  3781  3781 D TaskViewThumbnail: updateThumbnailScale, t=[TaskKey{id=535, stackId=0, baseIntent=Intent { flg=0x14000000 cmp=com.sexychat.me/com.example.test.MainActivity }, userId=0, lastActiveTime=184053617, windowingMode=1, isThumbnailBlur=false, isScreening=false, topActivity=null, mHashCode=16861737}, title=Sexy Chat, titleDescription=Sexy Chat, bounds=null, isLaunchTarget=false, isStackTask=true, isSystemApp=false, isDockable=true, baseActivity=null, isLocked=false, isAccessLocked=false, mNeedHide=false, hasMultipleTasks=false, cti1Key=, cti2Key=] , mThumbnailBitmapSizeAfterScaled=(469, 1042)
11-21 18:45:09.023  3781  4688 E ActivityManagerWrapper: getRecentTasks: mainTaskId=535   userId=0   windowMode=1   baseIntent=Intent { act=null flag=335544320 cmp=ComponentInfo{com.sexychat.me/com.example.test.MainActivity} }
11-21 18:45:09.028  3781  4688 D WorldCirculate: getWorldCirculateInfo, taskInfo.baseIntent=Intent { flg=0x14000000 cmp=com.sexychat.me/com.example.test.MainActivity }, displayId=-1, but get Display failed
11-21 18:45:09.079  3781  3781 D TaskViewThumbnail: updateThumbnailScale, t=[TaskKey{id=535, stackId=0, baseIntent=Intent { flg=0x14000000 cmp=com.sexychat.me/com.example.test.MainActivity }, userId=0, lastActiveTime=184053617, windowingMode=1, isThumbnailBlur=false, isScreening=false, topActivity=null, mHashCode=16861737}, title=Sexy Chat, titleDescription=Sexy Chat, bounds=null, isLaunchTarget=false, isStackTask=true, isSystemApp=false, isDockable=true, baseActivity=null, isLocked=false, isAccessLocked=false, mNeedHide=false, hasMultipleTasks=false, cti1Key=, cti2Key=] , mThumbnailBitmapSizeAfterScaled=(470, 1044)
11-21 18:45:09.080  3781  3781 D TaskViewThumbnail: updateThumbnailScale, t=[TaskKey{id=535, stackId=0, baseIntent=Intent { flg=0x14000000 cmp=com.sexychat.me/com.example.test.MainActivity }, userId=0, lastActiveTime=184053617, windowingMode=1, isThumbnailBlur=false, isScreening=false, topActivity=null, mHashCode=16861737}, title=Sexy Chat, titleDescription=Sexy Chat, bounds=null, isLaunchTarget=false, isStackTask=true, isSystemApp=false, isDockable=true, baseActivity=null, isLocked=false, isAccessLocked=false, mNeedHide=false, hasMultipleTasks=false, cti1Key=, cti2Key=] , mThumbnailBitmapSizeAfterScaled=(469, 1042)
11-21 18:45:09.112  3781  4688 E ActivityManagerWrapper: getRecentTasks: mainTaskId=535   userId=0   windowMode=1   baseIntent=Intent { act=null flag=335544320 cmp=ComponentInfo{com.sexychat.me/com.example.test.MainActivity} }
11-21 18:45:09.113  3781  4688 D WorldCirculate: getWorldCirculateInfo, taskInfo.baseIntent=Intent { flg=0x14000000 cmp=com.sexychat.me/com.example.test.MainActivity }, displayId=-1, but get Display failed
11-21 18:45:11.271  3781  4688 E ActivityManagerWrapper: getRecentTasks: mainTaskId=535   userId=0   windowMode=1   baseIntent=Intent { act=null flag=335544320 cmp=ComponentInfo{com.sexychat.me/com.example.test.MainActivity} }
11-21 18:45:11.283  3781  4688 D WorldCirculate: getWorldCirculateInfo, taskInfo.baseIntent=Intent { flg=0x14000000 cmp=com.sexychat.me/com.example.test.MainActivity }, displayId=-1, but get Display failed
11-21 18:45:11.368  3781  4688 E ActivityManagerWrapper: getRecentTasks: mainTaskId=535   userId=0   windowMode=1   baseIntent=Intent { act=null flag=335544320 cmp=ComponentInfo{com.sexychat.me/com.example.test.MainActivity} }
11-21 18:45:11.370  3781  4688 D WorldCirculate: getWorldCirculateInfo, taskInfo.baseIntent=Intent { flg=0x14000000 cmp=com.sexychat.me/com.example.test.MainActivity }, displayId=-1, but get Display failed
11-21 18:47:44.421  3781  4688 E ActivityManagerWrapper: getRecentTasks: mainTaskId=535   userId=0   windowMode=1   baseIntent=Intent { act=null flag=335544320 cmp=ComponentInfo{com.sexychat.me/com.example.test.MainActivity} }
11-21 18:47:44.431  3781  4688 D WorldCirculate: getWorldCirculateInfo, taskInfo.baseIntent=Intent { flg=0x14000000 cmp=com.sexychat.me/com.example.test.MainActivity }, displayId=-1, but get Display failed
11-21 18:47:44.489  3781  4688 E ActivityManagerWrapper: getRecentTasks: mainTaskId=535   userId=0   windowMode=1   baseIntent=Intent { act=null flag=335544320 cmp=ComponentInfo{com.sexychat.me/com.example.test.MainActivity} }
11-21 18:47:44.497  3781  4688 D WorldCirculate: getWorldCirculateInfo, taskInfo.baseIntent=Intent { flg=0x14000000 cmp=com.sexychat.me/com.example.test.MainActivity }, displayId=-1, but get Display failed
11-21 18:47:45.219  3781  3781 D TaskView: TaskView bind task, task=[TaskKey{id=535, stackId=0, baseIntent=Intent { flg=0x14000000 cmp=com.sexychat.me/com.example.test.MainActivity }, userId=0, lastActiveTime=184053617, windowingMode=1, isThumbnailBlur=false, isScreening=false, topActivity=null, mHashCode=16861737}, title=Sexy Chat, titleDescription=Sexy Chat, bounds=null, isLaunchTarget=false, isStackTask=true, isSystemApp=false, isDockable=true, baseActivity=null, isLocked=false, isAccessLocked=false, mNeedHide=false, hasMultipleTasks=false, cti1Key=, cti2Key=] , isLock=false
11-21 18:47:45.219  3781  3781 D TaskViewThumbnail: setThumbnail, t=[TaskKey{id=535, stackId=0, baseIntent=Intent { flg=0x14000000 cmp=com.sexychat.me/com.example.test.MainActivity }, userId=0, lastActiveTime=184053617, windowingMode=1, isThumbnailBlur=false, isScreening=false, topActivity=null, mHashCode=16861737}, title=Sexy Chat, titleDescription=Sexy Chat, bounds=null, isLaunchTarget=false, isStackTask=true, isSystemApp=false, isDockable=true, baseActivity=null, isLocked=false, isAccessLocked=false, mNeedHide=false, hasMultipleTasks=false, cti1Key=, cti2Key=] , mThumbnailInfo=com.android.systemui.shared.recents.model.TaskThumbnailInfo@f3c03cd, mThumbnailBitmapRect=Rect(0, 0 - 1080, 2400)
11-21 18:47:45.219  3781  3781 D TaskViewThumbnail: updateThumbnailScale, t=[TaskKey{id=535, stackId=0, baseIntent=Intent { flg=0x14000000 cmp=com.sexychat.me/com.example.test.MainActivity }, userId=0, lastActiveTime=184053617, windowingMode=1, isThumbnailBlur=false, isScreening=false, topActivity=null, mHashCode=16861737}, title=Sexy Chat, titleDescription=Sexy Chat, bounds=null, isLaunchTarget=false, isStackTask=true, isSystemApp=false, isDockable=true, baseActivity=null, isLocked=false, isAccessLocked=false, mNeedHide=false, hasMultipleTasks=false, cti1Key=, cti2Key=] , mThumbnailBitmapSizeAfterScaled=(469, 1042)
11-21 18:47:45.222  3781  3781 D TaskView: TaskView bind task, task=[TaskKey{id=535, stackId=0, baseIntent=Intent { flg=0x14000000 cmp=com.sexychat.me/com.example.test.MainActivity }, userId=0, lastActiveTime=184053617, windowingMode=1, isThumbnailBlur=false, isScreening=false, topActivity=null, mHashCode=16861737}, title=Sexy Chat, titleDescription=Sexy Chat, bounds=null, isLaunchTarget=false, isStackTask=true, isSystemApp=false, isDockable=true, baseActivity=null, isLocked=false, isAccessLocked=false, mNeedHide=false, hasMultipleTasks=false, cti1Key=, cti2Key=] , isLock=false
11-21 18:47:45.222  3781  3781 D TaskViewThumbnail: setThumbnail, t=[TaskKey{id=535, stackId=0, baseIntent=Intent { flg=0x14000000 cmp=com.sexychat.me/com.example.test.MainActivity }, userId=0, lastActiveTime=184053617, windowingMode=1, isThumbnailBlur=false, isScreening=false, topActivity=null, mHashCode=16861737}, title=Sexy Chat, titleDescription=Sexy Chat, bounds=null, isLaunchTarget=false, isStackTask=true, isSystemApp=false, isDockable=true, baseActivity=null, isLocked=false, isAccessLocked=false, mNeedHide=false, hasMultipleTasks=false, cti1Key=, cti2Key=] , mThumbnailInfo=com.android.systemui.shared.recents.model.TaskThumbnailInfo@f3c03cd, mThumbnailBitmapRect=Rect(0, 0 - 1080, 2400)
11-21 18:47:45.222  3781  3781 D TaskViewThumbnail: updateThumbnailScale, t=[TaskKey{id=535, stackId=0, baseIntent=Intent { flg=0x14000000 cmp=com.sexychat.me/com.example.test.MainActivity }, userId=0, lastActiveTime=184053617, windowingMode=1, isThumbnailBlur=false, isScreening=false, topActivity=null, mHashCode=16861737}, title=Sexy Chat, titleDescription=Sexy Chat, bounds=null, isLaunchTarget=false, isStackTask=true, isSystemApp=false, isDockable=true, baseActivity=null, isLocked=false, isAccessLocked=false, mNeedHide=false, hasMultipleTasks=false, cti1Key=, cti2Key=] , mThumbnailBitmapSizeAfterScaled=(469, 1042)
11-21 18:47:45.242  3781  3781 D TaskViewThumbnail: updateThumbnailScale, t=[TaskKey{id=535, stackId=0, baseIntent=Intent { flg=0x14000000 cmp=com.sexychat.me/com.example.test.MainActivity }, userId=0, lastActiveTime=184053617, windowingMode=1, isThumbnailBlur=false, isScreening=false, topActivity=null, mHashCode=16861737}, title=Sexy Chat, titleDescription=Sexy Chat, bounds=null, isLaunchTarget=false, isStackTask=true, isSystemApp=false, isDockable=true, baseActivity=null, isLocked=false, isAccessLocked=false, mNeedHide=false, hasMultipleTasks=false, cti1Key=, cti2Key=] , mThumbnailBitmapSizeAfterScaled=(470, 1044)
11-21 18:47:45.242  3781  3781 D TaskViewThumbnail: updateThumbnailScale, t=[TaskKey{id=535, stackId=0, baseIntent=Intent { flg=0x14000000 cmp=com.sexychat.me/com.example.test.MainActivity }, userId=0, lastActiveTime=184053617, windowingMode=1, isThumbnailBlur=false, isScreening=false, topActivity=null, mHashCode=16861737}, title=Sexy Chat, titleDescription=Sexy Chat, bounds=null, isLaunchTarget=false, isStackTask=true, isSystemApp=false, isDockable=true, baseActivity=null, isLocked=false, isAccessLocked=false, mNeedHide=false, hasMultipleTasks=false, cti1Key=, cti2Key=] , mThumbnailBitmapSizeAfterScaled=(469, 1042)
11-21 18:47:46.487  2153  5280 W XSpaceManagerServiceImpl: checkXSpaceControl, from:com.amtmgo.chatkbv, to:com.sexychat.me, with act:null, callingUserId:0, toUserId:0
11-21 18:47:46.490  2153  5280 E ActivityTaskManager: With BAL hardening this activity start would be blocked! [callingPackage: com.amtmgo.chatkbv; callingUid: 10509; appSwitchState: 1; callingUidHasAnyVisibleWindow: false; callingUidProcState: CACHED_EMPTY; isCallingUidPersistentSystemProcess: false; balAllowedByPiSender: BackgroundStartPrivileges[allowsBackgroundActivityStarts=true, allowsBackgroundForegroundServiceStarts=true, originatingToken=null]; realCallingPackage: com.miui.home; realCallingUid: 10147; realCallingUidHasAnyVisibleWindow: true; realCallingUidProcState: TOP; isRealCallingUidPersistentSystemProcess: false; originatingPendingIntent: null; backgroundStartPrivileges: BackgroundStartPrivileges[allowsBackgroundActivityStarts=false, allowsBackgroundForegroundServiceStarts=false, originatingToken=null]; intent: Intent { flg=0x14100000 cmp=com.sexychat.me/com.example.test.MainActivity }; callerApp: null; inVisibleTask: false]
11-21 18:47:46.501  2153  5280 I SmartPower: com.sexychat.me/10510(2337): background->invisible(204962ms) R(become foreground) adj=915.
11-21 18:47:46.501  2153  5280 D WindowManager: Collecting in transition 4233: ActivityRecord{3892b6d u0 com.sexychat.me/com.example.test.MainActivity init visibleRequested:false
11-21 18:47:46.502  2153  5280 D WindowManager: setLockTaskAuth: task=Task{6b05836 #535 type=standard A=10510:com.sexychat.me} mLockTaskAuth=LOCK_TASK_AUTH_PINNABLE
11-21 18:47:46.502  2153  5280 D MiuiFreeFormManagerService: onStartActivityInner as = Task{6b05836 #535 type=standard A=10510:com.sexychat.me} op = ActivityOptions(267445154), mPackageName=null, mAnimationType=13, mStartX=0, mStartY=0, mWidth=0, mHeight=0, mLaunchDisplayId=-1, mLaunchBoundsnull, activityOptionsInjector=ActivityOptionsInjector={freeformScale: -1.0, miniFreeformMode: false, needAnimation: true, useCustomLaunchBounds:false}
11-21 18:47:46.504  2153  5280 W WindowManager: onSyncReparent mSyncState =2, mSyncGroup = com.android.server.wm.BLASTSyncEngine$SyncGroup@387833 this: ActivityRecord{3892b6d u0 com.sexychat.me/com.example.test.MainActivity t-1}
11-21 18:47:46.506  2153  5280 D WindowManager: setLockTaskAuth: task=Task{6b05836 #535 type=standard A=10510:com.sexychat.me} mLockTaskAuth=LOCK_TASK_AUTH_PINNABLE
11-21 18:47:46.506  2153  5280 D MiuiFreeFormManagerService: onStartActivityInner as = Task{6b05836 #535 type=standard A=10510:com.sexychat.me} op = ActivityOptions(267445154), mPackageName=null, mAnimationType=13, mStartX=0, mStartY=0, mWidth=0, mHeight=0, mLaunchDisplayId=-1, mLaunchBoundsnull, activityOptionsInjector=ActivityOptionsInjector={freeformScale: -1.0, miniFreeformMode: false, needAnimation: true, useCustomLaunchBounds:false}
11-21 18:47:46.508  2153  5280 I ActivityTaskManager: resumeTopActivityInnerLocked topActivity:ActivityRecord{3892b6d u0 com.sexychat.me/com.example.test.MainActivity t535} isFocusable:true this:Task{6b05836 #535 type=standard A=10510:com.sexychat.me}
11-21 18:47:46.508  2153  5280 D PerfStubImpl: perfWarmLaunchBoost: com.sexychat.me, -1, 1
11-21 18:47:46.511  4001  4075 I DynamicDDSService: handleMessage(ACTIVITY_INVOKE{appInfo=com.sexychat.me isFullScreen=}true)
11-21 18:47:46.513  2153  5280 D WindowManager: Collecting in transition 4233: ActivityRecord{3892b6d u0 com.sexychat.me/com.example.test.MainActivity t535} init visibleRequested:false
11-21 18:47:46.515  2153  5280 I ActivityTaskManager: The Process com.sexychat.me Already Exists in BG. So sending its PID: 2337
11-21 18:47:46.516  2153  5280 D WindowManager: Collecting in transition 4233: ActivityRecord{3892b6d u0 com.sexychat.me/com.example.test.MainActivity t535} init visibleRequested:true
11-21 18:47:46.518  2153  5280 D WindowManager: Collecting in transition 4233: ActivityRecord{3892b6d u0 com.sexychat.me/com.example.test.MainActivity t535} init visibleRequested:true
11-21 18:47:46.518  2153  5280 D WindowManager: Collecting in transition 4233: ActivityRecord{3892b6d u0 com.sexychat.me/com.example.test.MainActivity t535} init visibleRequested:true
11-21 18:47:46.519  2153  5280 I ActivityTaskManager: START u0 {flg=0x14100000 cmp=com.sexychat.me/com.example.test.MainActivity} with LAUNCH_SINGLE_TASK from uid 10509 from pid -1 callingPackage com.amtmgo.chatkbv (realCallingUid=10147) (BAL_ALLOW_PENDING_INTENT) result code=0
11-21 18:47:46.519  4930  5109 V WindowManagerShell: Transition requested: android.os.BinderProxy@e1ca67d TransitionRequestInfo { type = OPEN, triggerTask = TaskInfo{userId=0 taskId=535 displayId=0 isRunning=true baseIntent=Intent { flg=0x14100000 cmp=com.sexychat.me/com.example.test.MainActivity } baseActivity=ComponentInfo{com.sexychat.me/com.example.test.MainActivity} topActivity=ComponentInfo{com.sexychat.me/com.example.test.MainActivity} origActivity=null realActivity=ComponentInfo{com.sexychat.me/com.example.test.MainActivity} numActivities=1 lastActiveTime=184260161 supportsSplitScreenMultiWindow=true supportsMultiWindow=true resizeMode=1 isResizeable=true minWidth=-1 minHeight=-1 defaultMinSize=200 token=WCT{android.window.IWindowContainerToken$Stub$Proxy@e9b2972} topActivityType=1 pictureInPictureParams=null shouldDockBigOverlays=false launchIntoPipHostTaskId=-1 lastParentTaskIdBeforePip=-1 displayCutoutSafeInsets=Rect(0, 84 - 0, 0) topActivityInfo=ActivityInfo{edd91c3 com.example.test.MainActivity} launchCookies=[] positionInParent=Point(0, 0) parentTaskId=-1 isFocused=true isVisible=false isVisibleRequested=true isSleeping=false topActivityInSizeCompat=false topActivityInMiuiSizeCompat=false topActivityEligibleForLetterboxEducation= false topActivityLetterboxed= false isFromDoubleTap= false topActivityLetterboxVerticalPosition= -1 topActivityLetterboxHorizontalPosition= -1 topActivityLetterboxWidth=-1 topActivityLetterboxHeight=-1 locusId=null displayAreaFeatureId=1 cameraCompatControlState=hidden mIsCastMode=false mTopActivityMediaSize=null mTopActivityRecordName=ActivityRecord{3892b6d u0 com.sexychat.me/com.example.test.MainActivity t535} mTopActivityOrientation=-1 mTopActivityWindowIsNowVisible=false isTranslucent=false isEmbedded=false shouldBeVisible=true mBehindAppLockPkg=null mOriginatingUid=0}, remoteTransition = RemoteTransition { remoteTransition = android.window.IRemoteTransition$Stub$Proxy@692aa40, appThread = null, debugName = null }, displayChange = null }
11-21 18:47:46.519  4930  5109 D WindowManagerShell: wct=WindowContainerTransaction { changes = {} hops = [] errorCallbackToken=null taskFragmentOrganizer=null }, hander=com.android.wm.shell.transition.SoScMixedHandler@2639d80, transitionToken=android.os.BinderProxy@e1ca67d, request=TransitionRequestInfo { type = OPEN, triggerTask = TaskInfo{userId=0 taskId=535 displayId=0 isRunning=true baseIntent=Intent { flg=0x14100000 cmp=com.sexychat.me/com.example.test.MainActivity } baseActivity=ComponentInfo{com.sexychat.me/com.example.test.MainActivity} topActivity=ComponentInfo{com.sexychat.me/com.example.test.MainActivity} origActivity=null realActivity=ComponentInfo{com.sexychat.me/com.example.test.MainActivity} numActivities=1 lastActiveTime=184260161 supportsSplitScreenMultiWindow=true supportsMultiWindow=true resizeMode=1 isResizeable=true minWidth=-1 minHeight=-1 defaultMinSize=200 token=WCT{android.window.IWindowContainerToken$Stub$Proxy@e9b2972} topActivityType=1 pictureInPictureParams=null shouldDockBigOverlays=false launchIntoPipHostTaskId=-1 lastParentTaskIdBeforePip=-1 displayCutoutSafeInsets=Rect(0, 84 - 0, 0) topActivityInfo=ActivityInfo{edd91c3 com.example.test.MainActivity} launchCookies=[] positionInParent=Point(0, 0) parentTaskId=-1 isFocused=true isVisible=false isVisibleRequested=true isSleeping=false topActivityInSizeCompat=false topActivityInMiuiSizeCompat=false topActivityEligibleForLetterboxEducation= false topActivityLetterboxed= false isFromDoubleTap= false topActivityLetterboxVerticalPosition= -1 topActivityLetterboxHorizontalPosition= -1 topActivityLetterboxWidth=-1 topActivityLetterboxHeight=-1 locusId=null displayAreaFeatureId=1 cameraCompatControlState=hidden mIsCastMode=false mTopActivityMediaSize=null mTopActivityRecordName=ActivityRecord{3892b6d u0 com.sexychat.me/com.example.test.MainActivity t535} mTopActivityOrientation=-1 mTopActivityWindowIsNowVisible=false isTranslucent=false isEmbedded=false shouldBeVisible=true mBehindAppLockPkg=null mOriginatingUid=0}, remoteTransition = RemoteTransition { remoteTransition = android.window.IRemoteTransition$Stub$Proxy@692aa40, appThread = null, debugName = null }, displayChange = null }
11-21 18:47:46.531  9210 13292 D PerfEngineController: ForegroundInfo{mForegroundPackageName='com.sexychat.me', mForegroundUid=10510, mForegroundPid=2337, mLastForegroundPackageName='com.miui.home', mLastForegroundUid=10147, mLastForegroundPid=3781, mMultiWindowForegroundPackageName='com.sexychat.me', mMultiWindowForegroundUid=10510, mFlags=0}
11-21 18:47:46.531  3781  5553 D AppObserver: ForegroundInfo{mForegroundPackageName='com.sexychat.me', mForegroundUid=10510, mForegroundPid=2337, mLastForegroundPackageName='com.miui.home', mLastForegroundUid=10147, mLastForegroundPid=3781, mMultiWindowForegroundPackageName='com.sexychat.me', mMultiWindowForegroundUid=10510, mFlags=0}
11-21 18:47:46.531 10132 21052 I GST     : forePkg: com.sexychat.me, preForePkg: com.miui.home
11-21 18:47:46.532  8576 26406 I ProcessMonitor: onForegroundInfoChanged: ForegroundInfo{mForegroundPackageName='com.sexychat.me', mForegroundUid=10510, mForegroundPid=2337, mLastForegroundPackageName='com.miui.home', mLastForegroundUid=10147, mLastForegroundPid=3781, mMultiWindowForegroundPackageName='com.sexychat.me', mMultiWindowForegroundUid=10510, mFlags=0}
11-21 18:47:46.534  8576 26406 I GameBoosterService: onForegroundInfoChanged: Cur=com.sexychat.me	 last=com.miui.home
11-21 18:47:46.534  2153  8666 D CoreBackPreview: Window{8f8648f u0 Splash Screen com.sexychat.me}: Setting back callback OnBackInvokedCallbackInfo{mCallback=android.window.IOnBackInvokedCallback$Stub$Proxy@620baab, mPriority=0, mIsAnimationCallback=false}
11-21 18:47:46.534  4930  4930 I FocusedNotifPromptContr: onTopActivityMayChanged: topActivity=com.sexychat.me
11-21 18:47:46.534  4930  4930 I FocusedNotifPromptContr: topActivityMayChanged: topActivity=com.sexychat.me
11-21 18:47:46.535  4930  4930 D KeyguardEditorHelper: onTopActivityMayChanged, topActivity=ComponentInfo{com.sexychat.me/com.example.test.MainActivity}; mState=IDEL
11-21 18:47:46.536  8576 26406 D GameBoosterService: onGameStatusChange foreground:ForegroundInfo{mForegroundPackageName='com.sexychat.me', mForegroundUid=10510, mForegroundPid=2337, mLastForegroundPackageName='com.miui.home', mLastForegroundUid=10147, mLastForegroundPid=3781, mMultiWindowForegroundPackageName='com.sexychat.me', mMultiWindowForegroundUid=10510, mFlags=0}
11-21 18:47:46.536  8576 26406 I BeautyService: onForegroundInfoChanged: Cur=com.sexychat.me	 last=com.miui.home
11-21 18:47:46.549  4930  5109 D MiuiFullScreenTaskRepository: setFocusedTask taskId=535, displayId=0, topActivity=ComponentInfo{com.sexychat.me/com.example.test.MainActivity}
11-21 18:47:46.549  4930  5109 D MiuiFullScreenTaskRepository: addOrUpdateFullScreenTaskInfo taskId=535, topActivity=ComponentInfo{com.sexychat.me/com.example.test.MainActivity}
11-21 18:47:46.549  2153  2329 I BLASTSyncEngine: SyncGroup 4233:  Unfinished container:ActivityRecord{3892b6d u0 com.sexychat.me/com.example.test.MainActivity t535}
11-21 18:47:46.549  2153  2329 I BLASTSyncEngine: isActivitySyncFinished isSyncFinished false ActivityRecord{3892b6d u0 com.sexychat.me/com.example.test.MainActivity t535}
11-21 18:47:46.565  2153  2329 I SmartPower: com.sexychat.me/10510(2337): invisible->visible(64ms) R(become visible) adj=0.
11-21 18:47:46.565  2153  2329 I WindowManager: wms.showSurfaceRobustly mWin:Window{8f8648f u0 Splash Screen com.sexychat.me}
11-21 18:47:46.565  2153  2329 D WindowManager: Final targets: [Task{6b05836 #535 type=standard A=10510:com.sexychat.me}, Task{c1df46c #1 type=home}]
11-21 18:47:46.567  2153  2329 D WindowManager: Calling onTransitionReady info={id=4233 t=OPEN f=0x0 trk=0 r=[0@Point(0, 0)] c=[{WCT{RemoteToken{87f7db8 Task{6b05836 #535 type=standard A=10510:com.sexychat.me}}} m=TO_FRONT f=MOVE_TO_TOP leash=Surface(name=Task=535#74621)/@0x358c9dd sb=Rect(0, 0 - 1080, 2400) eb=Rect(0, 0 - 1080, 2400) d=0},{WCT{RemoteToken{15548af Task{c1df46c #1 type=home}}} m=TO_BACK f=SHOW_WALLPAPER leash=Surface(name=Task=1#70742)/@0xa4d1d1e sb=Rect(0, 0 - 1080, 2400) eb=Rect(0, 0 - 1080, 2400) d=0}] noAni=[false] df=[false] mk=[false]}, mToken=Token{83d7952 TransitionRecord{99a1169 id=4233 type=OPEN flags=0x0}}
11-21 18:47:46.569  2153  2230 V WindowManager: Sent Transition #4233 createdAt=11-21 18:47:46.501 via request=TransitionRequestInfo { type = OPEN, triggerTask = TaskInfo{userId=0 taskId=535 displayId=0 isRunning=true baseIntent=Intent { flg=0x14100000 cmp=com.sexychat.me/com.example.test.MainActivity } baseActivity=ComponentInfo{com.sexychat.me/com.example.test.MainActivity} topActivity=ComponentInfo{com.sexychat.me/com.example.test.MainActivity} origActivity=null realActivity=ComponentInfo{com.sexychat.me/com.example.test.MainActivity} numActivities=1 lastActiveTime=184260161 supportsSplitScreenMultiWindow=true supportsMultiWindow=true resizeMode=1 isResizeable=true minWidth=-1 minHeight=-1 defaultMinSize=200 token=WCT{RemoteToken{87f7db8 Task{6b05836 #535 type=standard A=10510:com.sexychat.me}}} topActivityType=1 pictureInPictureParams=null shouldDockBigOverlays=false launchIntoPipHostTaskId=-1 lastParentTaskIdBeforePip=-1 displayCutoutSafeInsets=Rect(0, 84 - 0, 0) topActivityInfo=ActivityInfo{48fd423 com.example.test.MainActivity} launchCookies=[] positionInParent=Point(0, 0) parentTaskId=-1 isFocused=true isVisible=false isVisibleRequested=true isSleeping=false topActivityInSizeCompat=false topActivityInMiuiSizeCompat=false topActivityEligibleForLetterboxEducation= false topActivityLetterboxed= false isFromDoubleTap= false topActivityLetterboxVerticalPosition= -1 topActivityLetterboxHorizontalPosition= -1 topActivityLetterboxWidth=-1 topActivityLetterboxHeight=-1 locusId=null displayAreaFeatureId=1 cameraCompatControlState=hidden mIsCastMode=false mTopActivityMediaSize=null mTopActivityRecordName=ActivityRecord{3892b6d u0 com.sexychat.me/com.example.test.MainActivity t535} mTopActivityOrientation=-1 mTopActivityWindowIsNowVisible=false isTranslucent=false isEmbedded=false shouldBeVisible=true mBehindAppLockPkg=null mOriginatingUid=0}, remoteTransition = RemoteTransition { remoteTransition = android.window.IRemoteTransition$Stub$Proxy@9f22d20, appThread = null, debugName = null }, displayChange = null }
11-21 18:47:46.569  2153  2230 V WindowManager:     info={id=4233 t=OPEN f=0x0 trk=0 r=[0@Point(0, 0)] c=[{WCT{RemoteToken{87f7db8 Task{6b05836 #535 type=standard A=10510:com.sexychat.me}}} m=TO_FRONT f=MOVE_TO_TOP leash=Surface(name=Task=535#74621)/@0x358c9dd sb=Rect(0, 0 - 1080, 2400) eb=Rect(0, 0 - 1080, 2400) d=0},{WCT{RemoteToken{15548af Task{c1df46c #1 type=home}}} m=TO_BACK f=SHOW_WALLPAPER leash=Surface(name=Task=1#70742)/@0xa4d1d1e sb=Rect(0, 0 - 1080, 2400) eb=Rect(0, 0 - 1080, 2400) d=0}] noAni=[false] df=[false] mk=[false]}
