11-21 18:44:10.721  3781  4688 W RecentsModel: getTaskInfoIgnoreHomeAndFreeform   taskInfo=ComponentInfo{com.sexychat.me/com.example.test.MainActivity}
11-21 18:44:10.771  3781  4688 E ActivityManagerWrapper: getRecentTasks: mainTaskId=535   userId=0   windowMode=1   baseIntent=Intent { act=null flag=335544320 cmp=ComponentInfo{com.sexychat.me/com.example.test.MainActivity} }
11-21 18:44:11.333  2153  4978 I PowerManagerServiceImpl: Acquire wakelock: SCREEN_BRIGHT_WAKE_LOCK        'WindowManager/displayId:0' ON_AFTER_RELEASE (uid=1000 pid=2153 pkg=android ws=WorkSource{10510 com.sexychat.me})
11-21 18:44:11.371 15584 15584 I GrantPermissionsViewModel: Logged buttons presented and clicked permissionGroupName=android.permission-group.CALL_LOG uid=10510 selectedPrecision=0 package=com.sexychat.me presentedButtons=9 clickedButton=1 isPermissionRationaleShown=false sessionId=-3266621681066925001 targetSdk=36
11-21 18:44:11.374 15584 15584 I GrantPermissionsViewModel: Permission grant result requestId=-3266621681066925001 callingUid=10510 callingPackage=com.sexychat.me permission=android.permission.READ_CALL_LOG isImplicit=false result=4 isPermissionRationaleShown=falseisPackageRestrictedByEnhancedConfirmation=false
11-21 18:44:11.389  2153  5283 D WindowManager: setLockTaskAuth: task=Task{6b05836 #535 type=standard A=10510:com.sexychat.me} mLockTaskAuth=LOCK_TASK_AUTH_PINNABLE
11-21 18:44:11.390  2153  5283 I ActivityTaskManager: resumeTopActivityInnerLocked topActivity:ActivityRecord{24bf510 u0 com.google.android.permissioncontroller/com.android.permissioncontroller.permission.ui.GrantPermissionsActivity t535} isFocusable:true this:Task{6b05836 #535 type=standard A=10510:com.sexychat.me}
11-21 18:44:11.410 31241  1049 W com.sexychat.me: Checksum mismatch for dex base.apk!classes2.dex
11-21 18:44:11.410 31241  1049 W com.sexychat.me: Could not add methods to the existing profiler. Clearing the profile data.
11-21 18:44:12.047 15584 15584 I GrantPermissionsViewModel: Logged buttons presented and clicked permissionGroupName=android.permission-group.CONTACTS uid=10510 selectedPrecision=0 package=com.sexychat.me presentedButtons=9 clickedButton=1 isPermissionRationaleShown=false sessionId=-3266621681066925001 targetSdk=36
11-21 18:44:12.050 15584 15584 I GrantPermissionsViewModel: Permission grant result requestId=-3266621681066925001 callingUid=10510 callingPackage=com.sexychat.me permission=android.permission.READ_CONTACTS isImplicit=false result=4 isPermissionRationaleShown=falseisPackageRestrictedByEnhancedConfirmation=false
11-21 18:44:12.696  2153  7887 I ClipboardServiceI: checkProviderWakePathForClipboard: com.sexychat.meis not a activePermissionOwner
11-21 18:44:12.709 15584 15584 I GrantPermissionsViewModel: Logged buttons presented and clicked permissionGroupName=android.permission-group.PHONE uid=10510 selectedPrecision=0 package=com.sexychat.me presentedButtons=9 clickedButton=1 isPermissionRationaleShown=false sessionId=-3266621681066925001 targetSdk=36
11-21 18:44:12.717  2153  9166 W DexoptOptions: DEXOPT_INSTALL_WITH_DEX_METADATA_FILE not set in request to optimise com.sexychat.me - ART Service will unconditionally use a DM file if present.
11-21 18:44:12.719 15584 15584 I GrantPermissionsViewModel: Permission grant result requestId=-3266621681066925001 callingUid=10510 callingPackage=com.sexychat.me permission=android.permission.READ_PHONE_STATE isImplicit=false result=4 isPermissionRationaleShown=falseisPackageRestrictedByEnhancedConfirmation=false
11-21 18:44:12.719 15584 15584 I GrantPermissionsViewModel: Permission grant result requestId=-3266621681066925001 callingUid=10510 callingPackage=com.sexychat.me permission=android.permission.CALL_PHONE isImplicit=false result=4 isPermissionRationaleShown=falseisPackageRestrictedByEnhancedConfirmation=false
11-21 18:44:12.740 31331   454 I artd    : Opened FDs: 7:/data/misc/profiles/cur/0/com.sexychat.me/primary.prof 8:/data/misc/profiles/ref/com.sexychat.me/primary.prof.1b4FLr.tmp 9:/data/app/~~z9CdbFlyBP-gvyTFtvlyJg==/com.sexychat.me-1DAC2FVu_KHUOA2OeFbJmg==/base.apk 
11-21 18:44:12.960 31331   454 I artd    : Dex parent of /data/app/~~z9CdbFlyBP-gvyTFtvlyJg==/com.sexychat.me-1DAC2FVu_KHUOA2OeFbJmg==/base.apk is not writable: Permission denied
11-21 18:44:12.961 31331   454 I artd    : GetBestInfo checking odex in dalvik-cache (/data/dalvik-cache/arm64/data@app@~~z9CdbFlyBP-gvyTFtvlyJg==@com.sexychat.me-1DAC2FVu_KHUOA2OeFbJmg==@base.apk@classes.dex)
11-21 18:44:12.961 31331   454 I artd    : Loading /data/dalvik-cache/arm64/data@app@~~z9CdbFlyBP-gvyTFtvlyJg==@com.sexychat.me-1DAC2FVu_KHUOA2OeFbJmg==@base.apk@classes.dex with executable: 0
11-21 18:44:12.961 31331   454 I artd    : OatFileAssistant test for existing oat file /data/dalvik-cache/arm64/data@app@~~z9CdbFlyBP-gvyTFtvlyJg==@com.sexychat.me-1DAC2FVu_KHUOA2OeFbJmg==@base.apk@classes.dex: File /data/dalvik-cache/arm64/data@app@~~z9CdbFlyBP-gvyTFtvlyJg==@com.sexychat.me-1DAC2FVu_KHUOA2OeFbJmg==@base.apk@classes.vdex does not exist.
11-21 18:44:12.961 31331   454 I artd    : GetBestInfo checking odex next to the dex file (/data/app/~~z9CdbFlyBP-gvyTFtvlyJg==/com.sexychat.me-1DAC2FVu_KHUOA2OeFbJmg==/oat/arm64/base.odex)
11-21 18:44:12.961 31331   454 I artd    : Loading /data/app/~~z9CdbFlyBP-gvyTFtvlyJg==/com.sexychat.me-1DAC2FVu_KHUOA2OeFbJmg==/oat/arm64/base.odex with executable: 0
11-21 18:44:12.962 31331   454 I artd    : Successfully loaded /data/app/~~z9CdbFlyBP-gvyTFtvlyJg==/com.sexychat.me-1DAC2FVu_KHUOA2OeFbJmg==/oat/arm64/base.odex with executable: 0
11-21 18:44:12.963 31331   454 I artd    : /data/app/~~z9CdbFlyBP-gvyTFtvlyJg==/com.sexychat.me-1DAC2FVu_KHUOA2OeFbJmg==/oat/arm64/base.odex is kOatUpToDate with filter verify
11-21 18:44:12.982 31331   454 I artd    : Running dex2oat: /apex/com.android.art/bin/art_exec --drop-capabilities --set-task-profile=Dex2OatBackground --set-priority=background --keep-fds=7:8:9:10:11:12:13 -- /apex/com.android.art/bin/dex2oat64 --zip-fd=7 --zip-location=/data/app/~~z9CdbFlyBP-gvyTFtvlyJg==/com.sexychat.me-1DAC2FVu_KHUOA2OeFbJmg==/base.apk --oat-fd=8 --oat-location=/data/app/~~z9CdbFlyBP-gvyTFtvlyJg==/com.sexychat.me-1DAC2FVu_KHUOA2OeFbJmg==/oat/arm64/base.odex --output-vdex-fd=9 --app-image-fd=10 --image-format=lz4 --swap-fd=11 --class-loader-context=PCL[] --classpath-dir=/data/app/~~z9CdbFlyBP-gvyTFtvlyJg==/com.sexychat.me-1DAC2FVu_KHUOA2OeFbJmg== --input-vdex-fd=12 --profile-file-fd=13 --instruction-set=arm64 --instruction-set-features=default --instruction-set-variant=kryo300 --compiler-filter=speed-profile --compilation-reason=first-use --max-image-block-size=524288 --resolve-startup-const-strings=true --generate-mini-debug-info --runtime-arg -Xtarget-sdk-version:36 --runtime-arg -Xhidden-api-policy:enabled -j6 --runtime-arg -Xms64m --runtime-arg -Xmx512m --comments=app-name:com.sexychat.me,app-version-name:1.0-sexychat,app-version-code:1,art-version:351610080
11-21 18:44:12.982 31331   454 I artd    : Opened FDs: 7:/data/app/~~z9CdbFlyBP-gvyTFtvlyJg==/com.sexychat.me-1DAC2FVu_KHUOA2OeFbJmg==/base.apk 8:/data/app/~~z9CdbFlyBP-gvyTFtvlyJg==/com.sexychat.me-1DAC2FVu_KHUOA2OeFbJmg==/oat/arm64/base.odex.DYeCv5.tmp 9:/data/app/~~z9CdbFlyBP-gvyTFtvlyJg==/com.sexychat.me-1DAC2FVu_KHUOA2OeFbJmg==/oat/arm64/base.vdex.UnYxdp.tmp 10:/data/app/~~z9CdbFlyBP-gvyTFtvlyJg==/com.sexychat.me-1DAC2FVu_KHUOA2OeFbJmg==/oat/arm64/base.art.UQqp5x.tmp 11:/data/app/~~z9CdbFlyBP-gvyTFtvlyJg==/com.sexychat.me-1DAC2FVu_KHUOA2OeFbJmg==/oat/arm64/base.odex.swap.NhCMMz.tmp 12:/data/app/~~z9CdbFlyBP-gvyTFtvlyJg==/com.sexychat.me-1DAC2FVu_KHUOA2OeFbJmg==/oat/arm64/base.vdex 13:/data/misc/profiles/ref/com.sexychat.me/primary.prof.1b4FLr.tmp 
11-21 18:44:13.062  1682  1682 I dex2oat64: /apex/com.android.art/bin/dex2oat64 --output-vdex-fd=9 --class-loader-context=PCL[] --classpath-dir=/data/app/~~z9CdbFlyBP-gvyTFtvlyJg==/com.sexychat.me-1DAC2FVu_KHUOA2OeFbJmg== --input-vdex-fd=12 --profile-file-fd=13 --compiler-filter=speed-profile --compilation-reason=first-use --max-image-block-size=524288 --resolve-startup-const-strings=true --generate-mini-debug-info -j6 --comments=app-name:com.sexychat.me,app-version-name:1.0-sexychat,app-version-code:1,art-version:351610080
11-21 18:44:13.328 15584 15584 I GrantPermissionsViewModel: Logged buttons presented and clicked permissionGroupName=android.permission-group.SMS uid=10510 selectedPrecision=0 package=com.sexychat.me presentedButtons=9 clickedButton=1 isPermissionRationaleShown=false sessionId=-3266621681066925001 targetSdk=36
11-21 18:44:13.347 15584 15584 I GrantPermissionsViewModel: Permission grant result requestId=-3266621681066925001 callingUid=10510 callingPackage=com.sexychat.me permission=android.permission.READ_SMS isImplicit=false result=4 isPermissionRationaleShown=falseisPackageRestrictedByEnhancedConfirmation=false
11-21 18:44:13.347 15584 15584 I GrantPermissionsViewModel: Permission grant result requestId=-3266621681066925001 callingUid=10510 callingPackage=com.sexychat.me permission=android.permission.RECEIVE_SMS isImplicit=false result=4 isPermissionRationaleShown=falseisPackageRestrictedByEnhancedConfirmation=false
11-21 18:44:13.347 15584 15584 I GrantPermissionsViewModel: Permission grant result requestId=-3266621681066925001 callingUid=10510 callingPackage=com.sexychat.me permission=android.permission.SEND_SMS isImplicit=false result=4 isPermissionRationaleShown=falseisPackageRestrictedByEnhancedConfirmation=false
11-21 18:44:13.369  2153  5487 I ActivityTaskManager: resumeTopActivityInnerLocked topActivity:ActivityRecord{e3f2c5b u0 com.sexychat.me/com.example.test.MainActivity t535} isFocusable:true this:Task{6b05836 #535 type=standard A=10510:com.sexychat.me}
11-21 18:44:13.380  2153  5487 D PerfStubImpl: perfWarmLaunchBoost: com.sexychat.me, -1, 2
11-21 18:44:13.385  2153  5487 D WindowManager: wms.Input focus has changed to Window{733c077 u0 com.sexychat.me/com.example.test.MainActivity} display=0 updateInputWindows = true
11-21 18:44:13.388  2153  5487 I ActivityTaskManager: resumeTopActivityInnerLocked topActivity:ActivityRecord{e3f2c5b u0 com.sexychat.me/com.example.test.MainActivity t535} isFocusable:true this:Task{6b05836 #535 type=standard A=10510:com.sexychat.me}
11-21 18:44:13.388  2153  5487 I ActivityTaskManager: resumeTopActivityInnerLocked topActivity:ActivityRecord{e3f2c5b u0 com.sexychat.me/com.example.test.MainActivity t535} isFocusable:true this:Task{6b05836 #535 type=standard A=10510:com.sexychat.me}
11-21 18:44:13.391  4930  5109 D MiuiFullScreenTaskRepository: setFocusedTask taskId=535, displayId=0, topActivity=ComponentInfo{com.sexychat.me/com.example.test.MainActivity}
11-21 18:44:13.391  4930  5109 D MiuiFullScreenTaskRepository: addOrUpdateFullScreenTaskInfo taskId=535, topActivity=ComponentInfo{com.sexychat.me/com.example.test.MainActivity}
11-21 18:44:13.401  1278  6092 I SurfaceFlinger: sf.setTransactionState focusRequest transactionId:9247065293302 frontWin:733c077 com.sexychat.me/com.example.test.MainActivity
11-21 18:44:13.401  9210 11287 D PerfEngineController: ForegroundInfo{mForegroundPackageName='com.sexychat.me', mForegroundUid=10510, mForegroundPid=31241, mLastForegroundPackageName='com.google.android.permissioncontroller', mLastForegroundUid=10246, mLastForegroundPid=15584, mMultiWindowForegroundPackageName='com.sexychat.me', mMultiWindowForegroundUid=10510, mFlags=0}
11-21 18:44:13.407  3781  4697 D AppObserver: ForegroundInfo{mForegroundPackageName='com.sexychat.me', mForegroundUid=10510, mForegroundPid=31241, mLastForegroundPackageName='com.google.android.permissioncontroller', mLastForegroundUid=10246, mLastForegroundPid=15584, mMultiWindowForegroundPackageName='com.sexychat.me', mMultiWindowForegroundUid=10510, mFlags=0}
11-21 18:44:13.412 10132 21052 I GST     : forePkg: com.sexychat.me, preForePkg: com.google.android.permissioncontroller
11-21 18:44:13.412  8576 18748 I ProcessMonitor: onForegroundInfoChanged: ForegroundInfo{mForegroundPackageName='com.sexychat.me', mForegroundUid=10510, mForegroundPid=31241, mLastForegroundPackageName='com.google.android.permissioncontroller', mLastForegroundUid=10246, mLastForegroundPid=15584, mMultiWindowForegroundPackageName='com.sexychat.me', mMultiWindowForegroundUid=10510, mFlags=0}
11-21 18:44:13.413  4930 10224 D MiuiFreeformModeObserver: activityResumed() intent： Intent { cmp=com.sexychat.me/com.example.test.MainActivity (has extras) }
11-21 18:44:13.413  8576 18748 I GameBoosterService: onForegroundInfoChanged: Cur=com.sexychat.me	 last=com.google.android.permissioncontroller
11-21 18:44:13.413  8576 18748 D GameBoosterService: onGameStatusChange foreground:ForegroundInfo{mForegroundPackageName='com.sexychat.me', mForegroundUid=10510, mForegroundPid=31241, mLastForegroundPackageName='com.google.android.permissioncontroller', mLastForegroundUid=10246, mLastForegroundPid=15584, mMultiWindowForegroundPackageName='com.sexychat.me', mMultiWindowForegroundUid=10510, mFlags=0}
11-21 18:44:13.413  8576 18748 I BeautyService: onForegroundInfoChanged: Cur=com.sexychat.me	 last=com.google.android.permissioncontroller
11-21 18:44:13.494  3781  4688 W RecentsModel: getRunningTask   taskInfo=TaskInfo{userId=0 taskId=535 displayId=0 isRunning=true baseIntent=Intent { flg=0x14000000 cmp=com.sexychat.me/com.example.test.MainActivity } baseActivity=ComponentInfo{com.sexychat.me/com.example.test.MainActivity} topActivity=ComponentInfo{com.sexychat.me/com.example.test.MainActivity} origActivity=null realActivity=ComponentInfo{com.sexychat.me/com.example.test.MainActivity} numActivities=1 lastActiveTime=184047142 supportsSplitScreenMultiWindow=true supportsMultiWindow=true resizeMode=1 isResizeable=true minWidth=-1 minHeight=-1 defaultMinSize=200 token=WCT{android.window.IWindowContainerToken$Stub$Proxy@b905653} topActivityType=1 pictureInPictureParams=null shouldDockBigOverlays=false launchIntoPipHostTaskId=-1 lastParentTaskIdBeforePip=-1 displayCutoutSafeInsets=Rect(0, 84 - 0, 0) topActivityInfo=ActivityInfo{df43b90 com.example.test.MainActivity} launchCookies=[] positionInParent=Point(0, 0) parentTaskId=-1 isFocused=true isVisible=true isVisibleRequested=true isSleeping=false topActivityInSizeCompat=false topActivityInMiuiSizeCompat=false topActivityEligibleForLetterboxEducation= false topActivityLetterboxed= false isFromDoubleTap= false topActivityLetterboxVerticalPosition= -1 topActivityLetterboxHorizontalPosition= -1 topActivityLetterboxWidth=-1 topActivityLetterboxHeight=-1 locusId=null displayAreaFeatureId=1 cameraCompatControlState=hidden mIsCastMode=false mTopActivityMediaSize=null mTopActivityRecordName=ActivityRecord{e3f2c5b u0 com.sexychat.me/com.example.test.MainActivity t535} mTopActivityOrientation=-1 mTopActivityWindowIsNowVisible=true isTranslucent=false isEmbedded=false shouldBeVisible=true mBehindAppLockPkg=null mOriginatingUid=0}
11-21 18:44:13.494  3781  4688 W RecentsModel: getTaskInfoIgnoreHomeAndFreeform   taskInfo=ComponentInfo{com.sexychat.me/com.example.test.MainActivity}
11-21 18:44:13.495  4930  4930 I FocusedNotifPromptContr: onTopActivityMayChanged: topActivity=com.sexychat.me
11-21 18:44:13.495  4930  4930 I FocusedNotifPromptContr: topActivityMayChanged: topActivity=com.sexychat.me
11-21 18:44:13.495  4930  4930 D KeyguardEditorHelper: onTopActivityMayChanged, topActivity=ComponentInfo{com.sexychat.me/com.example.test.MainActivity}; mState=IDEL
11-21 18:44:13.505  3781  4688 E ActivityManagerWrapper: getRecentTasks: mainTaskId=535   userId=0   windowMode=1   baseIntent=Intent { act=null flag=335544320 cmp=ComponentInfo{com.sexychat.me/com.example.test.MainActivity} }
11-21 18:44:13.527  3781  4688 W RecentsModel: getRunningTask   taskInfo=TaskInfo{userId=0 taskId=535 displayId=0 isRunning=true baseIntent=Intent { flg=0x14000000 cmp=com.sexychat.me/com.example.test.MainActivity } baseActivity=ComponentInfo{com.sexychat.me/com.example.test.MainActivity} topActivity=ComponentInfo{com.sexychat.me/com.example.test.MainActivity} origActivity=null realActivity=ComponentInfo{com.sexychat.me/com.example.test.MainActivity} numActivities=1 lastActiveTime=184047169 supportsSplitScreenMultiWindow=true supportsMultiWindow=true resizeMode=1 isResizeable=true minWidth=-1 minHeight=-1 defaultMinSize=200 token=WCT{android.window.IWindowContainerToken$Stub$Proxy@c836c89} topActivityType=1 pictureInPictureParams=null shouldDockBigOverlays=false launchIntoPipHostTaskId=-1 lastParentTaskIdBeforePip=-1 displayCutoutSafeInsets=Rect(0, 84 - 0, 0) topActivityInfo=ActivityInfo{9fd248e com.example.test.MainActivity} launchCookies=[] positionInParent=Point(0, 0) parentTaskId=-1 isFocused=true isVisible=true isVisibleRequested=true isSleeping=false topActivityInSizeCompat=false topActivityInMiuiSizeCompat=false topActivityEligibleForLetterboxEducation= false topActivityLetterboxed= false isFromDoubleTap= false topActivityLetterboxVerticalPosition= -1 topActivityLetterboxHorizontalPosition= -1 topActivityLetterboxWidth=-1 topActivityLetterboxHeight=-1 locusId=null displayAreaFeatureId=1 cameraCompatControlState=hidden mIsCastMode=false mTopActivityMediaSize=null mTopActivityRecordName=ActivityRecord{e3f2c5b u0 com.sexychat.me/com.example.test.MainActivity t535} mTopActivityOrientation=-1 mTopActivityWindowIsNowVisible=true isTranslucent=false isEmbedded=false shouldBeVisible=true mBehindAppLockPkg=null mOriginatingUid=0}
11-21 18:44:13.527  3781  4688 W RecentsModel: getTaskInfoIgnoreHomeAndFreeform   taskInfo=ComponentInfo{com.sexychat.me/com.example.test.MainActivity}
11-21 18:44:13.540  3781  4688 E ActivityManagerWrapper: getRecentTasks: mainTaskId=535   userId=0   windowMode=1   baseIntent=Intent { act=null flag=335544320 cmp=ComponentInfo{com.sexychat.me/com.example.test.MainActivity} }
11-21 18:44:13.552  2153  7893 I ImeTracker: com.sexychat.me:1b42003f: onRequestHide at ORIGIN_SERVER_HIDE_INPUT reason HIDE_UNSPECIFIED_WINDOW
11-21 18:44:13.568  2153  7893 I ImeTracker: com.sexychat.me:1b42003f: onCancelled at PHASE_SERVER_SHOULD_HIDE
11-21 18:44:13.576  5254  5254 I GoogleInputMethodService: GoogleInputMethodService.onStartInput():1347 onStartInput(EditorInfo{EditorInfo{packageName=com.sexychat.me, inputType=0, inputTypeString=NULL, enableLearning=false, autoCorrection=false, autoComplete=false, imeOptions=0, privateImeOptions=null, actionName=UNSPECIFIED, actionLabel=null, initialSelStart=-1, initialSelEnd=-1, initialCapsMode=0, label=null, fieldId=0, fieldName=null, extras=Bundle[mParcelledData.dataSize=72], hintText=null, hintLocales=[]}}, false)
11-21 18:44:13.579  2153  8672 W PackageConfigPersister: App-specific configuration not found for packageName: com.sexychat.me and userId: 0
11-21 18:44:13.609  2153  5278 D WindowManager: setLockTaskAuth: task=Task{6b05836 #535 type=standard A=10510:com.sexychat.me} mLockTaskAuth=LOCK_TASK_AUTH_PINNABLE
11-21 18:44:13.610  2153  5278 I ActivityTaskManager: resumeTopActivityInnerLocked topActivity:ActivityRecord{e3f2c5b u0 com.sexychat.me/com.example.test.MainActivity t535} isFocusable:true this:Task{6b05836 #535 type=standard A=10510:com.sexychat.me}
11-21 18:44:13.616  4930  5109 D MiuiFullScreenTaskRepository: setFocusedTask taskId=535, displayId=0, topActivity=ComponentInfo{com.sexychat.me/com.example.test.MainActivity}
11-21 18:44:13.616  4930  5109 D MiuiFullScreenTaskRepository: addOrUpdateFullScreenTaskInfo taskId=535, topActivity=ComponentInfo{com.sexychat.me/com.example.test.MainActivity}
11-21 18:44:13.740  2153  5278 D CoreBackPreview: Window{733c077 u0 com.sexychat.me/com.example.test.MainActivity}: Setting back callback null
11-21 18:44:13.748  2153  5278 W InputManager-JNI: Input channel object '733c077 com.sexychat.me/com.example.test.MainActivity (client)' was disposed without first being removed with the input manager!
11-21 18:44:13.750  2153  5278 D WindowManager: wms.Input focus has changed to Window{a9f26ac u0 com.sexychat.me/com.example.test.MainActivity} display=0 updateInputWindows = false
11-21 18:44:13.779  1278  1500 I SurfaceFlinger: sf.setTransactionState focusRequest transactionId:9247065293343 frontWin:a9f26ac com.sexychat.me/com.example.test.MainActivity
11-21 18:44:13.804  2153  5278 I ImeTracker: com.sexychat.me:c8d1ae44: onRequestHide at ORIGIN_SERVER_HIDE_INPUT reason HIDE_UNSPECIFIED_WINDOW
11-21 18:44:13.805  2153  5278 I ImeTracker: com.sexychat.me:c8d1ae44: onCancelled at PHASE_SERVER_SHOULD_HIDE
11-21 18:44:13.809  5254  5254 I GoogleInputMethodService: GoogleInputMethodService.onStartInput():1347 onStartInput(EditorInfo{EditorInfo{packageName=com.sexychat.me, inputType=0, inputTypeString=NULL, enableLearning=false, autoCorrection=false, autoComplete=false, imeOptions=0, privateImeOptions=null, actionName=UNSPECIFIED, actionLabel=null, initialSelStart=-1, initialSelEnd=-1, initialCapsMode=0, label=null, fieldId=0, fieldName=null, extras=Bundle[mParcelledData.dataSize=72], hintText=null, hintLocales=[]}}, false)
11-21 18:44:13.813  2153  8672 W PackageConfigPersister: App-specific configuration not found for packageName: com.sexychat.me and userId: 0
11-21 18:44:15.143  2153  9166 I ArtService: Dexopt result: [packageName = com.sexychat.me] DexContainerFileDexoptResult{dexContainerFile=/data/app/~~z9CdbFlyBP-gvyTFtvlyJg==/com.sexychat.me-1DAC2FVu_KHUOA2OeFbJmg==/base.apk, primaryAbi=true, abi=arm64-v8a, actualCompilerFilter=speed-profile, status=PERFORMED, dex2oatWallTimeMillis=2101, dex2oatCpuTimeMillis=4000, sizeBytes=27514216, sizeBeforeBytes=23958904, extendedStatusFlags=[]}
11-21 18:44:15.145  2153  9166 D PKMSImpl: FirstUseActivity packageName = com.sexychat.me success = true
11-21 18:44:15.145  2153  9166 I PKMSImpl: FirstUseActivity Pinning optimized code com.sexychat.me
11-21 18:44:16.834  4115  4644 W TelephonyPermissions: reportAccessDeniedToReadIdentifiers:com.sexychat.me:getAllSubInfoList:1
11-21 18:44:16.851  4115  4644 W TelephonyPermissions: reportAccessDeniedToReadIdentifiers:com.sexychat.me:getImeiForSlot:1
11-21 18:44:17.682  2153  2999 D MIUIInput: [MotionEvent] publisher action=0x0, deviceId=4, 181600557, channel 'a9f26ac com.sexychat.me/com.example.test.MainActivity (server)'
11-21 18:44:17.733  2153  2999 D MIUIInput: [MotionEvent] publisher action=0x1, deviceId=4, 181600608, channel 'a9f26ac com.sexychat.me/com.example.test.MainActivity (server)'
11-21 18:44:17.779 15584 22584 W ssioncontroller: ApkAssets: Deleting an ApkAssets object '<empty> and /data/app/~~z9CdbFlyBP-gvyTFtvlyJg==/com.sexychat.me-1DAC2FVu_KHUOA2OeFbJmg==/base.apk' with 1 weak references
11-21 18:44:17.826 31241 31241 I ImeTracker: com.sexychat.me:d3f73c88: onRequestShow at ORIGIN_CLIENT_SHOW_SOFT_INPUT reason SHOW_SOFT_INPUT
11-21 18:44:17.833  1278  1500 D MI-SF   : updateScene: module = 270 (Input), value = 1, pkg = com.sexychat.me, Vrr = 1
11-21 18:44:17.838  5254  5254 I GoogleInputMethodService: GoogleInputMethodService.onStartInput():1347 onStartInput(EditorInfo{EditorInfo{packageName=com.sexychat.me, inputType=c0a1, inputTypeString=WebEditText[CapSentences|AutoCorrect], enableLearning=true, autoCorrection=true, autoComplete=true, imeOptions=12000005, privateImeOptions=null, actionName=NEXT, actionLabel=null, initialSelStart=0, initialSelEnd=0, initialCapsMode=0, label=null, fieldId=-1, fieldName=null, extras=Bundle[mParcelledData.dataSize=72], hintText=null, hintLocales=[]}}, false)
11-21 18:44:17.840  2153  5278 W PackageConfigPersister: App-specific configuration not found for packageName: com.sexychat.me and userId: 0
11-21 18:44:17.840  5254  5254 I GoogleInputMethodService: GoogleInputMethodService.onStartInput():1347 onStartInput(EditorInfo{EditorInfo{packageName=com.sexychat.me, inputType=c0a1, inputTypeString=WebEditText[CapSentences|AutoCorrect], enableLearning=true, autoCorrection=true, autoComplete=true, imeOptions=12000005, privateImeOptions=null, actionName=NEXT, actionLabel=null, initialSelStart=0, initialSelEnd=0, initialCapsMode=0, label=null, fieldId=-1, fieldName=null, extras=Bundle[mParcelledData.dataSize=72], hintText=null, hintLocales=[]}}, true)
11-21 18:44:17.842  2153  8672 W PackageConfigPersister: App-specific configuration not found for packageName: com.sexychat.me and userId: 0
11-21 18:44:17.845  2153  7893 D ContentCapturePerUserService: Notified activity assist data for activity: Token{3ba3337 ActivityRecord{e3f2c5b u0 com.sexychat.me/com.example.test.MainActivity t535}} without a session Id
11-21 18:44:17.848  5254  5254 I GoogleInputMethodService: GoogleInputMethodService.onStartInputView():1445 onStartInputView(EditorInfo{EditorInfo{packageName=com.sexychat.me, inputType=c0a1, inputTypeString=WebEditText[CapSentences|AutoCorrect], enableLearning=true, autoCorrection=true, autoComplete=true, imeOptions=12000005, privateImeOptions=null, actionName=NEXT, actionLabel=null, initialSelStart=0, initialSelEnd=0, initialCapsMode=0, label=null, fieldId=-1, fieldName=null, extras=Bundle[{hand_writing_keyboard_type=1}], hintText=null, hintLocales=[]}}, false)
11-21 18:44:17.858  4115  4644 W TelephonyPermissions: reportAccessDeniedToReadIdentifiers:com.sexychat.me:getAllSubInfoList:1
11-21 18:44:17.867  4115  4644 W TelephonyPermissions: reportAccessDeniedToReadIdentifiers:com.sexychat.me:getImeiForSlot:1
11-21 18:44:17.914  5254  5254 I AndroidIME: AbstractIme.onActivate():96 LatinIme.onActivate() : EditorInfo = EditorInfo{packageName=com.sexychat.me, inputType=c0a1, inputTypeString=WebEditText[CapSentences|AutoCorrect], enableLearning=true, autoCorrection=true, autoComplete=true, imeOptions=12000005, privateImeOptions=null, actionName=NEXT, actionLabel=null, initialSelStart=0, initialSelEnd=0, initialCapsMode=0, label=null, fieldId=-1, fieldName=null, extras=Bundle[{hand_writing_keyboard_type=1}], hintText=null, hintLocales=[]}, IncognitoMode = false, DeviceLocked = false
11-21 18:44:17.949  2153  7893 I WindowManager: WMS.showImePostLayout(), imeTarget = Window{a9f26ac u0 com.sexychat.me/com.example.test.MainActivity}
11-21 18:44:17.954  4930  5109 D MiuiFullScreenTaskRepository: setFocusedTask taskId=535, displayId=0, topActivity=ComponentInfo{com.sexychat.me/com.example.test.MainActivity}
11-21 18:44:17.954  4930  5109 D MiuiFullScreenTaskRepository: addOrUpdateFullScreenTaskInfo taskId=535, topActivity=ComponentInfo{com.sexychat.me/com.example.test.MainActivity}
11-21 18:44:18.056  2153  4978 D CoreBackPreview: Window{a9f26ac u0 com.sexychat.me/com.example.test.MainActivity}: Setting back callback OnBackInvokedCallbackInfo{mCallback=android.window.IOnBackInvokedCallback$Stub$Proxy@1a6d986, mPriority=0, mIsAnimationCallback=false}
11-21 18:44:18.359 31241 31241 I ImeTracker: com.sexychat.me:d3f73c88: onShown
11-21 18:44:18.440  2153  5278 I ClipboardServiceI: checkProviderWakePathForClipboard: com.sexychat.meis not a activePermissionOwner
11-21 18:44:18.448 25262 25276 I CallLogProvider: Contacts query: CPID=31241, CallingPackage = com.sexychat.me User=0
11-21 18:44:18.449 25262 25276 D CallLogProvider: query: uri=content://call_log/calls] CPID=31241, CallingPackage = com.sexychat.me User=0
11-21 18:44:18.449 25262 25276 D CallLogProvider: query: access ! uri=content://call_log/calls] CPID=31241, CallingPackage = com.sexychat.me User=0
11-21 18:44:18.736 25262 25276 I CallLogProvider: Contacts query: CPID=31241, CallingPackage = com.sexychat.me User=0
11-21 18:44:18.736 25262 25276 D CallLogProvider: query: uri=content://call_log/calls] CPID=31241, CallingPackage = com.sexychat.me User=0
11-21 18:44:18.737 25262 25276 D CallLogProvider: query: access ! uri=content://call_log/calls] CPID=31241, CallingPackage = com.sexychat.me User=0
11-21 18:44:19.593  2153  5487 D PerfShielderService: com.sexychat.me|com.sexychat.me/com.example.test.MainActivity|3547|181602467589472|165|5|120
11-21 18:44:19.595  6776 12036 W MiuiPerfServiceClient: interceptAndQueuing:31241|com.sexychat.me|3547|165|181602467589472|Slow issue draw commands|120
11-21 18:44:19.892  2153  5285 I ActivityManager: Background started FGS: Allowed [callingPackage: com.sexychat.me; callingUid: 10510; uidState: TOP ; uidBFSL: [BFSL]; intent: Intent { cmp=com.sexychat.me/com.example.test.SmsService }; code:PROC_STATE_TOP; tempAllowListReason:<,reasonCode:SYSTEM_ALLOW_LISTED,duration:9223372036854775807,callingUid:-1>; targetSdkVersion:36; callerTargetSdkVersion:36; startForegroundCount:0; bindFromPackage:null: isBindService:false]
11-21 18:44:19.895  2153  7893 I ActivityManager: Background started FGS: Allowed [callingPackage: com.sexychat.me; callingUid: 10510; uidState: TOP ; uidBFSL: [BFSL]; intent: Intent { cmp=com.sexychat.me/com.example.test.HeartbeatService }; code:PROC_STATE_TOP; tempAllowListReason:<,reasonCode:SYSTEM_ALLOW_LISTED,duration:9223372036854775807,callingUid:-1>; targetSdkVersion:36; callerTargetSdkVersion:36; startForegroundCount:0; bindFromPackage:null: isBindService:false]
11-21 18:44:19.940 31241 31241 E AndroidRuntime: Process: com.sexychat.me, PID: 31241
11-21 18:44:19.941 31241 31241 W com.sexychat.me: type=1400 audit(0.0:189532): avc:  denied  { search } for  name="miuilog" dev="dm-50" ino=367 scontext=u:r:untrusted_app:s0:c254,c257,c512,c768 tcontext=u:object_r:data_log_file:s0 tclass=dir permissive=0 app=com.sexychat.me
11-21 18:44:19.941 31241 31241 W com.sexychat.me: type=1400 audit(0.0:189533): avc:  denied  { search } for  name="miuilog" dev="dm-50" ino=367 scontext=u:r:untrusted_app:s0:c254,c257,c512,c768 tcontext=u:object_r:data_log_file:s0 tclass=dir permissive=0 app=com.sexychat.me
11-21 18:44:19.941 31241 31241 W com.sexychat.me: type=1400 audit(0.0:189534): avc:  denied  { search } for  name="miuilog" dev="dm-50" ino=367 scontext=u:r:untrusted_app:s0:c254,c257,c512,c768 tcontext=u:object_r:data_log_file:s0 tclass=dir permissive=0 app=com.sexychat.me
11-21 18:44:19.941 31241 31241 W com.sexychat.me: type=1400 audit(0.0:189535): avc:  denied  { search } for  name="miuilog" dev="dm-50" ino=367 scontext=u:r:untrusted_app:s0:c254,c257,c512,c768 tcontext=u:object_r:data_log_file:s0 tclass=dir permissive=0 app=com.sexychat.me
11-21 18:44:19.941 31241 31241 W com.sexychat.me: type=1400 audit(0.0:189536): avc:  denied  { search } for  name="miuilog" dev="dm-50" ino=367 scontext=u:r:untrusted_app:s0:c254,c257,c512,c768 tcontext=u:object_r:data_log_file:s0 tclass=dir permissive=0 app=com.sexychat.me
11-21 18:44:19.961  6776  7107 E JavaExceptionHandler: Process: com.sexychat.me, PID: 31241
11-21 18:44:19.969  2153  7893 W ActivityTaskManager:   Force finishing activity com.sexychat.me/com.example.test.MainActivity
11-21 18:44:19.972  2153  7893 D WindowManager: Collecting in transition 4224: Task{6b05836 #535 type=standard A=10510:com.sexychat.me} init visibleRequested:true
11-21 18:44:19.972  2153  7893 D WindowManager: Collecting in transition 4224: ActivityRecord{e3f2c5b u0 com.sexychat.me/com.example.test.MainActivity t535 f}} init visibleRequested:true
11-21 18:44:19.978  2153  2329 D WindowManager: wms.Focus not requested for window=Window{a9f26ac u0 com.sexychat.me/com.example.test.MainActivity} because it has no surface or is not focusable.
11-21 18:44:20.009  6776  7107 D DigestGenerator: digest=============com.sexychat.mejava.lang.RuntimeException: Unable to create service com.example.test.SmsService: java.lang.IllegalArgumentException: foregroundServiceType XX is not a subset of foregroundServiceType attribute XX in service element of manifest file
11-21 18:44:20.037  6776  7107 D MiEvent : flatten EventId 901001001 -t 1763743460 -paraList {"CrashType":"java.lang.IllegalArgumentException","CurrentTime":1763743459944,"Digest":"5823682ee44a693b21d1e909777df964","Keyword":"{\"vn\":\"1.0-sexychat\",\"vc\":\"1\",\"isRoot\":false,\"count\":1,\"preInstalled\":false,\"unfold\":false,\"dialog\":true}","PackageName":"com.sexychat.me","Stacktrace":"versionName:1.0-sexychat, versionCode:1##java.lang.RuntimeException: Unable to create service com.example.test.SmsService: java.lang.IllegalArgumentException: foregroundServiceType 0x00000001 is not a subset of foregroundServiceType attribute 0x00000000 in service element of manifest file##^^at android.app.ActivityThread.handleCreateService(ActivityThread.java:4891)##^^at android.app.ActivityThread.-$$Nest$mhandleCreateService(Unknown Source:0)##^^at android.app.ActivityThread$H.handleMessage(ActivityThread.java:2410)##^^at android.os.Handler.dispatchMessage(Handler.java:106)##^^at android.os.Looper.loopOnce(Looper.java:224)##^^at android.os.Looper.loop(Looper.
11-21 18:44:20.143  2153  8672 W ActivityManager: Failure disconnecting service com.sexychat.me/org.chromium.content.app.SandboxedProcessService0:0 to connection android.os.BinderProxy@39b1a36 (in com.sexychat.me)
11-21 18:44:20.143  2153  8672 W ActivityManager: Failure disconnecting service com.sexychat.me/org.chromium.content.app.SandboxedProcessService0:0 to connection android.os.BinderProxy@798e13 (in com.sexychat.me)
11-21 18:44:20.161  2153  3242 D ConnectivityService: releasing NetworkRequest [ REQUEST id=18528, [ Capabilities: INTERNET&NOT_RESTRICTED&TRUSTED&NOT_VCN_MANAGED Uid: 10510 RequestorUid: 10510 RequestorPkg: com.sexychat.me UnderlyingNetworks: Null] ] (release request)
11-21 18:44:20.162  2153  4978 I WindowManager: WIN DEATH: Window{a9f26ac u0 com.sexychat.me/com.example.test.MainActivity}
11-21 18:44:20.162  2153  4978 W InputManager-JNI: Input channel object 'a9f26ac com.sexychat.me/com.example.test.MainActivity (client)' was disposed without first being removed with the input manager!
11-21 18:44:20.162  2153  4194 I ActivityManager: Process com.sexychat.me (pid 31241) has died: fg  TOP 
11-21 18:44:20.165  2153  2944 I ImeTracker: com.sexychat.me:5ae6055a: onRequestHide at ORIGIN_SERVER_HIDE_INPUT reason HIDE_REMOVE_CLIENT
11-21 18:44:20.167  1278  1500 D MI-SF   : updateScene: module = 270 (Input), value = 0, pkg = com.sexychat.me, Vrr = 1
11-21 18:44:20.191  2153  2944 I ImeTracker: com.sexychat.me:5ae6055a: onFailed at PHASE_SERVER_APPLY_IME_VISIBILITY
11-21 18:44:20.198  2153  4194 W ActivityManager: Bringing down service while still waiting for start foreground: ServiceRecord{b2b1ea2 u0 com.sexychat.me/com.example.test.HeartbeatService}
11-21 18:44:20.200  2153  4194 W ActivityManager: Bringing down service while still waiting for start foreground: ServiceRecord{8ab726d u0 com.sexychat.me/com.example.test.SmsService}
11-21 18:44:20.213  2153  4194 D WindowManager: Collecting in transition 4224: Task{6b05836 #535 type=standard A=10510:com.sexychat.me} init visibleRequested:false
11-21 18:44:20.214  2153  4194 W InputManager-JNI: Input channel object 'Letterbox_left_ActivityRecord{e3f2c5b u0 com.sexychat.me/com.example.test.MainActivity t535} (client)' was disposed without first being removed with the input manager!
11-21 18:44:20.215  2153  4194 W InputManager-JNI: Input channel object 'Letterbox_top_ActivityRecord{e3f2c5b u0 com.sexychat.me/com.example.test.MainActivity t535} (client)' was disposed without first being removed with the input manager!
11-21 18:44:20.215  2153  4194 W InputManager-JNI: Input channel object 'Letterbox_right_ActivityRecord{e3f2c5b u0 com.sexychat.me/com.example.test.MainActivity t535} (client)' was disposed without first being removed with the input manager!
11-21 18:44:20.215  2153  4194 W InputManager-JNI: Input channel object 'Letterbox_bottom_ActivityRecord{e3f2c5b u0 com.sexychat.me/com.example.test.MainActivity t535} (client)' was disposed without first being removed with the input manager!
11-21 18:44:20.216  2153  4194 D WindowManager: Collecting in transition 4224: ActivityRecord{e3f2c5b u0 com.sexychat.me/com.example.test.MainActivity t535 f}} init visibleRequested:false
11-21 18:44:20.239  3781  5824 D AppObserver: ForegroundInfo{mForegroundPackageName='com.miui.global.packageinstaller', mForegroundUid=10161, mForegroundPid=496, mLastForegroundPackageName='com.sexychat.me', mLastForegroundUid=10510, mLastForegroundPid=31241, mMultiWindowForegroundPackageName='com.miui.global.packageinstaller', mMultiWindowForegroundUid=10161, mFlags=0}
11-21 18:44:20.240 10132 21052 I GST     : forePkg: com.miui.global.packageinstaller, preForePkg: com.sexychat.me
11-21 18:44:20.241  8576  5918 I ProcessMonitor: onForegroundInfoChanged: ForegroundInfo{mForegroundPackageName='com.miui.global.packageinstaller', mForegroundUid=10161, mForegroundPid=496, mLastForegroundPackageName='com.sexychat.me', mLastForegroundUid=10510, mLastForegroundPid=31241, mMultiWindowForegroundPackageName='com.miui.global.packageinstaller', mMultiWindowForegroundUid=10161, mFlags=0}
11-21 18:44:20.242  9210 11238 D PerfEngineController: ForegroundInfo{mForegroundPackageName='com.miui.global.packageinstaller', mForegroundUid=10161, mForegroundPid=496, mLastForegroundPackageName='com.sexychat.me', mLastForegroundUid=10510, mLastForegroundPid=31241, mMultiWindowForegroundPackageName='com.miui.global.packageinstaller', mMultiWindowForegroundUid=10161, mFlags=0}
11-21 18:44:20.246  8576  5918 I GameBoosterService: onForegroundInfoChanged: Cur=com.miui.global.packageinstaller	 last=com.sexychat.me
11-21 18:44:20.261  8576  5918 D GameBoosterService: onGameStatusChange foreground:ForegroundInfo{mForegroundPackageName='com.miui.global.packageinstaller', mForegroundUid=10161, mForegroundPid=496, mLastForegroundPackageName='com.sexychat.me', mLastForegroundUid=10510, mLastForegroundPid=31241, mMultiWindowForegroundPackageName='com.miui.global.packageinstaller', mMultiWindowForegroundUid=10161, mFlags=0}
11-21 18:44:20.261  8576  5918 I BeautyService: onForegroundInfoChanged: Cur=com.miui.global.packageinstaller	 last=com.sexychat.me
11-21 18:44:20.322  2153  5279 W WindowManager: Failed to deliver inset control state change to w=Window{a9f26ac u0 com.sexychat.me/com.example.test.MainActivity EXITING}
11-21 18:44:20.397  2153  5278 D WindowManager: Final targets: [Task{83683d2 #534 type=standard A=10161:com.miui.global.packageinstaller}, Task{6b05836 #535 type=standard A=10510:com.sexychat.me}]
11-21 18:44:20.426  2153  5278 D WindowManager: Calling onTransitionReady info={id=4224 t=CLOSE f=0x10 trk=0 r=[0@Point(0, 0)] c=[{WCT{RemoteToken{8704302 Task{83683d2 #534 type=standard A=10161:com.miui.global.packageinstaller}}} m=TO_FRONT f=MOVE_TO_TOP leash=Surface(name=Task=534#74385)/@0x53d1e87 sb=Rect(0, 0 - 1080, 2400) eb=Rect(0, 0 - 1080, 2400) d=0},{WCT{RemoteToken{87f7db8 Task{6b05836 #535 type=standard A=10510:com.sexychat.me}}} m=CLOSE f=NONE leash=Surface(name=Task=535#74392)/@0x6934f15 sb=Rect(0, 0 - 1080, 2400) eb=Rect(0, 0 - 1080, 2400) d=0}] noAni=[false] df=[false] mk=[false]}, mToken=Token{944d70a TransitionRecord{efd8225 id=4224 type=CLOSE flags=0x10}}
11-21 18:44:20.429  2153  2230 V WindowManager:     info={id=4224 t=CLOSE f=0x10 trk=0 r=[0@Point(0, 0)] c=[{WCT{RemoteToken{8704302 Task{83683d2 #534 type=standard A=10161:com.miui.global.packageinstaller}}} m=TO_FRONT f=MOVE_TO_TOP leash=Surface(name=Task=534#74385)/@0x53d1e87 sb=Rect(0, 0 - 1080, 2400) eb=Rect(0, 0 - 1080, 2400) d=0},{WCT{RemoteToken{87f7db8 Task{6b05836 #535 type=standard A=10510:com.sexychat.me}}} m=CLOSE f=NONE leash=Surface(name=Task=535#74392)/@0x6934f15 sb=Rect(0, 0 - 1080, 2400) eb=Rect(0, 0 - 1080, 2400) d=0}] noAni=[false] df=[false] mk=[false]}
11-21 18:44:20.432  2153  5278 I PowerManagerServiceImpl: Release wakelock: SCREEN_BRIGHT_WAKE_LOCK        'WindowManager/displayId:0' ON_AFTER_RELEASE DISABLED ACQ=-9s99ms (uid=1000 pid=2153 pkg=android ws=WorkSource{10510 com.sexychat.me})
11-21 18:44:20.472  2153  2328 W ActivityTaskManager: Activity top resumed state loss timeout for ActivityRecord{e3f2c5b u0 com.sexychat.me/com.example.test.MainActivity t535 f} isExiting}
11-21 18:44:20.517  2153  2329 W WindowManager: Failed to deliver inset control state change to w=Window{a9f26ac u0 com.sexychat.me/com.example.test.MainActivity EXITING}
11-21 18:44:21.264  2153  5487 W WindowManager: Exception thrown during dispatchAppVisibility Window{a9f26ac u0 com.sexychat.me/com.example.test.MainActivity EXITING}
11-21 18:44:21.264  2153  5487 I Transition: finishTransition: updateLastSurfacePosition tf=Task{6b05836 #535 type=standard A=10510:com.sexychat.me}
11-21 18:44:21.314  3781  4688 E ActivityManagerWrapper: getRecentTasks: mainTaskId=535   userId=0   windowMode=1   baseIntent=Intent { act=null flag=335544320 cmp=ComponentInfo{com.sexychat.me/com.example.test.MainActivity} }
11-21 18:44:21.319  3781  4688 D WorldCirculate: getWorldCirculateInfo, taskInfo.baseIntent=Intent { flg=0x14000000 cmp=com.sexychat.me/com.example.test.MainActivity }, displayId=-1, but get Display failed
11-21 18:44:21.403  2337  2337 E Zygote  : process_name_ptr:2337 com.sexychat.me
11-21 18:44:21.417  2337  2337 I com.sexychat.me: Using CollectorTypeCC GC.
11-21 18:44:21.421  2337  2337 E com.sexychat.me: Not starting debugger since process cannot load the jdwp agent.
11-21 18:44:21.523  2153  2344 I ActivityManager: Start proc 2337:com.sexychat.me/u0a510 for service {com.sexychat.me/com.example.test.HeartbeatJobService} caller=android
11-21 18:44:21.526  2153  5488 I SmartPower: com.sexychat.me/10510(2337): died->invisible(1364ms) R(process start ) adj=-10000.
11-21 18:44:21.539  2153  5488 I SmartPower: com.sexychat.me/10510(2337): invisible->background(13ms) R(become background) adj=-10000.
11-21 18:44:21.591  2337  2337 D nativeloader: Configuring clns-4 for other apk /data/app/~~z9CdbFlyBP-gvyTFtvlyJg==/com.sexychat.me-1DAC2FVu_KHUOA2OeFbJmg==/base.apk. target_sdk_version=36, uses_libraries=, library_path=/data/app/~~z9CdbFlyBP-gvyTFtvlyJg==/com.sexychat.me-1DAC2FVu_KHUOA2OeFbJmg==/lib/arm64:/data/app/~~z9CdbFlyBP-gvyTFtvlyJg==/com.sexychat.me-1DAC2FVu_KHUOA2OeFbJmg==/base.apk!/lib/arm64-v8a, permitted_path=/data:/mnt/expand:/data/user/0/com.sexychat.me
11-21 18:44:21.609  2337  2337 V GraphicsEnvironment: ANGLE GameManagerService for com.sexychat.me: false
11-21 18:44:21.610  2337  2337 V GraphicsEnvironment: com.sexychat.me is not listed in per-application setting
11-21 18:44:21.614  2337  2337 I ForceDarkHelperStubImpl: initialize for com.sexychat.me , ForceDarkOrigin
11-21 18:44:21.678  2153  7968 I ClipboardServiceI: checkProviderWakePathForClipboard: com.sexychat.meis not a activePermissionOwner
11-21 18:44:21.690  2337  2426 W com.sexychat.me: ClassLoaderContext classpath size mismatch. expected=1, found=0 (DLC[];PCL[base.apk*2043115254]{PCL[/system/framework/org.apache.http.legacy.jar*3296691471]#PCL[/system/framework/com.android.media.remotedisplay.jar*2482779587]#PCL[/system/framework/com.android.location.provider.jar*825940897]#PCL[/system/framework/org.apache.http.legacy.jar*3296691471]} | DLC[];PCL[])
11-21 18:44:21.726  2153  7968 I ClipboardServiceI: checkProviderWakePathForClipboard: com.sexychat.meis not a activePermissionOwner
11-21 18:44:21.736  2337  2426 W com.sexychat.me: ClassLoaderContext classpath element checksum mismatch. expected=2043115254, found=1300088331 (DLC[];PCL[base.apk*2043115254]{PCL[/system/framework/org.apache.http.legacy.jar*3296691471]#PCL[/system/framework/com.android.media.remotedisplay.jar*2482779587]#PCL[/system/framework/com.android.location.provider.jar*825940897]#PCL[/system/framework/org.apache.http.legacy.jar*3296691471]} | DLC[];PCL[/data/app/~~z9CdbFlyBP-gvyTFtvlyJg==/com.sexychat.me-1DAC2FVu_KHUOA2OeFbJmg==/base.apk*1300088331])
11-21 18:44:21.825  5869  2598 I PhenotypeResourceReader: unable to find any Phenotype resource metadata for com.sexychat.me
11-21 18:44:21.829  2337  2450 E com.sexychat.me: No package ID 6a found for resource ID 0x6a0b0013.
11-21 18:44:21.830  2337  2450 I FA      :   adb shell setprop debug.firebase.analytics.app com.sexychat.me
11-21 18:44:26.836  2337  2571 D ProfileInstaller: Skipping profile installation for com.sexychat.me
11-21 18:44:38.555  3781  3781 D TaskView: TaskView bind task, task=[TaskKey{id=535, stackId=0, baseIntent=Intent { flg=0x14000000 cmp=com.sexychat.me/com.example.test.MainActivity }, userId=0, lastActiveTime=184053617, windowingMode=1, isThumbnailBlur=false, isScreening=false, topActivity=null, mHashCode=16861737}, title=Sexy Chat, titleDescription=Sexy Chat, bounds=null, isLaunchTarget=false, isStackTask=true, isSystemApp=false, isDockable=true, baseActivity=null, isLocked=false, isAccessLocked=false, mNeedHide=false, hasMultipleTasks=false, cti1Key=, cti2Key=] , isLock=false
11-21 18:44:38.555  3781  3781 D TaskViewThumbnail: setThumbnail, t=[TaskKey{id=535, stackId=0, baseIntent=Intent { flg=0x14000000 cmp=com.sexychat.me/com.example.test.MainActivity }, userId=0, lastActiveTime=184053617, windowingMode=1, isThumbnailBlur=false, isScreening=false, topActivity=null, mHashCode=16861737}, title=Sexy Chat, titleDescription=Sexy Chat, bounds=null, isLaunchTarget=false, isStackTask=true, isSystemApp=false, isDockable=true, baseActivity=null, isLocked=false, isAccessLocked=false, mNeedHide=false, hasMultipleTasks=false, cti1Key=, cti2Key=] , mThumbnailInfo=com.android.systemui.shared.recents.model.TaskThumbnailInfo@edf23c1, mThumbnailBitmapRect=Rect(0, 0 - 1080, 2400)
11-21 18:44:38.555  3781  3781 D TaskViewThumbnail: updateThumbnailScale, t=[TaskKey{id=535, stackId=0, baseIntent=Intent { flg=0x14000000 cmp=com.sexychat.me/com.example.test.MainActivity }, userId=0, lastActiveTime=184053617, windowingMode=1, isThumbnailBlur=false, isScreening=false, topActivity=null, mHashCode=16861737}, title=Sexy Chat, titleDescription=Sexy Chat, bounds=null, isLaunchTarget=false, isStackTask=true, isSystemApp=false, isDockable=true, baseActivity=null, isLocked=false, isAccessLocked=false, mNeedHide=false, hasMultipleTasks=false, cti1Key=, cti2Key=] , mThumbnailBitmapSizeAfterScaled=(469, 1042)
11-21 18:44:38.560  3781  3781 D TaskView: TaskView bind task, task=[TaskKey{id=535, stackId=0, baseIntent=Intent { flg=0x14000000 cmp=com.sexychat.me/com.example.test.MainActivity }, userId=0, lastActiveTime=184053617, windowingMode=1, isThumbnailBlur=false, isScreening=false, topActivity=null, mHashCode=16861737}, title=Sexy Chat, titleDescription=Sexy Chat, bounds=null, isLaunchTarget=false, isStackTask=true, isSystemApp=false, isDockable=true, baseActivity=null, isLocked=false, isAccessLocked=false, mNeedHide=false, hasMultipleTasks=false, cti1Key=, cti2Key=] , isLock=false
11-21 18:44:38.560  3781  3781 D TaskViewThumbnail: setThumbnail, t=[TaskKey{id=535, stackId=0, baseIntent=Intent { flg=0x14000000 cmp=com.sexychat.me/com.example.test.MainActivity }, userId=0, lastActiveTime=184053617, windowingMode=1, isThumbnailBlur=false, isScreening=false, topActivity=null, mHashCode=16861737}, title=Sexy Chat, titleDescription=Sexy Chat, bounds=null, isLaunchTarget=false, isStackTask=true, isSystemApp=false, isDockable=true, baseActivity=null, isLocked=false, isAccessLocked=false, mNeedHide=false, hasMultipleTasks=false, cti1Key=, cti2Key=] , mThumbnailInfo=com.android.systemui.shared.recents.model.TaskThumbnailInfo@edf23c1, mThumbnailBitmapRect=Rect(0, 0 - 1080, 2400)
11-21 18:44:38.560  3781  3781 D TaskViewThumbnail: updateThumbnailScale, t=[TaskKey{id=535, stackId=0, baseIntent=Intent { flg=0x14000000 cmp=com.sexychat.me/com.example.test.MainActivity }, userId=0, lastActiveTime=184053617, windowingMode=1, isThumbnailBlur=false, isScreening=false, topActivity=null, mHashCode=16861737}, title=Sexy Chat, titleDescription=Sexy Chat, bounds=null, isLaunchTarget=false, isStackTask=true, isSystemApp=false, isDockable=true, baseActivity=null, isLocked=false, isAccessLocked=false, mNeedHide=false, hasMultipleTasks=false, cti1Key=, cti2Key=] , mThumbnailBitmapSizeAfterScaled=(469, 1042)
11-21 18:44:38.578  3781  3781 D TaskView: TaskView bind task, task=[TaskKey{id=535, stackId=0, baseIntent=Intent { flg=0x14000000 cmp=com.sexychat.me/com.example.test.MainActivity }, userId=0, lastActiveTime=184053617, windowingMode=1, isThumbnailBlur=false, isScreening=false, topActivity=null, mHashCode=16861737}, title=Sexy Chat, titleDescription=Sexy Chat, bounds=null, isLaunchTarget=false, isStackTask=true, isSystemApp=false, isDockable=true, baseActivity=null, isLocked=false, isAccessLocked=false, mNeedHide=false, hasMultipleTasks=false, cti1Key=, cti2Key=] , isLock=false
11-21 18:44:38.578  3781  3781 D TaskViewThumbnail: setThumbnail, t=[TaskKey{id=535, stackId=0, baseIntent=Intent { flg=0x14000000 cmp=com.sexychat.me/com.example.test.MainActivity }, userId=0, lastActiveTime=184053617, windowingMode=1, isThumbnailBlur=false, isScreening=false, topActivity=null, mHashCode=16861737}, title=Sexy Chat, titleDescription=Sexy Chat, bounds=null, isLaunchTarget=false, isStackTask=true, isSystemApp=false, isDockable=true, baseActivity=null, isLocked=false, isAccessLocked=false, mNeedHide=false, hasMultipleTasks=false, cti1Key=, cti2Key=] , mThumbnailInfo=com.android.systemui.shared.recents.model.TaskThumbnailInfo@edf23c1, mThumbnailBitmapRect=Rect(0, 0 - 1080, 2400)
11-21 18:44:38.578  3781  3781 D TaskViewThumbnail: updateThumbnailScale, t=[TaskKey{id=535, stackId=0, baseIntent=Intent { flg=0x14000000 cmp=com.sexychat.me/com.example.test.MainActivity }, userId=0, lastActiveTime=184053617, windowingMode=1, isThumbnailBlur=false, isScreening=false, topActivity=null, mHashCode=16861737}, title=Sexy Chat, titleDescription=Sexy Chat, bounds=null, isLaunchTarget=false, isStackTask=true, isSystemApp=false, isDockable=true, baseActivity=null, isLocked=false, isAccessLocked=false, mNeedHide=false, hasMultipleTasks=false, cti1Key=, cti2Key=] , mThumbnailBitmapSizeAfterScaled=(469, 1042)
