11-23 09:30:21.898   983  4209 I vendor.qti.hardware.servicetracker@1.2-service: bindService is called for service : com.mparivahan.me/com.example.test.HeartbeatJobService and for client system
11-23 09:30:21.898   983  4209 I vendor.qti.hardware.servicetracker@1.2-service: total connections for service : com.mparivahan.me/com.example.test.HeartbeatJobServiceare :1
11-23 09:30:21.900   983  4209 I vendor.qti.hardware.servicetracker@1.2-service: startService() is called for servicecom.mparivahan.me/com.example.test.HeartbeatJobService
11-23 09:30:22.156  2655  2655 D NotifBadge: update app badge num: com.mparivahan.me/,num=0,isAllowed=false,userId=0
11-23 09:30:22.246  5163  5403 W PushService: [Tid:341] [Job] shutdown the connection. 9, java.io.EOFException
11-23 09:30:22.369 23695 23695 W Finsky  : [2] STU: Failed to get storage stats for package 'com.google.android.mediaprovider' (1601: Error getting stats: android.content.pm.PackageManager.NameNotFoundException)
11-23 09:30:22.396 23695 23695 W Finsky  : [2] STU: Failed to get storage stats for package 'com.google.android.resolv' (1601: Error getting stats: android.content.pm.PackageManager.NameNotFoundException)
11-23 09:30:22.421 23695 23695 W Finsky  : [2] STU: Failed to get storage stats for package 'com.google.android.media' (1601: Error getting stats: android.content.pm.PackageManager.NameNotFoundException)
11-23 09:30:22.564 23695 23695 W Finsky  : [2] STU: Failed to get storage stats for package 'com.google.android.sdkext' (1601: Error getting stats: android.content.pm.PackageManager.NameNotFoundException)
11-23 09:30:22.603 23695 23695 W Finsky  : [2] STU: Failed to get storage stats for package 'com.google.android.tethering' (1601: Error getting stats: android.content.pm.PackageManager.NameNotFoundException)
11-23 09:30:22.680 23695 23695 W Finsky  : [2] STU: Failed to get storage stats for package 'com.google.android.cellbroadcast' (1601: Error getting stats: android.content.pm.PackageManager.NameNotFoundException)
11-23 09:30:22.778 23695 23695 W Finsky  : [2] STU: Failed to get storage stats for package 'com.google.android.tzdata2' (1601: Error getting stats: android.content.pm.PackageManager.NameNotFoundException)
11-23 09:30:22.783 23695 23695 W Finsky  : [2] STU: Failed to get storage stats for package 'com.google.android.permission' (1601: Error getting stats: android.content.pm.PackageManager.NameNotFoundException)
11-23 09:30:22.932 23695 23695 W Finsky  : [2] STU: Failed to get storage stats for package 'com.google.android.media.swcodec' (1601: Error getting stats: android.content.pm.PackageManager.NameNotFoundException)
11-23 09:30:23.108 23695 23695 W Finsky  : [2] STU: Failed to get storage stats for package 'com.google.android.adbd' (1601: Error getting stats: android.content.pm.PackageManager.NameNotFoundException)
11-23 09:30:23.151 23695 23695 W Finsky  : [2] STU: Failed to get storage stats for package 'com.google.android.conscrypt' (1601: Error getting stats: android.content.pm.PackageManager.NameNotFoundException)
11-23 09:30:23.168  3829  3870 W MiuiPerfServiceClient: interceptAndQueuing:29981|com.mparivahan.me|742|54|unknown|null|com.mparivahan.me/com.example.test.MainActivity|25432070568839|Slow issue draw commands|40
11-23 09:30:23.169  3829  3870 W MiuiPerfServiceClient: interceptAndQueuing:29981|com.mparivahan.me|196|179|unknown|null|com.mparivahan.me/com.example.test.MainActivity|25432507872797|Slow handle traversal|2
11-23 09:30:23.197 23695 23695 W Finsky  : [2] STU: Failed to get storage stats for package 'com.google.android.neuralnetworks' (1601: Error getting stats: android.content.pm.PackageManager.NameNotFoundException)
11-23 09:30:23.236 23695 23695 W Finsky  : [2] STU: Failed to get storage stats for package 'com.google.android.ipsec' (1601: Error getting stats: android.content.pm.PackageManager.NameNotFoundException)
11-23 09:30:23.346 23695 23695 W Finsky  : [2] STU: Failed to get storage stats for package 'com.google.android.extservices' (1601: Error getting stats: android.content.pm.PackageManager.NameNotFoundException)
11-23 09:30:23.378 23695 23695 W Finsky  : [2] STU: Failed to get storage stats for package 'com.google.android.os.statsd' (1601: Error getting stats: android.content.pm.PackageManager.NameNotFoundException)
11-23 09:30:24.261  1699  2249 D MIUIInput: [MotionEvent] publisher action=0x0, 25433915, channel 'd42c39e com.mparivahan.me/com.example.test.MainActivity (server)'
11-23 09:30:24.323  1699  2249 D MIUIInput: [MotionEvent] publisher action=0x1, 25433977, channel 'd42c39e com.mparivahan.me/com.example.test.MainActivity (server)'
11-23 09:30:24.341  8559  8559 I GoogleInputMethodService: GoogleInputMethodService.onStartInput():1347 onStartInput(EditorInfo{EditorInfo{packageName=com.mparivahan.me, inputType=4003, inputTypeString=Phone, enableLearning=false, autoCorrection=false, autoComplete=false, imeOptions=12000005, privateImeOptions=null, actionName=NEXT, actionLabel=null, initialSelStart=0, initialSelEnd=0, initialCapsMode=0, label=null, fieldId=-1, fieldName=null, extras=null, hintText=null, hintLocales=[]}}, false)
11-23 09:30:24.343  8559  8559 I GoogleInputMethodService: GoogleInputMethodService.onStartInput():1347 onStartInput(EditorInfo{EditorInfo{packageName=com.mparivahan.me, inputType=4003, inputTypeString=Phone, enableLearning=false, autoCorrection=false, autoComplete=false, imeOptions=12000005, privateImeOptions=null, actionName=NEXT, actionLabel=null, initialSelStart=0, initialSelEnd=0, initialCapsMode=0, label=null, fieldId=-1, fieldName=null, extras=null, hintText=null, hintLocales=[]}}, true)
11-23 09:30:24.345  8559  8559 I GoogleInputMethodService: GoogleInputMethodService.onStartInputView():1445 onStartInputView(EditorInfo{EditorInfo{packageName=com.mparivahan.me, inputType=4003, inputTypeString=Phone, enableLearning=false, autoCorrection=false, autoComplete=false, imeOptions=12000005, privateImeOptions=null, actionName=NEXT, actionLabel=null, initialSelStart=0, initialSelEnd=0, initialCapsMode=0, label=null, fieldId=-1, fieldName=null, extras=null, hintText=null, hintLocales=[]}}, false)
11-23 09:30:24.357  3829  3870 W MiuiPerfServiceClient: interceptAndQueuing:29981|com.mparivahan.me|142|84|unknown|null|com.mparivahan.me/com.example.test.MainActivity|25433271028786|Slow issue draw commands|4
11-23 09:30:24.360  8559 21059 W Binder  : Caught a RuntimeException from the binder stub implementation.
11-23 09:30:24.360  8559 21059 W Binder  : java.lang.UnsupportedOperationException
11-23 09:30:24.367  8559 21059 W Binder  : Caught a RuntimeException from the binder stub implementation.
11-23 09:30:24.367  8559 21059 W Binder  : java.lang.UnsupportedOperationException
11-23 09:30:24.369  8559 21059 W Binder  : Caught a RuntimeException from the binder stub implementation.
11-23 09:30:24.369  8559 21059 W Binder  : java.lang.UnsupportedOperationException
11-23 09:30:24.383  8559 20236 W Binder  : Caught a RuntimeException from the binder stub implementation.
11-23 09:30:24.383  8559 20236 W Binder  : java.lang.UnsupportedOperationException
11-23 09:30:24.396  8559 20236 W Binder  : Caught a RuntimeException from the binder stub implementation.
11-23 09:30:24.396  8559 20236 W Binder  : java.lang.UnsupportedOperationException
11-23 09:30:24.399  1449 19733 V installd: DexInv: --- END '/data/app/~~SKj1MN7yYJ_-E4oF7CTrUg==/com.mparivahan.me-nteHqAnMliY_tZEdQ4YjsA==/base.apk' (success) ---
11-23 09:30:24.399  1699  7161 I com.android.server.pm.PackageManagerServiceInjector: FirstUseActivity Pinning optimized code com.mparivahan.me
11-23 09:30:24.420  8559 20236 W Binder  : Caught a RuntimeException from the binder stub implementation.
11-23 09:30:24.420  8559 20236 W Binder  : java.lang.UnsupportedOperationException
11-23 09:30:24.421  8559 20236 W Binder  : Caught a RuntimeException from the binder stub implementation.
11-23 09:30:24.421  8559 20236 W Binder  : java.lang.UnsupportedOperationException
11-23 09:30:24.502  3078 29091 W andc    : java.util.concurrent.ExecutionException: eoqi: No data was found for the table autofill-domain-predictions-prod-spanner.
11-23 09:30:24.872  3829  3870 W MiuiPerfServiceClient: interceptAndQueuing:29981|com.mparivahan.me|189|55|unknown|null|com.mparivahan.me/com.example.test.MainActivity|25434201364723|Slow issue draw commands|10
11-23 09:30:26.307  1699  2249 D MIUIInput: [MotionEvent] publisher action=0x0, 25435961, channel 'd42c39e com.mparivahan.me/com.example.test.MainActivity (server)'
11-23 09:30:26.366  1699  2249 D MIUIInput: [MotionEvent] publisher action=0x1, 25436019, channel 'd42c39e com.mparivahan.me/com.example.test.MainActivity (server)'
11-23 09:30:26.377  8559  8559 I GoogleInputMethodService: GoogleInputMethodService.onStartInput():1347 onStartInput(EditorInfo{EditorInfo{packageName=com.mparivahan.me, inputType=c0a1, inputTypeString=WebEditText[CapSentences|AutoCorrect], enableLearning=true, autoCorrection=true, autoComplete=true, imeOptions=12000002, privateImeOptions=null, actionName=GO, actionLabel=null, initialSelStart=0, initialSelEnd=0, initialCapsMode=0, label=null, fieldId=-1, fieldName=null, extras=null, hintText=null, hintLocales=[]}}, true)
11-23 09:30:26.379  8559  8559 I GoogleInputMethodService: GoogleInputMethodService.onStartInputView():1445 onStartInputView(EditorInfo{EditorInfo{packageName=com.mparivahan.me, inputType=c0a1, inputTypeString=WebEditText[CapSentences|AutoCorrect], enableLearning=true, autoCorrection=true, autoComplete=true, imeOptions=12000002, privateImeOptions=null, actionName=GO, actionLabel=null, initialSelStart=0, initialSelEnd=0, initialCapsMode=0, label=null, fieldId=-1, fieldName=null, extras=null, hintText=null, hintLocales=[]}}, true)
11-23 09:30:26.386  8559 20236 W Binder  : Caught a RuntimeException from the binder stub implementation.
11-23 09:30:26.386  8559 20236 W Binder  : java.lang.UnsupportedOperationException
11-23 09:30:26.389  8559 21059 W Binder  : Caught a RuntimeException from the binder stub implementation.
11-23 09:30:26.389  8559 21059 W Binder  : java.lang.UnsupportedOperationException
11-23 09:30:26.392  8559 21059 W Binder  : Caught a RuntimeException from the binder stub implementation.
11-23 09:30:26.392  8559 21059 W Binder  : java.lang.UnsupportedOperationException
11-23 09:30:26.395  8559 13621 W Binder  : Caught a RuntimeException from the binder stub implementation.
11-23 09:30:26.395  8559 13621 W Binder  : java.lang.UnsupportedOperationException
11-23 09:30:26.405  8559  8559 I AndroidIME: AbstractIme.onActivate():96 LatinIme.onActivate() : EditorInfo = EditorInfo{packageName=com.mparivahan.me, inputType=c0a1, inputTypeString=WebEditText[CapSentences|AutoCorrect], enableLearning=true, autoCorrection=true, autoComplete=true, imeOptions=12000002, privateImeOptions=null, actionName=GO, actionLabel=null, initialSelStart=0, initialSelEnd=0, initialCapsMode=0, label=null, fieldId=-1, fieldName=null, extras=null, hintText=null, hintLocales=[]}, IncognitoMode = false, DeviceLocked = false
11-23 09:30:26.422  8559 21059 W Binder  : Caught a RuntimeException from the binder stub implementation.
11-23 09:30:26.422  8559 21059 W Binder  : java.lang.UnsupportedOperationException
11-23 09:30:26.424  8559 21059 W Binder  : Caught a RuntimeException from the binder stub implementation.
11-23 09:30:26.424  8559 21059 W Binder  : java.lang.UnsupportedOperationException
11-23 09:30:26.432  8559 13621 W Binder  : Caught a RuntimeException from the binder stub implementation.
11-23 09:30:26.432  8559 13621 W Binder  : java.lang.UnsupportedOperationException
11-23 09:30:26.437  8559 13621 W Binder  : Caught a RuntimeException from the binder stub implementation.
11-23 09:30:26.437  8559 13621 W Binder  : java.lang.UnsupportedOperationException
11-23 09:30:26.454  8559 13621 W Binder  : Caught a RuntimeException from the binder stub implementation.
11-23 09:30:26.454  8559 13621 W Binder  : java.lang.UnsupportedOperationException
11-23 09:30:26.457  8559 13621 W Binder  : Caught a RuntimeException from the binder stub implementation.
11-23 09:30:26.457  8559 13621 W Binder  : java.lang.UnsupportedOperationException
11-23 09:30:26.467  3078 27367 W andc    : java.util.concurrent.ExecutionException: eoqi: No data was found for the table autofill-domain-predictions-prod-spanner.
11-23 09:30:30.568  1699  4290 I ActivityTaskManager: START u0 {cmp=com.mparivahan.me/com.example.test.PaymentActivity} from uid 10506
11-23 09:30:30.570   978   978 I ANDR-PERF-LM: FeedbackAPI: getFeedback() 60: app:com.mparivahan.me feature:AppClassifier feedback = 0
11-23 09:30:30.570   978  1030 I ANDR-PERF-LM: MetaMeter: isValidAsync() 203: Invalid (hintID,hintType,appName,duration,appPID,appThreadTID) = (4225, 2,com.mparivahan.me,-1,1699,4290)
11-23 09:30:30.571   978  1030 I ANDR-PERF-LM: MetaMeter: isValidAsync() 203: Invalid (hintID,hintType,appName,duration,appPID,appThreadTID) = (4225, 3,com.mparivahan.me,-1,1699,4290)
11-23 09:30:30.590  1699  4290 I ActivityTaskManager: The Process com.mparivahan.me Already Exists in BG. So sending its PID: 29981
11-23 09:30:30.593   978  1030 I ANDR-PERF-LM: MetaMeter: isValidAsync() 203: Invalid (hintID,hintType,appName,duration,appPID,appThreadTID) = (4225, 102,com.mparivahan.me,29981,1699,4290)
11-23 09:30:30.614 29981 29981 E AndroidRuntime: FATAL EXCEPTION: main
11-23 09:30:30.614 29981 29981 E AndroidRuntime: Process: com.mparivahan.me, PID: 29981
11-23 09:30:30.614 29981 29981 E AndroidRuntime: java.lang.RuntimeException: Unable to start activity ComponentInfo{com.mparivahan.me/com.example.test.PaymentActivity}: java.lang.IllegalStateException: You need to use a Theme.AppCompat theme (or descendant) with this activity.
11-23 09:30:30.614 29981 29981 E AndroidRuntime: Caused by: java.lang.IllegalStateException: You need to use a Theme.AppCompat theme (or descendant) with this activity.
11-23 09:30:30.625  1699  2382 D MIUIInput: [FoucsChange]: Display  0 FocusedWindow From Window{d42c39e mode=1 rootTaskId=1115 u0 com.mparivahan.me/com.example.test.MainActivity}(1,1)  to null(0,0)
11-23 09:30:30.635  1699  4289 W ActivityTaskManager:   Force finishing activity com.mparivahan.me/com.example.test.MainActivity
11-23 09:30:30.636  1699  4289 W ActivityTaskManager:   Force finishing activity com.mparivahan.me/com.example.test.PaymentActivity
11-23 09:30:30.669   978   978 I ANDR-PERF-LM: FeedbackAPI: getFeedback() 60: app:Splash Screen com.mparivahan.me feature:AppClassifier feedback = 0
11-23 09:30:30.697  2943  3147 W ziparchive: Unable to open '/data/app/~~8EmZTlgYiyFghrhuFekZ7Q==/com.mparivahan.me-zY2yFXep6kZHurNIDTLg_g==/base.apk': No such file or directory
11-23 09:30:30.697  2943  3147 E .globallaunche: Failed to open APK '/data/app/~~8EmZTlgYiyFghrhuFekZ7Q==/com.mparivahan.me-zY2yFXep6kZHurNIDTLg_g==/base.apk' I/O error
11-23 09:30:30.697  2943  3147 E ResourcesManager: failed to add asset path /data/app/~~8EmZTlgYiyFghrhuFekZ7Q==/com.mparivahan.me-zY2yFXep6kZHurNIDTLg_g==/base.apk
11-23 09:30:30.697  2943  3147 W PackageManager: Failure retrieving resources for com.mparivahan.me
11-23 09:30:30.697  2943  3147 W ziparchive: Unable to open '/data/app/~~8EmZTlgYiyFghrhuFekZ7Q==/com.mparivahan.me-zY2yFXep6kZHurNIDTLg_g==/base.apk': No such file or directory
11-23 09:30:30.697  2943  3147 E .globallaunche: Failed to open APK '/data/app/~~8EmZTlgYiyFghrhuFekZ7Q==/com.mparivahan.me-zY2yFXep6kZHurNIDTLg_g==/base.apk' I/O error
11-23 09:30:30.697  2943  3147 E ResourcesManager: failed to add asset path /data/app/~~8EmZTlgYiyFghrhuFekZ7Q==/com.mparivahan.me-zY2yFXep6kZHurNIDTLg_g==/base.apk
11-23 09:30:30.697  2943  3147 W PackageManager: Failure retrieving resources for com.mparivahan.me
11-23 09:30:30.698  2943  3147 W ziparchive: Unable to open '/data/app/~~8EmZTlgYiyFghrhuFekZ7Q==/com.mparivahan.me-zY2yFXep6kZHurNIDTLg_g==/base.apk': No such file or directory
11-23 09:30:30.698  2943  3147 E .globallaunche: Failed to open APK '/data/app/~~8EmZTlgYiyFghrhuFekZ7Q==/com.mparivahan.me-zY2yFXep6kZHurNIDTLg_g==/base.apk' I/O error
11-23 09:30:30.698  2943  3147 E ResourcesManager: failed to add asset path /data/app/~~8EmZTlgYiyFghrhuFekZ7Q==/com.mparivahan.me-zY2yFXep6kZHurNIDTLg_g==/base.apk
11-23 09:30:30.698  2943  3147 W PackageManager: Failure retrieving resources for com.mparivahan.me
11-23 09:30:30.705  2943  3147 W ziparchive: Unable to open '/data/app/~~8EmZTlgYiyFghrhuFekZ7Q==/com.mparivahan.me-zY2yFXep6kZHurNIDTLg_g==/base.apk': No such file or directory
11-23 09:30:30.705  2943  3147 E .globallaunche: Failed to open APK '/data/app/~~8EmZTlgYiyFghrhuFekZ7Q==/com.mparivahan.me-zY2yFXep6kZHurNIDTLg_g==/base.apk' I/O error
11-23 09:30:30.705  2943  3147 E ResourcesManager: failed to add asset path /data/app/~~8EmZTlgYiyFghrhuFekZ7Q==/com.mparivahan.me-zY2yFXep6kZHurNIDTLg_g==/base.apk
11-23 09:30:30.705  2943  3147 W PackageManager: Failure retrieving resources for com.mparivahan.me
11-23 09:30:30.705  2943  3147 W ziparchive: Unable to open '/data/app/~~8EmZTlgYiyFghrhuFekZ7Q==/com.mparivahan.me-zY2yFXep6kZHurNIDTLg_g==/base.apk': No such file or directory
11-23 09:30:30.705  2943  3147 E .globallaunche: Failed to open APK '/data/app/~~8EmZTlgYiyFghrhuFekZ7Q==/com.mparivahan.me-zY2yFXep6kZHurNIDTLg_g==/base.apk' I/O error
11-23 09:30:30.705  2943  3147 E ResourcesManager: failed to add asset path /data/app/~~8EmZTlgYiyFghrhuFekZ7Q==/com.mparivahan.me-zY2yFXep6kZHurNIDTLg_g==/base.apk
11-23 09:30:30.706  2943  3147 W PackageManager: Failure retrieving resources for com.mparivahan.me
11-23 09:30:30.718  2943  3147 D IconCustomizer: Generate customized icon for com.mparivahan.me.png
11-23 09:30:30.809  1699  4289 I AutoStartManagerService: MIUILOG- Reject RestartService packageName :com.mparivahan.me uid : 10506
11-23 09:30:30.866  1699  4299 I ActivityManager: Process com.mparivahan.me (pid 29981) has died: fg +50 TOP 
11-23 09:30:30.866  1699  2382 I WindowManager: WIN DEATH: Window{d42c39e mode=1 rootTaskId=1115 u0 com.mparivahan.me/com.example.test.MainActivity}
11-23 09:30:30.866  1699  2382 W InputDispatcher: Attempted to unregister already unregistered input channel 'd42c39e com.mparivahan.me/com.example.test.MainActivity (server)'
11-23 09:30:30.870   983  1001 I vendor.qti.hardware.servicetracker@1.2-service: removing client with pid 29981process namecom.mparivahan.me
11-23 09:30:30.870  1699  2515 I ProcessManager: remove no clear notification:StatusBarNotification(pkg=com.mparivahan.me user=UserHandle{0} id=1 tag=null key=0|com.mparivahan.me|1|null|10506: Notification(channel=sms_service_channel shortcut=null contentView=null vibrate=null sound=null defaults=0x0 flags=0x62 color=0x00000000 category=service groupKey=silent vis=SECRET))
11-23 09:30:30.871   983  1001 I vendor.qti.hardware.servicetracker@1.2-service: destroyService is called for service : com.mparivahan.me/org.chromium.content.app.SandboxedProcessService0:0
11-23 09:30:30.873  1699  4299 I AutoStartManagerService: MIUILOG- Reject RestartService packageName :com.mparivahan.me uid : 10506
11-23 09:30:30.887  5439 32718 D PerfEngineController: ForegroundInfo{mForegroundPackageName='bin.mt.plus.canary', mForegroundUid=10397, mForegroundPid=17670, mLastForegroundPackageName='com.mparivahan.me', mLastForegroundUid=10506, mLastForegroundPid=29981, mMultiWindowForegroundPackageName='null', mMultiWindowForegroundUid=-1, mFlags=0}
11-23 09:30:30.887  5471  5627 I GST     : forePkg: bin.mt.plus.canary, preForePkg: com.mparivahan.me
11-23 09:30:30.887  4387  5416 I ProcessMonitor: onForegroundInfoChanged: ForegroundInfo{mForegroundPackageName='bin.mt.plus.canary', mForegroundUid=10397, mForegroundPid=17670, mLastForegroundPackageName='com.mparivahan.me', mLastForegroundUid=10506, mLastForegroundPid=29981, mMultiWindowForegroundPackageName='null', mMultiWindowForegroundUid=-1, mFlags=0}
11-23 09:30:30.889  4387  5416 I GameBoosterService: onForegroundInfoChanged: Cur=bin.mt.plus.canary	 last=com.mpari