11-23 09:28:58.563 29628 29652 W m.mparivahan.m: ClassLoaderContext classpath size mismatch. expected=13, found=1 (DLC[];PCL[base.apk*969089183:base.apk!classes2.dex*691224502:base.apk!classes3.dex*2931768057:base.apk!classes4.dex*1218170421:base.apk!classes5.dex*1327028810:base.apk!classes6.dex*3875825732:base.apk!classes7.dex*1003442311:base.apk!classes8.dex*618884312:base.apk!classes9.dex*741264755:base.apk!classes10.dex*2102627728:base.apk!classes11.dex*3659723501:base.apk!classes12.dex*25203385:base.apk!classes13.dex*853840622]{PCL[/system/framework/org.apache.http.legacy.jar*1522375157]#PCL[/apex/com.android.extservices/javalib/android.ext.adservices.jar*1727077579]#PCL[/system/framework/com.android.media.remotedisplay.jar*1573936315]#PCL[/system/framework/com.android.location.provider.jar*1664931834]#PCL[/system/framework/org.apache.http.legacy.jar*1522375157]#PCL[/apex/com.android.extservices/javalib/android.ext.adservices.jar*1727077579]} | DLC[];PCL[/data/app/~~8EmZTlgYiyFghrhuFekZ7Q==/com.mparivahan.me-zY2yFXep6kZHurNIDTLg_g==/base.apk*3709261657]{PCL[/apex/com.android.extservices/javalib/android.ext.adservices.jar*1727077579]})
11-23 09:28:58.564 29628 29652 W m.mparivahan.m: Found duplicated class when checking oat files: 'Landroid/app/AppComponentFactory;' in /data/app/~~8EmZTlgYiyFghrhuFekZ7Q==/com.mparivahan.me-zY2yFXep6kZHurNIDTLg_g==/base.apk and /data/app/~~QH1rf16S126BfBrtir88mA==/com.google.android.gms-cjsXc_nHL0pqUqQW5Ja-UA==/split_MeasurementDynamite_installtime.apk
11-23 09:28:58.670  3078 27367 I PhenotypeResourceReader: unable to find any Phenotype resource metadata for com.mparivahan.me
11-23 09:28:58.795 29628 29671 I FA      :   adb shell setprop debug.firebase.analytics.app com.mparivahan.me
11-23 09:28:59.238 29139 29139 D PI-PackageVerificationReceiver: PackageVerificationReceiver onReceive installingPkgName:  com.mparivahan.me, isReplaceInstall:  true
11-23 09:28:59.241 29139 29139 W MEDIATION-Commons-[Main]: java.lang.ClassNotFoundException: com.xiaomi.mobileads.yandex.YandexAdRenderer
11-23 09:28:59.263 23695 23695 I Finsky  : [2] VerifyApps: Install-time verification requested for package com.mparivahan.me, PackageManager id = 4, Verifier id = 9192587e-f021-4641-8f89-2e4118f39ef6
11-23 09:28:59.322 23695 28583 I Finsky  : [3151] VerifyApps: Anti-malware verification task started for package=com.mparivahan.me
11-23 09:28:59.435 23695 23740 I Finsky  : [2785] VerifyApps: Starting APK Analysis scan for com.mparivahan.me.
11-23 09:28:59.435 23695 23740 I Finsky  : [2785] Scanning package com.mparivahan.me contents with client side protections. File: [EqcBoGTP2UyZSzGjtkPwmDkjx7jOHKhjgTpNtJR9jmk]
11-23 09:28:59.494 23695 23740 I Finsky  : [2785] VerifyApps: APK Analysis scan finished for com.mparivahan.me. Verdict: SAFE
11-23 09:29:00.082 23695 28459 I Finsky  : [3143] VerifyApps: Verification package=com.mparivahan.me, id=4, response=0, upload_requested=true, enable_ecm=false
11-23 09:29:00.083 23695 28459 I Finsky  : [3143] VerifyApps: Verification package=com.mparivahan.me, id=4, upload_requested=true, upload_consent=0
11-23 09:29:00.085 23695 28459 I Finsky  : [3143] VerifyApps: PAM result saving to datastore delayed for package: com.mparivahan.me
11-23 09:29:00.301  8559 21059 W Binder  : Caught a RuntimeException from the binder stub implementation.
11-23 09:29:00.301  8559 21059 W Binder  : java.lang.UnsupportedOperationException
11-23 09:29:00.303  8559 21059 W Binder  : Caught a RuntimeException from the binder stub implementation.
11-23 09:29:00.303  8559 21059 W Binder  : java.lang.UnsupportedOperationException
11-23 09:29:00.304  8559 12956 W Binder  : Caught a RuntimeException from the binder stub implementation.
11-23 09:29:00.304  8559 12956 W Binder  : java.lang.UnsupportedOperationException
11-23 09:29:00.305  8559 21059 W Binder  : Caught a RuntimeException from the binder stub implementation.
11-23 09:29:00.305  8559 21059 W Binder  : java.lang.UnsupportedOperationException
11-23 09:29:13.023 23695 23695 W Finsky  : [2] STU: Failed to get storage stats for package 'com.google.android.mediaprovider' (1601: Error getting stats: android.content.pm.PackageManager.NameNotFoundException)
11-23 09:29:13.030 23695 23695 W Finsky  : [2] STU: Failed to get storage stats for package 'com.google.android.resolv' (1601: Error getting stats: android.content.pm.PackageManager.NameNotFoundException)
11-23 09:29:13.037 23695 23695 W Finsky  : [2] STU: Failed to get storage stats for package 'com.google.android.media' (1601: Error getting stats: android.content.pm.PackageManager.NameNotFoundException)
11-23 09:29:13.075 23695 23695 W Finsky  : [2] STU: Failed to get storage stats for package 'com.google.android.sdkext' (1601: Error getting stats: android.content.pm.PackageManager.NameNotFoundException)
11-23 09:29:13.079 23695 23695 W Finsky  : [2] STU: Failed to get storage stats for package 'com.google.android.tethering' (1601: Error getting stats: android.content.pm.PackageManager.NameNotFoundException)
11-23 09:29:13.101 23695 23695 W Finsky  : [2] STU: Failed to get storage stats for package 'com.google.android.cellbroadcast' (1601: Error getting stats: android.content.pm.PackageManager.NameNotFoundException)
11-23 09:29:13.154 23695 23695 W Finsky  : [2] STU: Failed to get storage stats for package 'com.google.android.tzdata2' (1601: Error getting stats: android.content.pm.PackageManager.NameNotFoundException)
11-23 09:29:13.158 23695 23695 W Finsky  : [2] STU: Failed to get storage stats for package 'com.google.android.permission' (1601: Error getting stats: android.content.pm.PackageManager.NameNotFoundException)
11-23 09:29:13.224 23695 23695 W Finsky  : [2] STU: Failed to get storage stats for package 'com.google.android.media.swcodec' (1601: Error getting stats: android.content.pm.PackageManager.NameNotFoundException)
11-23 09:29:13.268 23695 23695 W Finsky  : [2] STU: Failed to get storage stats for package 'com.google.android.adbd' (1601: Error getting stats: android.content.pm.PackageManager.NameNotFoundException)
11-23 09:29:13.280 23695 23695 W Finsky  : [2] STU: Failed to get storage stats for package 'com.google.android.conscrypt' (1601: Error getting stats: android.content.pm.PackageManager.NameNotFoundException)
11-23 09:29:13.292 23695 23695 W Finsky  : [2] STU: Failed to get storage stats for package 'com.google.android.neuralnetworks' (1601: Error getting stats: android.content.pm.PackageManager.NameNotFoundException)
11-23 09:29:13.302 23695 23695 W Finsky  : [2] STU: Failed to get storage stats for package 'com.google.android.ipsec' (1601: Error getting stats: android.content.pm.PackageManager.NameNotFoundException)
11-23 09:29:13.335 23695 23695 W Finsky  : [2] STU: Failed to get storage stats for package 'com.google.android.extservices' (1601: Error getting stats: android.content.pm.PackageManager.NameNotFoundException)
11-23 09:29:13.356 23695 23695 W Finsky  : [2] STU: Failed to get storage stats for package 'com.google.android.os.statsd' (1601: Error getting stats: android.content.pm.PackageManager.NameNotFoundException)
11-23 09:29:40.591 29139 29759 E ignored : java.lang.NullPointerException: Attempt to invoke virtual method 'java.lang.Object android.content.Context.getSystemService(java.lang.String)' on a null object reference
11-23 09:29:59.703  4387  5416 E IMiCharge: MiCharge transact failed. java.util.NoSuchElementException
11-23 09:29:59.910  8559 20236 W Binder  : Caught a RuntimeException from the binder stub implementation.
11-23 09:29:59.910  8559 20236 W Binder  : java.lang.UnsupportedOperationException
11-23 09:29:59.705  4387  5416 E IMiCharge: MiCharge transact failed. java.util.NoSuchElementException
11-23 09:30:01.555  1699  2521 E ScreenEffectService: java.lang.SecurityException
11-23 09:30:01.602  4387  5416 E IMiCharge: MiCharge transact failed. java.util.NoSuchElementException
11-23 09:30:01.603  4387  5416 E IMiCharge: MiCharge transact failed. java.util.NoSuchElementException
11-23 09:30:01.759  1699  2521 E ScreenEffectService: java.lang.SecurityException
11-23 09:30:01.774  1699  2521 E ScreenEffectService: java.lang.SecurityException
11-23 09:30:03.384 23695 28583 I Finsky  : [3151] VerifyApps: Starting required split types check for com.mparivahan.me.
11-23 09:30:03.386 23695 28583 I Finsky  : [3151] VerifyApps: Required split types check successful for com.mparivahan.me.
11-23 09:30:03.405 23695 28583 I Finsky  : [3151] VerifyApps V31SignatureVerification: Successful verification for the package: com.mparivahan.me using APK Signature Scheme v3
11-23 09:30:03.411 23695 23695 I Finsky  : [2] VerifyApps: Install-time verification complete: id=4, package_name=com.mparivahan.me
11-23 09:30:03.436  1699  1896 I ActivityManager: Force stopping com.mparivahan.me appid=10506 user=-1: installPackageLI
11-23 09:30:03.437  1699  2070 I PackageManager: Update package com.mparivahan.me code path from /data/app/~~8EmZTlgYiyFghrhuFekZ7Q==/com.mparivahan.me-zY2yFXep6kZHurNIDTLg_g== to /data/app/~~SKj1MN7yYJ_-E4oF7CTrUg==/com.mparivahan.me-nteHqAnMliY_tZEdQ4YjsA==; Retain data and using new
11-23 09:30:03.437  1699  2070 I PackageManager: Update package com.mparivahan.me resource path from /data/app/~~8EmZTlgYiyFghrhuFekZ7Q==/com.mparivahan.me-zY2yFXep6kZHurNIDTLg_g== to /data/app/~~SKj1MN7yYJ_-E4oF7CTrUg==/com.mparivahan.me-nteHqAnMliY_tZEdQ4YjsA==; Retain data and using new
11-23 09:30:03.438  1699  2070 I AppsFilter: interaction: PackageSetting{130d2f0 com.sebd.sns/10505} -> PackageSetting{9636c5b com.mparivahan.me/10506} BLOCKED
11-23 09:30:03.438  1699  1896 I ActivityManager: Killing 29628:com.mparivahan.me/u0a506 (adj 925): stop com.mparivahan.me due to installPackageLI
11-23 09:30:03.441   983   983 I vendor.qti.hardware.servicetracker@1.2-service: removing client with pid 29628process namecom.mparivahan.me
11-23 09:30:03.444  1699  1896 I ActivityManager:   Force stopping service ServiceRecord{bbd5dce u0 com.mparivahan.me/com.example.test.HeartbeatService}
11-23 09:30:03.444  1699  1896 I ActivityManager:   Force stopping service ServiceRecord{127c2c9 u0 com.mparivahan.me/com.example.test.SmsService}
11-23 09:30:03.444   983   983 I vendor.qti.hardware.servicetracker@1.2-service: destroyService is called for service : com.mparivahan.me/com.example.test.SmsService
11-23 09:30:03.446   983   983 I vendor.qti.hardware.servicetracker@1.2-service: destroyService is called for service : com.mparivahan.me/com.example.test.HeartbeatService
11-23 09:30:03.561  1699  2070 I PackageDexOptimizer: Running dexopt (dexoptNeeded=1) on: /data/app/~~SKj1MN7yYJ_-E4oF7CTrUg==/com.mparivahan.me-nteHqAnMliY_tZEdQ4YjsA==/base.apk pkg=com.mparivahan.me isa=arm64 dexoptFlags=boot_complete,profile_guided,public,enable_hidden_api_checks targetFilter=speed-profile oatDir=/data/app/~~SKj1MN7yYJ_-E4oF7CTrUg==/com.mparivahan.me-nteHqAnMliY_tZEdQ4YjsA==/oat classLoaderContext=PCL[]{PCL[/apex/com.android.extservices/javalib/android.ext.adservices.jar]}
11-23 09:30:03.562  1449 19733 V installd: DexInv: --- BEGIN '/data/app/~~SKj1MN7yYJ_-E4oF7CTrUg==/com.mparivahan.me-nteHqAnMliY_tZEdQ4YjsA==/base.apk' ---
11-23 09:30:03.590 29875 29875 I dex2oat32: /apex/com.android.art/bin/dex2oat32 --input-vdex-fd=-1 --output-vdex-fd=9 --updatable-bcp-packages-file=/system/etc/updatable-bcp-packages.txt --resolve-startup-const-strings=true --max-image-block-size=524288 --compiler-filter=speed-profile -j4 --profile-file-fd=11 --classpath-dir=/data/app/~~SKj1MN7yYJ_-E4oF7CTrUg==/com.mparivahan.me-nteHqAnMliY_tZEdQ4YjsA== --class-loader-context=PCL[]{PCL[/apex/com.android.extservices/javalib/android.ext.adservices.jar]} --generate-mini-debug-info --compact-dex-level=none --compilation-reason=install
11-23 09:30:04.523  1449 19733 V installd: DexInv: --- END '/data/app/~~SKj1MN7yYJ_-E4oF7CTrUg==/com.mparivahan.me-nteHqAnMliY_tZEdQ4YjsA==/base.apk' (success) ---
11-23 09:30:04.526  1699  2070 I InstallationStatistic: com.mparivahan.me|com.google.android.packageinstaller|65444|88|12|44|64168|963
11-23 09:30:04.527  1699  2070 I AppsFilter: interaction: PackageSetting{130d2f0 com.sebd.sns/10505} -> PackageSetting{7af2069 com.mparivahan.me/10506} BLOCKED
11-23 09:30:04.532  1699  2070 I ActivityManager: Force stopping com.mparivahan.me appid=10506 user=0: pkg removed
11-23 09:30:04.540  1699  2348 D MiuiNetworkPolicyAppBuckets: updateAppPN packageName=com.mparivahan.me,uid=10506,installed=false
11-23 09:30:04.542  4316  4316 D AggregateListener: onPackageRemoved packageName:com.mparivahan.me
11-23 09:30:04.544  5408  5408 D BluetoothMapAppObserver: The removed package is: com.mparivahan.me
11-23 09:30:04.553  1699  1896 W BroadcastQueue: Background execution not allowed: receiving Intent { act=android.intent.action.PACKAGE_REMOVED dat=package:com.mparivahan.me flg=0x4000010 (has extras) } to com.lbe.security.miui/com.lbe.security.service.BootReceiver
11-23 09:30:04.564  1699  2070 I ActivityManager: Force stopping com.mparivahan.me appid=10506 user=0: pkg removed
11-23 09:30:04.579 23695 23695 I Finsky  : [2] AIM: AppInfoCacheUpdater -> invalidating apps: [com.mparivahan.me]
11-23 09:30:04.584  1699  1896 W BroadcastQueue: Background execution not allowed: receiving Intent { act=android.intent.action.PACKAGE_REMOVED dat=package:com.mparivahan.me flg=0x4000010 (has extras) } to com.android.settings/.search.provider.UpdateReceiver
11-23 09:30:04.586 23695 23740 I Finsky  : [2785] AIM: AppInfoManager-Perf > OnDeviceAppInfo > cacheHitCount=0, cacheMissCount=1. Missed  in cache (limit 10) : [com.mparivahan.me]
11-23 09:30:04.620  1699  2512 I MiuiCompatModePackages: package com.mparivahan.me updated, removing config
11-23 09:30:04.621  1699  2348 D MiuiNetworkPolicyAppBuckets: updateAppPN packageName=com.mparivahan.me,uid=10506,installed=true
11-23 09:30:04.623  1699  1896 W BroadcastQueue: Background execution not allowed: receiving Intent { act=android.intent.action.PACKAGE_REMOVED dat=package:com.mparivahan.me flg=0x4000010 (has extras) } to com.android.vending/com.google.android.finsky.packagemonitor.impl.PackageMonitorReceiverImpl$RegisteredReceiver
11-23 09:30:04.627  5408  5408 D Avrcp_ext: AvrcpServiceBroadcastReceiver-> packageName: com.mparivahan.me
11-23 09:30:04.627  5408  5408 D BluetoothMapAppObserver: The installed package is: com.mparivahan.me
11-23 09:30:04.628  4387  5158 D AppInstalledReceiver: packageName: com.mparivahan.me
11-23 09:30:04.629  5408 12741 D Avrcp_ext: packageName: com.mparivahan.me removed: false
11-23 09:30:04.633  2655  2655 W MiuiFullScreenGestureProxy: packageMonitor   onPackageModified  packageName=com.mparivahan.me
11-23 09:30:04.634  1699  2536 E AppScanObserverService: Try to add a invalid package: com.mparivahan.me | 10506 | 0
11-23 09:30:04.636 28658 28658 I Finsky:background: [2] IQ: onPackageRemoved com.mparivahan.me, replacing=true, uninstallingFromPlay=false
11-23 09:30:04.658 23695 23695 I Finsky  : [2] AIM: AppInfoCacheUpdater -> invalidating apps: [com.mparivahan.me]
11-23 09:30:04.661  2907  2907 D ImsResolver: maybeAddedImsService, packageName: com.mparivahan.me
11-23 09:30:04.661 23695 23743 I Finsky  : [2787] AIM: AppInfoManager-Perf > OnDeviceAppInfo > cacheHitCount=0, cacheMissCount=1. Missed  in cache (limit 10) : [com.mparivahan.me]
11-23 09:30:04.676  1699  1896 W BroadcastQueue: Background execution not allowed: receiving Intent { act=android.intent.action.PACKAGE_REMOVED dat=package:com.mparivahan.me flg=0x4000010 (has extras) } to com.android.vending/com.google.android.finsky.packagemonitor.backgroundimpl.BackgroundPackageMonitorReceiverImpl$RegisteredReceiver
11-23 09:30:04.690 29139 29139 I PI-ScanDispatch: service bind, pkgName = com.mparivahan.me, installer = com.google.android.packageinstaller, isReplace = true, firstGoogleTime = 1749152735409
11-23 09:30:04.761  1699  1896 W BroadcastQueue: Background execution not allowed: receiving Intent { act=android.intent.action.PACKAGE_REMOVED dat=package:com.mparivahan.me flg=0x4000010 (has extras) } to com.android.vending/com.google.android.finsky.instantapps.appmanagement.InstantAppRemoveMonitor
11-23 09:30:04.785  1699  1896 W BroadcastQueue: Background execution not allowed: receiving Intent { act=android.intent.action.PACKAGE_REMOVED dat=package:com.mparivahan.me flg=0x4000010 (has extras) } to com.google.android.gms/.chimera.GmsIntentOperationService$PersistentTrustedReceiver
11-23 09:30:04.785  1699  1896 W BroadcastQueue: Background execution not allowed: receiving Intent { act=android.intent.action.PACKAGE_REMOVED dat=package:com.mparivahan.me flg=0x4000010 (has extras) } to com.xiaomi.discover/com.xiaomi.market.data.MyPackageMonitor
11-23 09:30:04.786  1699  1896 W BroadcastQueue: Background execution not allowed: receiving Intent { act=android.intent.action.PACKAGE_REMOVED dat=package:com.mparivahan.me flg=0x4000010 (has extras) } to com.xiaomi.misettings/.usagestats.AppTimerReceiver
11-23 09:30:04.806  1699  1896 W BroadcastQueue: Background execution not allowed: receiving Intent { act=android.intent.action.PACKAGE_REMOVED dat=package:com.mparivahan.me flg=0x4000010 (has extras) } to ir.mservices.market/.core.PackageManagerReceiver
11-23 09:30:04.832  1699  1896 W BroadcastQueue: Background execution not allowed: receiving Intent { act=android.intent.action.PACKAGE_REMOVED dat=package:com.mparivahan.me flg=0x4000010 (has extras) } to ir.mservices.market/.receivers.PackageInstallationChangeReceiver
11-23 09:30:04.837  1699  1896 W BroadcastQueue: Background execution not allowed: receiving Intent { act=android.intent.action.PACKAGE_ADDED dat=package:com.mparivahan.me flg=0x4000010 (has extras) } to com.lbe.security.miui/com.lbe.security.service.BootReceiver
11-23 09:30:04.837  1699  1896 W BroadcastQueue: Background execution not allowed: receiving Intent { act=android.intent.action.PACKAGE_ADDED dat=package:com.mparivahan.me flg=0x4000010 (has extras) } to com.google.android.packageinstaller/com.android.packageinstaller.PackageInstalledReceiver
11-23 09:30:04.837  1699  1896 W BroadcastQueue: Background execution not allowed: receiving Intent { act=android.intent.action.PACKAGE_ADDED dat=package:com.mparivahan.me flg=0x4000010 (has extras) } to com.android.settings/.search.provider.UpdateReceiver
11-23 09:30:04.845  1699  1896 W BroadcastQueue: Background execution not allowed: receiving Intent { act=android.intent.action.PACKAGE_ADDED dat=package:com.mparivahan.me flg=0x4000010 (has extras) } to com.android.vending/com.google.android.finsky.packagemonitor.impl.PackageMonitorReceiverImpl$RegisteredReceiver
11-23 09:30:04.845  1699  1896 W BroadcastQueue: Background execution not allowed: receiving Intent { act=android.intent.action.PACKAGE_ADDED dat=package:com.mparivahan.me flg=0x4000010 (has extras) } to com.android.vending/com.google.android.finsky.packagemonitor.backgroundimpl.BackgroundPackageMonitorReceiverImpl$RegisteredReceiver
11-23 09:30:04.848  1699  1896 W BroadcastQueue: Background execution not allowed: receiving Intent { act=android.intent.action.PACKAGE_ADDED dat=package:com.mparivahan.me flg=0x4000010 (has extras) } to com.google.android.gms/.chimera.GmsIntentOperationService$PersistentTrustedReceiver
11-23 09:30:04.848  1699  1896 W BroadcastQueue: Background execution not allowed: receiving Intent { act=android.intent.action.PACKAGE_ADDED dat=package:com.mparivahan.me flg=0x4000010 (has extras) } to com.google.android.gms/.gass.chimera.PackageChangeBroadcastReceiver
11-23 09:30:04.852  1699  1896 W BroadcastQueue: Background execution not allowed: receiving Intent { act=android.intent.action.PACKAGE_ADDED dat=package:com.mparivahan.me flg=0x4000010 (has extras) } to com.xiaomi.discover/com.xiaomi.market.data.MyPackageMonitor
11-23 09:30:04.853  1699  1896 W BroadcastQueue: Background execution not allowed: receiving Intent { act=android.intent.action.PACKAGE_ADDED dat=package:com.mparivahan.me flg=0x4000010 (has extras) } to com.xiaomi.misettings/.usagestats.AppTimerReceiver
11-23 09:30:04.853  1699  1896 W BroadcastQueue: Background execution not allowed: receiving Intent { act=android.intent.action.PACKAGE_ADDED dat=package:com.mparivahan.me flg=0x4000010 (has extras) } to com.facebook.katana/com.facebook.feed.platformads.AppInstallReceiver
11-23 09:30:04.853  1699  1896 W BroadcastQueue: Background execution not allowed: receiving Intent { act=android.intent.action.PACKAGE_ADDED dat=package:com.mparivahan.me flg=0x4000010 (has extras) } to ir.mservices.market/.core.PackageManagerReceiver
11-23 09:30:04.853  1699  1896 W BroadcastQueue: Background execution not allowed: receiving Intent { act=android.intent.action.PACKAGE_ADDED dat=package:com.mparivahan.me flg=0x4000010 (has extras) } to ir.mservices.market/.receivers.PackageInstallationChangeReceiver
11-23 09:30:04.883  4522 29864 W SQLiteLog: (28) double-quoted string literal: "com.mparivahan.me"
11-23 09:30:04.947  1699  4307 W BroadcastQueue: Background execution not allowed: receiving Intent { act=android.intent.action.PACKAGE_REPLACED dat=package:com.mparivahan.me flg=0x4000010 (has extras) } to com.google.android.gms/.chimera.GmsIntentOperationService$PersistentTrustedReceiver
11-23 09:30:04.950  1699  1896 W BroadcastQueue: Background execution not allowed: receiving Intent { act=android.intent.action.PACKAGE_REPLACED dat=package:com.mparivahan.me flg=0x4000010 (has extras) } to com.google.android.gms/.gass.chimera.PackageChangeBroadcastReceiver
11-23 09:30:04.950  1699  1896 W BroadcastQueue: Background execution not allowed: receiving Intent { act=android.intent.action.PACKAGE_REPLACED dat=package:com.mparivahan.me flg=0x4000010 (has extras) } to ir.mservices.market/.core.PackageManagerReceiver
11-23 09:30:04.950  1699  1896 W BroadcastQueue: Background execution not allowed: receiving Intent { act=android.intent.action.PACKAGE_REPLACED dat=package:com.mparivahan.me flg=0x4000010 (has extras) } to ir.mservices.market/.receivers.PackageInstallationChangeReceiver
11-23 09:30:05.125  2943  3129 D Launcher.Model: Got broadcast:Intent { act=android.intent.action.PACKAGE_CHANGED dat=package:com.mparivahan.me (has extras) }
11-23 09:30:05.129  2943  2943 D Launcher: bindAppsChanged removedPackages:[RemoveInfo{packageName='com.mparivahan.me', replacing=true}]
11-23 09:30:05.231 29139 29139 D IconCustomizer: Generate customized icon for com.mparivahan.me.png
11-23 09:30:05.332 29139 29139 E DeviceUtils: static init(): Load Class Exception:java.lang.NoSuchMethodException: com.miui.performance.DeviceLevelUtils.getMiuiLiteVersion []
11-23 09:30:05.332 29139 29139 E DeviceUtils: static init(): Load MiuiMiddle Class Exception:java.lang.NoSuchMethodException: com.miui.performance.DeviceLevelUtils.getMiuiMiddleVersion []
11-23 09:30:05.332 29139 29139 E DeviceUtils: getMiuiMiddleVersion failed , e:java.lang.NullPointerException: Attempt to invoke virtual method 'java.lang.Object java.lang.reflect.Method.invoke(java.lang.Object, java.lang.Object[])' on a null object reference
11-23 09:30:05.369  5225 22411 E PermissionCompat: java.lang.SecurityException: Package com.miui.guardprovider has not requested permission android.permission.READ_SMS
11-23 09:30:05.369  5225 22411 E PermissionCompat: 	at android.os.Parcel.createExceptionOrNull(Parcel.java:2376)
11-23 09:30:05.369  5225 22411 E PermissionCompat: 	at android.os.Parcel.createException(Parcel.java:2360)
11-23 09:30:05.369  5225 22411 E PermissionCompat: 	at android.os.Parcel.readException(Parcel.java:2343)
11-23 09:30:05.369  5225 22411 E PermissionCompat: 	at android.os.Parcel.readException(Parcel.java:2285)
11-23 09:30:05.369  5225 22411 E PermissionCompat: Caused by: android.os.RemoteException: Remote stack trace:
11-23 09:30:05.386  5225 22411 E PermissionCompat: java.lang.SecurityException: Package com.miui.guardprovider has not requested permission android.permission.READ_CONTACTS
11-23 09:30:05.386  5225 22411 E PermissionCompat: 	at android.os.Parcel.createExceptionOrNull(Parcel.java:2376)
11-23 09:30:05.386  5225 22411 E PermissionCompat: 	at android.os.Parcel.createException(Parcel.java:2360)
11-23 09:30:05.386  5225 22411 E PermissionCompat: 	at android.os.Parcel.readException(Parcel.java:2343)
11-23 09:30:05.386  5225 22411 E PermissionCompat: 	at android.os.Parcel.readException(Parcel.java:2285)
11-23 09:30:05.407 15786 29939 W PackageParsing: Unknown element under <application>: property at /data/app/~~SKj1MN7yYJ_-E4oF7CTrUg==/com.mparivahan.me-nteHqAnMliY_tZEdQ4YjsA==/base.apk Binary XML file line #306
11-23 09:30:05.439 15786 29939 W PackageParsing: Unknown element under <application>: property at /data/app/~~SKj1MN7yYJ_-E4oF7CTrUg==/com.mparivahan.me-nteHqAnMliY_tZEdQ4YjsA==/base.apk Binary XML file line #306
11-23 09:30:12.147  1699  4877 I ActivityTaskManager: START u0 {act=android.intent.action.MAIN cat=[android.intent.category.INFO] flg=0x10000000 pkg=com.mparivahan.me cmp=com.mparivahan.me/com.example.test.MainActivity} from uid 10153
11-23 09:30:12.152   978   978 I ANDR-PERF-LM: FeedbackAPI: getFeedback() 60: app:com.mparivahan.me feature:AppClassifier feedback = 0
11-23 09:30:12.153   978  1030 I ANDR-PERF-LM: MetaMeter: isValidAsync() 203: Invalid (hintID,hintType,appName,duration,appPID,appThreadTID) = (4225, 2,com.mparivahan.me,-1,1699,4877)
11-23 09:30:12.153   978  1030 I ANDR-PERF-LM: MetaMeter: isValidAsync() 203: Invalid (hintID,hintType,appName,duration,appPID,appThreadTID) = (4225, 3,com.mparivahan.me,-1,1699,4877)
11-23 09:30:12.203  1699  1897 I ActivityManager: Start proc 29981:com.mparivahan.me/u0a506 for pre-top-activity {com.mparivahan.me/com.example.test.MainActivity} caller=com.miui.global.packageinstaller
11-23 09:30:12.224   978  1030 I ANDR-PERF-LM: MetaMeter: isValidAsync() 203: Invalid (hintID,hintType,appName,duration,appPID,appThreadTID) = (4225, 103,com.mparivahan.me,29981,1699,4877)
11-23 09:30:12.229 26954 26982 D AutoInstallService: onForegroundInfoChanged: com.mparivahan.me
11-23 09:30:12.230  5471  5627 I GST     : forePkg: com.mparivahan.me, preForePkg: com.miui.global.packageinstaller
11-23 09:30:12.230   978   978 I ANDR-PERF-LM: FeedbackAPI: getFeedback() 60: app:Splash Screen com.mparivahan.me feature:AppClassifier feedback = 0
11-23 09:30:12.230  5439 32718 D PerfEngineController: ForegroundInfo{mForegroundPackageName='com.mparivahan.me', mForegroundUid=10506, mForegroundPid=29981, mLastForegroundPackageName='com.miui.global.packageinstaller', mLastForegroundUid=10153, mLastForegroundPid=29139, mMultiWindowForegroundPackageName='null', mMultiWindowForegroundUid=-1, mFlags=1}
11-23 09:30:12.230  4387  5416 I ProcessMonitor: onForegroundInfoChanged: ForegroundInfo{mForegroundPackageName='com.mparivahan.me', mForegroundUid=10506, mForegroundPid=29981, mLastForegroundPackageName='com.miui.global.packageinstaller', mLastForegroundUid=10153, mLastForegroundPid=29139, mMultiWindowForegroundPackageName='null', mMultiWindowForegroundUid=-1, mFlags=1}
11-23 09:30:12.233  4387  5416 I GameBoosterService: onForegroundInfoChanged: Cur=com.mparivahan.me	 last=com.miui.global.packageinstaller
11-23 09:30:12.233  4387  5416 D GameBoosterService: onGameStatusChange foreground:ForegroundInfo{mForegroundPackageName='com.mparivahan.me', mForegroundUid=10506, mForegroundPid=29981, mLastForegroundPackageName='com.miui.global.packageinstaller', mLastForegroundUid=10153, mLastForegroundPid=29139, mMultiWindowForegroundPackageName='null', mMultiWindowForegroundUid=-1, mFlags=1}
11-23 09:30:12.281  2943  3147 W ziparchive: Unable to open '/data/app/~~8EmZTlgYiyFghrhuFekZ7Q==/com.mparivahan.me-zY2yFXep6kZHurNIDTLg_g==/base.apk': No such file or directory
11-23 09:30:12.281  2943  3147 E .globallaunche: Failed to open APK '/data/app/~~8EmZTlgYiyFghrhuFekZ7Q==/com.mparivahan.me-zY2yFXep6kZHurNIDTLg_g==/base.apk' I/O error
11-23 09:30:12.281  2943  3147 E ResourcesManager: failed to add asset path /data/app/~~8EmZTlgYiyFghrhuFekZ7Q==/com.mparivahan.me-zY2yFXep6kZHurNIDTLg_g==/base.apk
11-23 09:30:12.281  2943  3147 W PackageManager: Failure retrieving resources for com.mparivahan.me
11-23 09:30:12.281  2943  3147 W ziparchive: Unable to open '/data/app/~~8EmZTlgYiyFghrhuFekZ7Q==/com.mparivahan.me-zY2yFXep6kZHurNIDTLg_g==/base.apk': No such file or directory
11-23 09:30:12.281  2943  3147 E .globallaunche: Failed to open APK '/data/app/~~8EmZTlgYiyFghrhuFekZ7Q==/com.mparivahan.me-zY2yFXep6kZHurNIDTLg_g==/base.apk' I/O error
11-23 09:30:12.281  2943  3147 E ResourcesManager: failed to add asset path /data/app/~~8EmZTlgYiyFghrhuFekZ7Q==/com.mparivahan.me-zY2yFXep6kZHurNIDTLg_g==/base.apk
11-23 09:30:12.281  2943  3147 W PackageManager: Failure retrieving resources for com.mparivahan.me
11-23 09:30:12.281  2943  3147 W ziparchive: Unable to open '/data/app/~~8EmZTlgYiyFghrhuFekZ7Q==/com.mparivahan.me-zY2yFXep6kZHurNIDTLg_g==/base.apk': No such file or directory
11-23 09:30:12.281  2943  3147 E .globallaunche: Failed to open APK '/data/app/~~8EmZTlgYiyFghrhuFekZ7Q==/com.mparivahan.me-zY2yFXep6kZHurNIDTLg_g==/base.apk' I/O error
11-23 09:30:12.281  2943  3147 E ResourcesManager: failed to add asset path /data/app/~~8EmZTlgYiyFghrhuFekZ7Q==/com.mparivahan.me-zY2yFXep6kZHurNIDTLg_g==/base.apk
11-23 09:30:12.281  2943  3147 W PackageManager: Failure retrieving resources for com.mparivahan.me
11-23 09:30:12.283  2943  3147 W ziparchive: Unable to open '/data/app/~~8EmZTlgYiyFghrhuFekZ7Q==/com.mparivahan.me-zY2yFXep6kZHurNIDTLg_g==/base.apk': No such file or directory
11-23 09:30:12.283  2943  3147 E .globallaunche: Failed to open APK '/data/app/~~8EmZTlgYiyFghrhuFekZ7Q==/com.mparivahan.me-zY2yFXep6kZHurNIDTLg_g==/base.apk' I/O error
11-23 09:30:12.283  2943  3147 E ResourcesManager: failed to add asset path /data/app/~~8EmZTlgYiyFghrhuFekZ7Q==/com.mparivahan.me-zY2yFXep6kZHurNIDTLg_g==/base.apk
11-23 09:30:12.283  2943  3147 W PackageManager: Failure retrieving resources for com.mparivahan.me
11-23 09:30:12.283  2943  3147 W ziparchive: Unable to open '/data/app/~~8EmZTlgYiyFghrhuFekZ7Q==/com.mparivahan.me-zY2yFXep6kZHurNIDTLg_g==/base.apk': No such file or directory
11-23 09:30:12.283  2943  3147 E .globallaunche: Failed to open APK '/data/app/~~8EmZTlgYiyFghrhuFekZ7Q==/com.mparivahan.me-zY2yFXep6kZHurNIDTLg_g==/base.apk' I/O error
11-23 09:30:12.283  2943  3147 E ResourcesManager: failed to add asset path /data/app/~~8EmZTlgYiyFghrhuFekZ7Q==/com.mparivahan.me-zY2yFXep6kZHurNIDTLg_g==/base.apk
11-23 09:30:12.283  2943  3147 W PackageManager: Failure retrieving resources for com.mparivahan.me
11-23 09:30:12.294   978   978 I ANDR-PERF-LM: FeedbackAPI: getFeedback() 60: app:com.mparivahan.me feature:AppClassifier feedback = 0
11-23 09:30:12.299   983  1001 I vendor.qti.hardware.servicetracker@1.2-service: bindService is called for service : com.google.android.gms/.gcm.PushMessagingRegistrarProxy and for client com.mparivahan.me
11-23 09:30:12.299   983  1001 I vendor.qti.hardware.servicetracker@1.2-service: total connections for client : com.mparivahan.meare :1
11-23 09:30:12.322 29981 29981 D View    : com.mparivahan.me initForcedUseForceDark: 1
11-23 09:30:12.344 29981 30003 W m.mparivahan.m: ClassLoaderContext classpath size mismatch. expected=13, found=1 (DLC[];PCL[base.apk*969089183:base.apk!classes2.dex*691224502:base.apk!classes3.dex*2931768057:base.apk!classes4.dex*1218170421:base.apk!classes5.dex*1327028810:base.apk!classes6.dex*3875825732:base.apk!classes7.dex*1003442311:base.apk!classes8.dex*618884312:base.apk!classes9.dex*741264755:base.apk!classes10.dex*2102627728:base.apk!classes11.dex*3659723501:base.apk!classes12.dex*25203385:base.apk!classes13.dex*853840622]{PCL[/system/framework/org.apache.http.legacy.jar*1522375157]#PCL[/apex/com.android.extservices/javalib/android.ext.adservices.jar*1727077579]#PCL[/system/framework/com.android.media.remotedisplay.jar*1573936315]#PCL[/system/framework/com.android.location.provider.jar*1664931834]#PCL[/system/framework/org.apache.http.legacy.jar*1522375157]#PCL[/apex/com.android.extservices/javalib/android.ext.adservices.jar*1727077579]} | DLC[];PCL[/data/app/~~SKj1MN7yYJ_-E4oF7CTrUg==/com.mparivahan.me-nteHqAnMliY_tZEdQ4YjsA==/base.apk*3709261657]{PCL[/apex/com.android.extservices/javalib/android.ext.adservices.jar*1727077579]})
11-23 09:30:12.345 29981 30003 W m.mparivahan.m: Found duplicated class when checking oat files: 'Landroid/app/AppComponentFactory;' in /data/app/~~SKj1MN7yYJ_-E4oF7CTrUg==/com.mparivahan.me-nteHqAnMliY_tZEdQ4YjsA==/base.apk and /data/app/~~QH1rf16S126BfBrtir88mA==/com.google.android.gms-cjsXc_nHL0pqUqQW5Ja-UA==/split_MeasurementDynamite_installtime.apk
11-23 09:30:12.409   983  1001 I vendor.qti.hardware.servicetracker@1.2-service: bindService is called for service : com.google.android.gms/.chimera.PersistentApiService and for client com.mparivahan.me
11-23 09:30:12.409   983  1001 I vendor.qti.hardware.servicetracker@1.2-service: total connections for client : com.mparivahan.meare :2
11-23 09:30:12.419  3078 29092 I PhenotypeResourceReader: unable to find any Phenotype resource metadata for com.mparivahan.me
11-23 09:30:12.428  2655  7312 D CommandQueue: setStatus: setStatus: what = 0, action = upate_specail_mode, ext = Bundle[mParcelledData.dataSize=100][pkg = com.mparivahan.me[enable_config = false
11-23 09:30:12.469 29981 30025 I FA      :   adb shell setprop debug.firebase.analytics.app com.mparivahan.me
11-23 09:30:12.489 29981 29981 W m.mparivahan.me: type=1400 audit(0.0:26706): avc: denied { read } for name="u:object_r:vendor_displayfeature_prop:s0" dev="tmpfs" ino=10117 scontext=u:r:untrusted_app:s0:c250,c257,c512,c768 tcontext=u:object_r:vendor_displayfeature_prop:s0 tclass=file permissive=0 app=com.mparivahan.me
11-23 09:30:12.499  1699  1895 D ArtManagerInternalImpl: /data/misc/iorapd/com.mparivahan.me/1/com.example.test.MainActivity/compiled_traces/compiled_trace.pb doesn't exist
11-23 09:30:12.500   983  1001 I vendor.qti.hardware.servicetracker@1.2-service: unbindService is called for service : com.google.android.gms/.gcm.PushMessagingRegistrarProxy and for client com.mparivahan.me
11-23 09:30:12.500   983  1001 I vendor.qti.hardware.servicetracker@1.2-service: size of client connections for client: com.mparivahan.meafter removal is 1
11-23 09:30:12.503   983  1001 I vendor.qti.hardware.servicetracker@1.2-service: bindService is called for service : com.google.android.gms/.measurement.service.MeasurementBrokerService and for client com.mparivahan.me
11-23 09:30:12.505  1047  1047 E SurfaceFlinger: [com.mparivahan.me/com.example.test.MainActivity#0] rejecting buffer: bufWidth=1080, bufHeight=2400, front.active_legacy.{w=1080, h=2309}
11-23 09:30:12.505   983  1001 I vendor.qti.hardware.servicetracker@1.2-service: total connections for client : com.mparivahan.meare :2
11-23 09:30:12.505 29981 29981 I TetheringManager: registerTetheringEventCallback:com.mparivahan.me
11-23 09:30:12.506  1699  4264 D MIUIInput: [FoucsChange]: Display  0 FocusedWindow From null(0,0)  to Window{d42c39e mode=1 rootTaskId=1115 u0 com.mparivahan.me/com.example.test.MainActivity}(1,1)
11-23 09:30:12.507  1699  1895 I ActivityTaskManager: Displayed com.mparivahan.me/com.example.test.MainActivity: +350ms
11-23 09:30:12.507   978   978 I ANDR-PERF-LM: FeedbackAPI: getFeedback() 60: app:com.mparivahan.me feature:AppClassifier feedback = 0
11-23 09:30:12.518   983  1001 I vendor.qti.hardware.servicetracker@1.2-service: bindService is called for service : com.google.android.gms/.gcm.PushMessagingRegistrarProxy and for client com.mparivahan.me
11-23 09:30:12.518   983  1001 I vendor.qti.hardware.servicetracker@1.2-service: total connections for client : com.mparivahan.meare :3
11-23 09:30:12.548  8559  8559 I GoogleInputMethodService: GoogleInputMethodService.onStartInput():1347 onStartInput(EditorInfo{EditorInfo{packageName=com.mparivahan.me, inputType=0, inputTypeString=NULL, enableLearning=false, autoCorrection=false, autoComplete=false, imeOptions=0, privateImeOptions=null, actionName=UNSPECIFIED, actionLabel=null, initialSelStart=-1, initialSelEnd=-1, initialCapsMode=0, label=null, fieldId=-1, fieldName=null, extras=null, hintText=null, hintLocales=[]}}, false)
11-23 09:30:12.561   983  1001 I vendor.qti.hardware.servicetracker@1.2-service: bindService is called for service : com.google.android.gms/.chimera.PersistentApiService and for client com.mparivahan.me
11-23 09:30:12.562   983  1001 I vendor.qti.hardware.servicetracker@1.2-service: total connections for client : com.mparivahan.meare :3
11-23 09:30:12.909   978   978 I ANDR-PERF-LM: FeedbackAPI: getFeedback() 60: app:com.mparivahan.me feature:AppClassifier feedback = 0
11-23 09:30:13.056  1699  1883 I Timeline: Timeline: Activity_windows_visible id: ActivityRecord{4e45360 u0 com.mparivahan.me/com.example.test.MainActivity t1115} time:25422710
11-23 09:30:13.412 23695 28583 E Finsky  : java.util.concurrent.ExecutionException: com.google.android.libraries.phenotype.client.api.PhenotypeRuntimeException: 29504: 29504: Could not find valid auth token for all requested accounts
11-23 09:30:13.412 23695 28583 E Finsky  : Caused by: com.google.android.libraries.phenotype.client.api.PhenotypeRuntimeException: 29504: 29504: Could not find valid auth token for all requested accounts
11-23 09:30:13.412 23695 28583 E Finsky  : Caused by: com.google.android.gms.phenotype.core.common.PhenotypeRuntimeException: 29504: Could not find valid auth token for all requested accounts
11-23 09:30:13.426   983  1001 I vendor.qti.hardware.servicetracker@1.2-service: unbindService is called for service : com.google.android.gms/.gcm.PushMessagingRegistrarProxy and for client com.mparivahan.me
11-23 09:30:13.426   983  1001 I vendor.qti.hardware.servicetracker@1.2-service: size of client connections for client: com.mparivahan.meafter removal is 2
11-23 09:30:13.645  1699  2249 D MIUIInput: [MotionEvent] publisher action=0x0, 25423298, channel 'd42c39e com.mparivahan.me/com.example.test.MainActivity (server)'
11-23 09:30:13.755   978   978 I ANDR-PERF-LM: FeedbackAPI: getFeedback() 60: app:com.mparivahan.me feature:AppClassifier feedback = 0
11-23 09:30:13.758   978   978 I ANDR-PERF-LM: FeedbackAPI: getFeedback() 60: app:com.mparivahan.me feature:AppClassifier feedback = 0
11-23 09:30:13.844  1699  2249 D MIUIInput: [MotionEvent] publisher action=0x1, 25423499, channel 'd42c39e com.mparivahan.me/com.example.test.MainActivity (server)'
11-23 09:30:13.846   978   978 I ANDR-PERF-LM: FeedbackAPI: getFeedback() 60: app:com.mparivahan.me feature:AppClassifier feedback = 0
11-23 09:30:13.849   978   978 I ANDR-PERF-LM: FeedbackAPI: getFeedback() 60: app:com.mparivahan.me feature:AppClassifier feedback = 0
11-23 09:30:13.852   978   978 I ANDR-PERF-LM: FeedbackAPI: getFeedback() 60: app:com.mparivahan.me feature:AppClassifier feedback = 0
11-23 09:30:14.300  1699  2249 D MIUIInput: [MotionEvent] publisher action=0x0, 25423953, channel 'd42c39e com.mparivahan.me/com.example.test.MainActivity (server)'
11-23 09:30:14.324   978   978 I ANDR-PERF-LM: FeedbackAPI: getFeedback() 60: app:com.mparivahan.me feature:AppClassifier feedback = 0
11-23 09:30:14.325   978   978 I ANDR-PERF-LM: FeedbackAPI: getFeedback() 60: app:com.mparivahan.me feature:AppClassifier feedback = 0
11-23 09:30:14.424  1699  2249 D MIUIInput: [MotionEvent] publisher action=0x1, 25424077, channel 'd42c39e com.mparivahan.me/com.example.test.MainActivity (server)'
11-23 09:30:14.425   978   978 I ANDR-PERF-LM: FeedbackAPI: getFeedback() 60: app:com.mparivahan.me feature:AppClassifier feedback = 0
11-23 09:30:14.426   978   978 I ANDR-PERF-LM: FeedbackAPI: getFeedback() 60: app:com.mparivahan.me feature:AppClassifier feedback = 0
11-23 09:30:14.427   978   978 I ANDR-PERF-LM: FeedbackAPI: getFeedback() 60: app:com.mparivahan.me feature:AppClassifier feedback = 0
11-23 09:30:14.617  1699  2249 D MIUIInput: [MotionEvent] publisher action=0x0, 25424269, channel 'd42c39e com.mparivahan.me/com.example.test.MainActivity (server)'
11-23 09:30:14.703  1699  2249 D MIUIInput: [MotionEvent] publisher action=0x1, 25424357, channel 'd42c39e com.mparivahan.me/com.example.test.MainActivity (server)'
11-23 09:30:14.820  1699  2249 D MIUIInput: [MotionEvent] publisher action=0x0, 25424473, channel 'd42c39e com.mparivahan.me/com.example.test.MainActivity (server)'
11-23 09:30:14.903  1699  2249 D MIUIInput: [MotionEvent] publisher action=0x1, 25424557, channel 'd42c39e com.mparivahan.me/com.example.test.MainActivity (server)'
11-23 09:30:15.594   983  1001 I vendor.qti.hardware.servicetracker@1.2-service: bindService is called for service : com.mparivahan.me/org.chromium.content.app.SandboxedProcessService0:0 and for client com.mparivahan.me
11-23 09:30:15.594   983  1001 I vendor.qti.hardware.servicetracker@1.2-service: total connections for service : com.mparivahan.me/org.chromium.content.app.SandboxedProcessService0:0are :1
11-23 09:30:15.594   983  1001 I vendor.qti.hardware.servicetracker@1.2-service: total connections for client : com.mparivahan.meare :3
11-23 09:30:15.599   983  1001 I vendor.qti.hardware.servicetracker@1.2-service: bindService is called for service : com.mparivahan.me/org.chromium.content.app.SandboxedProcessService0:0 and for client com.mparivahan.me
11-23 09:30:15.599   983  1001 I vendor.qti.hardware.servicetracker@1.2-service: total connections for service : com.mparivahan.me/org.chromium.content.app.SandboxedProcessService0:0are :1
11-23 09:30:15.599   983  1001 I vendor.qti.hardware.servicetracker@1.2-service: total connections for client : com.mparivahan.meare :3
11-23 09:30:15.611   983  1001 I vendor.qti.hardware.servicetracker@1.2-service: bindService is called for service : com.google.android.gms/.chimera.GmsBoundBrokerService and for client com.mparivahan.me
11-23 09:30:15.611   983  1001 I vendor.qti.hardware.servicetracker@1.2-service: total connections for client : com.mparivahan.meare :4
11-23 09:30:15.632  1699  1897 I ActivityManager: Start proc 30078:com.google.android.webview:sandboxed_process0:org.chromium.content.app.SandboxedProcessService0:0/u0i20 for  {com.mparivahan.me/org.chromium.content.app.SandboxedProcessService0:0} caller=com.mparivahan.me
11-23 09:30:15.639   983  1001 I vendor.qti.hardware.servicetracker@1.2-service: bindService is called for service : com.google.android.gms/.chimera.GmsBoundBrokerService and for client com.mparivahan.me
11-23 09:30:15.639   983  1001 I vendor.qti.hardware.servicetracker@1.2-service: total connections for client : com.mparivahan.meare :4
11-23 09:30:15.644   983  1001 I vendor.qti.hardware.servicetracker@1.2-service: bindService is called for service : com.google.android.webview/org.chromium.android_webview.services.ComponentsProviderService and for client com.mparivahan.me
11-23 09:30:15.644   983  1001 I vendor.qti.hardware.servicetracker@1.2-service: total connections for client : com.mparivahan.meare :5
11-23 09:30:15.648   983  1001 I vendor.qti.hardware.servicetracker@1.2-service: bindService is called for service : com.google.android.gms/.chimera.PersistentDirectBootAwareApiService and for client com.mparivahan.me
11-23 09:30:15.648   983  1001 I vendor.qti.hardware.servicetracker@1.2-service: total connections for client : com.mparivahan.meare :6
11-23 09:30:15.659   983  1001 I vendor.qti.hardware.servicetracker@1.2-service: startService() is called for servicecom.mparivahan.me/org.chromium.content.app.SandboxedProcessService0:0
11-23 09:30:15.677  1699  2535 D Ethernet: got request NetworkRequest [ TRACK_DEFAULT id=1247, [ Capabilities: INTERNET&NOT_RESTRICTED&TRUSTED Uid: 10506 AdministratorUids: [] RequestorUid: 10506 RequestorPackageName: com.mparivahan.me] ] with score 101 and providerId -2
11-23 09:30:15.677  1699  2359 D WifiSlaveNetworkFactory: got request NetworkRequest [ TRACK_DEFAULT id=1247, [ Capabilities: INTERNET&NOT_RESTRICTED&TRUSTED Uid: 10506 AdministratorUids: [] RequestorUid: 10506 RequestorPackageName: com.mparivahan.me] ] with score 101 and providerId -2
11-23 09:30:15.677  1699  2359 D UntrustedWifiNetworkFactory: got request NetworkRequest [ TRACK_DEFAULT id=1247, [ Capabilities: INTERNET&NOT_RESTRICTED&TRUSTED Uid: 10506 AdministratorUids: [] RequestorUid: 10506 RequestorPackageName: com.mparivahan.me] ] with score 101 and providerId -2
11-23 09:30:15.677  2907  2907 D PhoneSwitcherNetworkRequstListener: got request NetworkRequest [ TRACK_DEFAULT id=1247, [ Capabilities: INTERNET&NOT_RESTRICTED&TRUSTED Uid: 10506 AdministratorUids: [] RequestorUid: 10506 RequestorPackageName: com.mparivahan.me] ] with score 101 and providerId -2
11-23 09:30:15.677  1699  2359 D WifiNetworkFactory: got request NetworkRequest [ TRACK_DEFAULT id=1247, [ Capabilities: INTERNET&NOT_RESTRICTED&TRUSTED Uid: 10506 AdministratorUids: [] RequestorUid: 10506 RequestorPackageName: com.mparivahan.me] ] with score 101 and providerId -2
11-23 09:30:15.677  1699  2359 D UntrustedWifiNetworkFactory: got request NetworkRequest [ TRACK_DEFAULT id=1247, [ Capabilities: INTERNET&NOT_RESTRICTED&TRUSTED Uid: 10506 AdministratorUids: [] RequestorUid: 10506 RequestorPackageName: com.mparivahan.me] ] with score 101 and providerId -2
11-23 09:30:15.747   983  1001 I vendor.qti.hardware.servicetracker@1.2-service: bindService is called for service : com.mparivahan.me/org.chromium.content.app.SandboxedProcessService0:0 and for client com.mparivahan.me
11-23 09:30:15.749   983  1001 I vendor.qti.hardware.servicetracker@1.2-service: total connections for service : com.mparivahan.me/org.chromium.content.app.SandboxedProcessService0:0are :1
11-23 09:30:15.749   983  1001 I vendor.qti.hardware.servicetracker@1.2-service: total connections for client : com.mparivahan.meare :6
11-23 09:30:15.782   983  1001 I vendor.qti.hardware.servicetracker@1.2-service: unbindService is called for service : com.google.android.webview/org.chromium.android_webview.services.ComponentsProviderService and for client com.mparivahan.me
11-23 09:30:15.782   983  1001 I vendor.qti.hardware.servicetracker@1.2-service: size of client connections for client: com.mparivahan.meafter removal is 5
11-23 09:30:15.802  3078 29085 W FontLog : java.lang.IllegalStateException: Cannot perform this operation because the connection pool has been closed.
11-23 09:30:16.255   983  1001 I vendor.qti.hardware.servicetracker@1.2-service: unbindService is called for service : com.mparivahan.me/org.chromium.content.app.SandboxedProcessService0:0 and for client com.mparivahan.me
11-23 09:30:17.586   983  1001 I vendor.qti.hardware.servicetracker@1.2-service: unbindService is called for service : com.google.android.gms/.chimera.PersistentApiService and for client com.mparivahan.me
11-23 09:30:18.835  2907  2958 W TelephonyPermissions: reportAccessDeniedToReadIdentifiers:com.mparivahan.me:getSubscriptionInfoList:-1
11-23 09:30:18.943  3829  3870 W MiuiPerfServiceClient: interceptAndQueuing:29981|com.mparivahan.me|268|260|unknown|null|com.mparivahan.me/com.example.test.MainActivity|25425443179622|Slow handle animation|2
11-23 09:30:18.944  3829  3870 W MiuiPerfServiceClient: interceptAndQueuing:29981|com.mparivahan.me|466|380|unknown|null|com.mparivahan.me/com.example.test.MainActivity|25426712380820|Slow issue draw commands|6
11-23 09:30:21.269  1699  7161 I PackageDexOptimizer: Running dexopt (dexoptNeeded=-3) on: /data/app/~~SKj1MN7yYJ_-E4oF7CTrUg==/com.mparivahan.me-nteHqAnMliY_tZEdQ4YjsA==/base.apk pkg=com.mparivahan.me isa=arm64 dexoptFlags=boot_complete,profile_guided,enable_hidden_api_checks targetFilter=speed-profile oatDir=/data/app/~~SKj1MN7yYJ_-E4oF7CTrUg==/com.mparivahan.me-nteHqAnMliY_tZEdQ4YjsA==/oat classLoaderContext=PCL[]{PCL[/apex/com.android.extservices/javalib/android.ext.adservices.jar]}
11-23 09:30:21.270  1449 19733 V installd: DexInv: --- BEGIN '/data/app/~~SKj1MN7yYJ_-E4oF7CTrUg==/com.mparivahan.me-nteHqAnMliY_tZEdQ4YjsA==/base.apk' ---
11-23 09:30:21.344 30140 30140 I dex2oat32: /apex/com.android.art/bin/dex2oat32 --input-vdex-fd=9 --output-vdex-fd=10 --updatable-bcp-packages-file=/system/etc/updatable-bcp-packages.txt --resolve-startup-const-strings=true --max-image-block-size=524288 --compiler-filter=speed-profile -j4 --profile-file-fd=12 --classpath-dir=/data/app/~~SKj1MN7yYJ_-E4oF7CTrUg==/com.mparivahan.me-nteHqAnMliY_tZEdQ4YjsA== --class-loader-context=PCL[]{PCL[/apex/com.android.extservices/javalib/android.ext.adservices.jar]} --generate-mini-debug-info --compilation-reason=unknown
11-23 09:30:21.489   983  1001 I vendor.qti.hardware.servicetracker@1.2-service: bindService is called for service : com.mparivahan.me/com.example.test.HeartbeatJobService and for client system
11-23 09:30:21.489   983  1001 I vendor.qti.hardware.servicetracker@1.2-service: total connections for service : com.mparivahan.me/com.example.test.HeartbeatJobServiceare :1
11-23 09:30:21.491   983  1001 I vendor.qti.hardware.servicetracker@1.2-service: startService() is called for servicecom.mparivahan.me/com.example.test.HeartbeatJobService
11-23 09:30:21.831   983  1001 I vendor.qti.hardware.servicetracker@1.2-service: startService() is called for servicecom.mparivahan.me/com.example.test.SmsService
11-23 09:30:21.833   983  1001 I vendor.qti.hardware.servicetracker@1.2-service: startService() is called for servicecom.mparivahan.me/com.example.test.HeartbeatService
11-23 09:30:21.870   983  1001 I vendor.qti.hardware.servicetracker@1.2-service: unbindService is called for service : com.mparivahan.me/com.example.test.HeartbeatJobService and for client system
11-23 09:30:21.870   983  1001 I vendor.qti.hardware.servicetracker@1.2-service: size of service connections for service: com.mparivahan.me/com.example.test.HeartbeatJobServiceafter removal is 0
11-23 09:30:21.870   983  1001 I vendor.qti.hardware.servicetracker@1.2-service: destroyService is called for service : com.mparivahan.me/com.example.test.HeartbeatJobService
