11-23 08:32:37.047  1699  2380 W ActivityManager: Exception when unbinding service com.mparivahan.me/org.chromium.content.app.SandboxedProcessService0:0
11-23 08:32:37.047  1699  2380 W ActivityManager: android.os.DeadObjectException
11-23 08:32:48.539  1699  1897 I ActivityManager: Start proc 17170:android.process.acore/u0a76 for content provider {com.android.providers.contacts/com.android.providers.contacts.CallLogProvider} caller=com.mparivahan.me
11-23 08:34:57.570  1699  2521 E ScreenEffectService: java.lang.SecurityException
11-23 08:34:57.784  1699  2521 E ScreenEffectService: java.lang.SecurityException
11-23 08:34:57.786  1699  2521 E ScreenEffectService: java.lang.SecurityException
11-23 08:35:40.055 17670 17795 W PackageParsing: Ignoring duplicate uses-permissions/uses-permissions-sdk-m: android.permission.RECEIVE_BOOT_COMPLETED in package: com.mparivahan.me at: Binary XML file line #49
11-23 08:35:40.118 17670 17797 W PackageParsing: Ignoring duplicate uses-permissions/uses-permissions-sdk-m: android.permission.RECEIVE_BOOT_COMPLETED in package: com.mparivahan.me at: Binary XML file line #49
11-23 08:43:13.891  1699  2521 E ScreenEffectService: java.lang.SecurityException
11-23 08:43:14.124  1699  2521 E ScreenEffectService: java.lang.SecurityException
11-23 08:43:40.494  1699  1896 I ActivityManager: Force stopping com.mparivahan.me appid=10504 user=0: deletePackageX
11-23 08:43:40.497  1699  1896 I ActivityManager: Killing 16527:com.mparivahan.me/u0a504 (adj 200): stop com.mparivahan.me due to deletePackageX
11-23 08:43:40.503  1699  2515 W NotificationService: android:1000 trying to cancel notification for nonexistent pkg com.mparivahan.me in user 0
11-23 08:43:40.504  1699  2515 I ProcessManager: remove no clear notification:StatusBarNotification(pkg=com.mparivahan.me user=UserHandle{0} id=1 tag=null key=0|com.mparivahan.me|1|null|10504: Notification(channel=sms_service_channel shortcut=null contentView=null vibrate=null sound=null defaults=0x0 flags=0x62 color=0x00000000 category=service groupKey=silent vis=SECRET))
11-23 08:43:40.517  1699  1896 W ActivityManager: java.lang.SecurityException: Caller com.mparivahan.me:10504 cannot post for pkg com.mparivahan.me in user 0
11-23 08:43:40.561  1699  2070 I PackageManager: Removing permission com.mparivahan.me.DYNAMIC_RECEIVER_NOT_EXPORTED_PERMISSION that used to be declared by com.mparivahan.me
11-23 08:43:40.561  1699  2070 W PackageManager: Removing dangling permission: com.mparivahan.me.DYNAMIC_RECEIVER_NOT_EXPORTED_PERMISSION from package com.mparivahan.me
11-23 08:43:40.892  1699  2070 I ActivityManager: Force stopping com.mparivahan.me appid=10504 user=0: pkg removed
11-23 08:43:41.342  1699  1896 W BroadcastQueue: Background execution not allowed: receiving Intent { act=android.intent.action.PACKAGE_REMOVED dat=package:com.mparivahan.me flg=0x4000010 (has extras) } to com.lbe.security.miui/com.lbe.security.service.BootReceiver
11-23 08:43:41.342  1699  1896 W BroadcastQueue: Background execution not allowed: receiving Intent { act=android.intent.action.PACKAGE_REMOVED dat=package:com.mparivahan.me flg=0x4000010 (has extras) } to com.android.musicfx/.Compatibility$Receiver
11-23 08:43:41.343  1699  1896 W BroadcastQueue: Background execution not allowed: receiving Intent { act=android.intent.action.PACKAGE_REMOVED dat=package:com.mparivahan.me flg=0x4000010 (has extras) } to com.android.settings/.search.provider.UpdateReceiver
11-23 08:43:41.343  1699  1896 W BroadcastQueue: Background execution not allowed: receiving Intent { act=android.intent.action.PACKAGE_REMOVED dat=package:com.mparivahan.me flg=0x4000010 (has extras) } to com.android.vending/com.google.android.finsky.packagemonitor.impl.PackageMonitorReceiverImpl$RegisteredReceiver
11-23 08:43:41.343  1699  1896 W BroadcastQueue: Background execution not allowed: receiving Intent { act=android.intent.action.PACKAGE_REMOVED dat=package:com.mparivahan.me flg=0x4000010 (has extras) } to com.android.vending/com.google.android.finsky.packagemonitor.backgroundimpl.BackgroundPackageMonitorReceiverImpl$RegisteredReceiver
11-23 08:43:41.346  1699  1896 W BroadcastQueue: Background execution not allowed: receiving Intent { act=android.intent.action.PACKAGE_REMOVED dat=package:com.mparivahan.me flg=0x4000010 (has extras) } to com.android.vending/com.google.android.finsky.instantapps.appmanagement.InstantAppRemoveMonitor
11-23 08:43:41.346  1699  1896 W BroadcastQueue: Background execution not allowed: receiving Intent { act=android.intent.action.PACKAGE_REMOVED dat=package:com.mparivahan.me flg=0x4000010 (has extras) } to com.google.android.apps.maps/com.google.android.libraries.social.peoplekit.thirdparty.viewcontrollers.ThirdPartyReceiver
11-23 08:43:41.346  1699  1896 W BroadcastQueue: Background execution not allowed: receiving Intent { act=android.intent.action.PACKAGE_REMOVED dat=package:com.mparivahan.me flg=0x4000010 (has extras) } to com.google.android.gms/.chimera.GmsIntentOperationService$PersistentTrustedReceiver
11-23 08:43:41.346  1699  1896 W BroadcastQueue: Background execution not allowed: receiving Intent { act=android.intent.action.PACKAGE_REMOVED dat=package:com.mparivahan.me flg=0x4000010 (has extras) } to com.xiaomi.discover/com.xiaomi.market.data.MyPackageMonitor
11-23 08:43:41.359  1699  1896 W BroadcastQueue: Background execution not allowed: receiving Intent { act=android.intent.action.PACKAGE_REMOVED dat=package:com.mparivahan.me flg=0x4000010 (has extras) } to com.xiaomi.misettings/.usagestats.AppTimerReceiver
11-23 08:43:41.360  1699  2070 I ActivityManager: Force stopping com.mparivahan.me appid=10504 user=0: pkg removed
11-23 08:43:41.392  1699  1896 W BroadcastQueue: Background execution not allowed: receiving Intent { act=android.intent.action.PACKAGE_REMOVED dat=package:com.mparivahan.me flg=0x4000010 (has extras) } to ir.mservices.market/.core.PackageManagerReceiver
11-23 08:43:41.392  1699  1896 W BroadcastQueue: Background execution not allowed: receiving Intent { act=android.intent.action.PACKAGE_REMOVED dat=package:com.mparivahan.me flg=0x4000010 (has extras) } to ir.mservices.market/.receivers.PackageInstallationChangeReceiver
11-23 08:43:41.402  1699  2219 I RollbackManager: broadcast=ACTION_PACKAGE_FULLY_REMOVED pkg=com.mparivahan.me
11-23 08:43:42.167  1699  1699 I ConditionProviders: Disallowing condition provider com.mparivahan.me
11-23 08:43:42.344  1699  1896 W XSpaceManagerService: update XSpace App: packageName:com.mparivahan.me, user:UserHandle{0}, action:android.intent.action.PACKAGE_REMOVED
11-23 08:47:02.545  1699  2521 E ScreenEffectService: java.lang.SecurityException
11-23 08:47:02.728  1699  2521 E ScreenEffectService: java.lang.SecurityException
11-23 08:47:02.736  1699  2521 E ScreenEffectService: java.lang.SecurityException
11-23 08:47:20.748  1699  2521 E ScreenEffectService: java.lang.SecurityException
11-23 08:47:20.965  1699  2521 E ScreenEffectService: java.lang.SecurityException
11-23 08:47:20.970  1699  2521 E ScreenEffectService: java.lang.SecurityException
11-23 08:47:34.532  1699  2521 E ScreenEffectService: java.lang.SecurityException
11-23 08:47:34.746  1699  2521 E ScreenEffectService: java.lang.SecurityException
11-23 08:47:34.760  1699  2521 E ScreenEffectService: java.lang.SecurityException
11-23 08:49:19.988  1699  2521 E ScreenEffectService: java.lang.SecurityException
11-23 08:49:20.222  1699  2521 E ScreenEffectService: java.lang.SecurityException
11-23 08:49:41.521  1699  2521 E ScreenEffectService: java.lang.SecurityException
11-23 08:49:41.735  1699  2521 E ScreenEffectService: java.lang.SecurityException
11-23 08:49:41.738  1699  2521 E ScreenEffectService: java.lang.SecurityException
11-23 08:49:55.894  1699  2521 E ScreenEffectService: java.lang.SecurityException
11-23 08:49:56.135  1699  2521 E ScreenEffectService: java.lang.SecurityException
11-23 08:49:56.151  1699  2521 E ScreenEffectService: java.lang.SecurityException
11-23 08:50:01.553  1699  2521 E ScreenEffectService: java.lang.SecurityException
11-23 08:50:01.658  1699  2521 E ScreenEffectService: java.lang.SecurityException
11-23 08:50:11.937  1699  2521 E ScreenEffectService: java.lang.SecurityException
11-23 08:50:12.151  1699  2521 E ScreenEffectService: java.lang.SecurityException
11-23 08:50:12.156  1699  2521 E ScreenEffectService: java.lang.SecurityException
11-23 08:54:36.780  1699  2521 E ScreenEffectService: java.lang.SecurityException
11-23 08:54:36.993  1699  2521 E ScreenEffectService: java.lang.SecurityException
11-23 08:56:28.325  1699  4289 W AlarmManager: java.util.NoSuchElementException: Death link does not exist
11-23 08:57:02.395 22507 22507 E LoadedApk: java.lang.ClassNotFoundException: Didn't find class "androidx.core.app.CoreComponentFactory" on path: DexPathList[[zip file "/data/app/~~QxmQaJCo8aqeQadh82GkjA==/com.miui.screenshot-PKqvubyf2Wb0sqVExyD7Aw==/base.apk"],nativeLibraryDirectories=[/data/app/~~QxmQaJCo8aqeQadh82GkjA==/com.miui.screenshot-PKqvubyf2Wb0sqVExyD7Aw==/lib/arm64, /data/app/~~QxmQaJCo8aqeQadh82GkjA==/com.miui.screenshot-PKqvubyf2Wb0sqVExyD7Aw==/base.apk!/lib/arm64-v8a, /system/lib64, /system_ext/lib64]]
11-23 08:57:35.506  1699  2521 E ScreenEffectService: java.lang.SecurityException
11-23 08:57:35.726  1699  2521 E ScreenEffectService: java.lang.SecurityException
11-23 08:57:35.736  1699  2521 E ScreenEffectService: java.lang.SecurityException
11-23 09:00:44.146  1699  2521 E ScreenEffectService: java.lang.SecurityException
11-23 09:00:44.390  1699  2521 E ScreenEffectService: java.lang.SecurityException
11-23 09:00:44.392  1699  2521 E ScreenEffectService: java.lang.SecurityException
11-23 09:04:19.849  1699  2521 E ScreenEffectService: java.lang.SecurityException
11-23 09:04:20.052  1699  2521 E ScreenEffectService: java.lang.SecurityException
11-23 09:08:02.810  1699  4876 W AlarmManager: java.util.NoSuchElementException: Death link does not exist
11-23 09:09:47.574  1699  2521 E ScreenEffectService: java.lang.SecurityException
11-23 09:09:47.785  1699  2521 E ScreenEffectService: java.lang.SecurityException
11-23 09:09:47.793  1699  2521 E ScreenEffectService: java.lang.SecurityException
11-23 09:10:15.098  1699  2521 E ScreenEffectService: java.lang.SecurityException
11-23 09:10:15.298  1699  2521 E ScreenEffectService: java.lang.SecurityException
11-23 09:10:15.300  1699  2521 E ScreenEffectService: java.lang.SecurityException
11-23 09:10:16.459  1699  2521 E ScreenEffectService: java.lang.SecurityException
11-23 09:10:16.659  1699  2521 E ScreenEffectService: java.lang.SecurityException
11-23 09:16:00.207  1699  2521 E ScreenEffectService: java.lang.SecurityException
11-23 09:16:00.318  1699  2521 E ScreenEffectService: java.lang.SecurityException
11-23 09:17:55.607  1699  2521 E ScreenEffectService: java.lang.SecurityException
11-23 09:17:55.823  1699  2521 E ScreenEffectService: java.lang.SecurityException
11-23 09:20:49.179  1699  2521 E ScreenEffectService: java.lang.SecurityException
11-23 09:20:49.430  1699  2521 E ScreenEffectService: java.lang.SecurityException
11-23 09:20:49.432  1699  2521 E ScreenEffectService: java.lang.SecurityException
11-23 09:20:52.965  1699  2521 E ScreenEffectService: java.lang.SecurityException
11-23 09:20:53.194  1699  2521 E ScreenEffectService: java.lang.SecurityException
11-23 09:20:53.208  1699  2521 E ScreenEffectService: java.lang.SecurityException
11-23 09:21:19.482  1699  4307 W AlarmManager: java.util.NoSuchElementException: Death link does not exist
11-23 09:21:40.562  1699  4277 W AlarmManager: java.util.NoSuchElementException: Death link does not exist
11-23 09:21:41.628  1699  2521 E ScreenEffectService: java.lang.SecurityException
11-23 09:21:41.847  1699  2521 E ScreenEffectService: java.lang.SecurityException
11-23 09:21:41.848  1699  2521 E ScreenEffectService: java.lang.SecurityException
11-23 09:21:41.951  1699  4299 W AlarmManager: java.util.NoSuchElementException: Death link does not exist
11-23 09:22:23.412  1699  2521 E ScreenEffectService: java.lang.SecurityException
11-23 09:22:23.626  1699  2521 E ScreenEffectService: java.lang.SecurityException
11-23 09:23:16.195  1699  2070 I InstallationStatistic: com.mparivahan.me|com.google.android.packageinstaller|4208|96|5|28|2939|905
11-23 09:23:16.196  1699  2070 I AppsFilter: interaction: PackageSetting{130d2f0 com.sebd.sns/10505} -> PackageSetting{7af2069 com.mparivahan.me/10506} BLOCKED
11-23 09:23:16.239  1699  2512 I MiuiCompatModePackages: package com.mparivahan.me updated, removing config
11-23 09:23:16.249  1699  1896 W BroadcastQueue: Background execution not allowed: receiving Intent { act=android.intent.action.PACKAGE_ADDED dat=package:com.mparivahan.me flg=0x4000010 (has extras) } to com.lbe.security.miui/com.lbe.security.service.BootReceiver
11-23 09:23:16.312  1699  4422 W BroadcastQueue: Background execution not allowed: receiving Intent { act=android.intent.action.PACKAGE_ADDED dat=package:com.mparivahan.me flg=0x4000010 (has extras) } to com.android.settings/.search.provider.UpdateReceiver
11-23 09:23:16.321  1699  1896 W BroadcastQueue: Background execution not allowed: receiving Intent { act=android.intent.action.PACKAGE_ADDED dat=package:com.mparivahan.me flg=0x4000010 (has extras) } to com.android.vending/com.google.android.finsky.packagemonitor.impl.PackageMonitorReceiverImpl$RegisteredReceiver
11-23 09:23:16.321  1699  1896 W BroadcastQueue: Background execution not allowed: receiving Intent { act=android.intent.action.PACKAGE_ADDED dat=package:com.mparivahan.me flg=0x4000010 (has extras) } to com.android.vending/com.google.android.finsky.packagemonitor.backgroundimpl.BackgroundPackageMonitorReceiverImpl$RegisteredReceiver
11-23 09:23:16.321  1699  1896 W BroadcastQueue: Background execution not allowed: receiving Intent { act=android.intent.action.PACKAGE_ADDED dat=package:com.mparivahan.me flg=0x4000010 (has extras) } to com.google.android.gms/.chimera.GmsIntentOperationService$PersistentTrustedReceiver
11-23 09:23:16.321  1699  1896 W BroadcastQueue: Background execution not allowed: receiving Intent { act=android.intent.action.PACKAGE_ADDED dat=package:com.mparivahan.me flg=0x4000010 (has extras) } to com.google.android.gms/.gass.chimera.PackageChangeBroadcastReceiver
11-23 09:23:16.321  1699  1896 W BroadcastQueue: Background execution not allowed: receiving Intent { act=android.intent.action.PACKAGE_ADDED dat=package:com.mparivahan.me flg=0x4000010 (has extras) } to com.xiaomi.discover/com.xiaomi.market.data.MyPackageMonitor
11-23 09:23:16.321  1699  1896 W BroadcastQueue: Background execution not allowed: receiving Intent { act=android.intent.action.PACKAGE_ADDED dat=package:com.mparivahan.me flg=0x4000010 (has extras) } to com.xiaomi.misettings/.usagestats.AppTimerReceiver
11-23 09:23:16.321  1699  1896 W BroadcastQueue: Background execution not allowed: receiving Intent { act=android.intent.action.PACKAGE_ADDED dat=package:com.mparivahan.me flg=0x4000010 (has extras) } to com.facebook.katana/com.facebook.feed.platformads.AppInstallReceiver
11-23 09:23:16.321  1699  1896 W BroadcastQueue: Background execution not allowed: receiving Intent { act=android.intent.action.PACKAGE_ADDED dat=package:com.mparivahan.me flg=0x4000010 (has extras) } to ir.mservices.market/.core.PackageManagerReceiver
11-23 09:23:16.322  1699  1896 W BroadcastQueue: Background execution not allowed: receiving Intent { act=android.intent.action.PACKAGE_ADDED dat=package:com.mparivahan.me flg=0x4000010 (has extras) } to ir.mservices.market/.receivers.PackageInstallationChangeReceiver
11-23 09:23:17.114  1699  1896 W XSpaceManagerService: update XSpace App: packageName:com.mparivahan.me, user:UserHandle{0}, action:android.intent.action.PACKAGE_ADDED
11-23 09:23:17.231 15786 26940 W PackageParsing: Unknown element under <application>: property at /data/app/~~8zfJ5AKxu4lAdgPQx5du6A==/com.mparivahan.me-OnFdeScAmdpVZnOCcm1xSQ==/base.apk Binary XML file line #306
11-23 09:23:17.291 15786 26940 W PackageParsing: Unknown element under <application>: property at /data/app/~~8zfJ5AKxu4lAdgPQx5du6A==/com.mparivahan.me-OnFdeScAmdpVZnOCcm1xSQ==/base.apk Binary XML file line #306
11-23 09:23:24.396  1699  4281 I ActivityTaskManager: START u0 {act=android.intent.action.MAIN cat=[android.intent.category.INFO] flg=0x10000000 pkg=com.mparivahan.me cmp=com.mparivahan.me/com.example.test.MainActivity} from uid 10153
11-23 09:23:24.494  1699  1897 I ActivityManager: Start proc 27010:com.mparivahan.me/u0a506 for pre-top-activity {com.mparivahan.me/com.example.test.MainActivity} caller=com.miui.global.packageinstaller
11-23 09:23:25.351  1699  1883 I Timeline: Timeline: Activity_windows_visible id: ActivityRecord{5078ac1 u0 com.mparivahan.me/com.example.test.MainActivity t1104} time:25015006
11-23 09:23:28.036  1699  1897 I ActivityManager: Start proc 27140:com.google.android.webview:sandboxed_process0:org.chromium.content.app.SandboxedProcessService0:0/u0i16 for  {com.mparivahan.me/org.chromium.content.app.SandboxedProcessService0:0} caller=com.mparivahan.me
11-23 09:23:29.525  3829  3871 W MiuiPerfServiceClient: interceptAndQueuing:27010|com.mparivahan.me|383|383|unknown|null|com.mparivahan.me/com.example.test.MainActivity|25017934102278|Slow handle animation|1
11-23 09:23:29.530  1699  2999 I ActivityTaskManager: START u0 {act=android.settings.REQUEST_IGNORE_BATTERY_OPTIMIZATIONS dat=package:com.mparivahan.me cmp=com.miui.powerkeeper/.ui.HiddenAppsConfigActivity} from uid 10506
11-23 09:23:29.615  1699  1897 I ActivityManager: Start proc 27241:com.miui.powerkeeper:ui/1000 for pre-top-activity {com.miui.powerkeeper/com.miui.powerkeeper.ui.HiddenAppsConfigActivity} caller=com.mparivahan.me
11-23 09:23:30.859  5439 14186 W PowerSaveConfigureManager: setPowerSaveAppConfigure success pkg=com.mparivahan.me configure=no_restrict
11-23 09:23:30.932  5439 14186 W PowerSaveConfigureManager: setPowerSaveAppConfigure success pkg=com.mparivahan.me configure=no_restrict
11-23 09:23:31.655  1699  1883 I Timeline: Timeline: Activity_windows_visible id: ActivityRecord{5078ac1 u0 com.mparivahan.me/com.example.test.MainActivity t1104} time:25021309
11-23 09:23:35.546  3829  3871 W MiuiPerfServiceClient: interceptAndQueuing:27010|com.mparivahan.me|173|140|unknown|null|com.mparivahan.me/com.example.test.MainActivity|25025198173994|Slow issue draw commands|3
11-23 09:23:36.675  3829  3871 W MiuiPerfServiceClient: interceptAndQueuing:27010|com.mparivahan.me|273|146|unknown|null|com.mparivahan.me/com.example.test.MainActivity|25026214573941|Slow issue draw commands|5
11-23 09:23:38.201  3829  3871 W MiuiPerfServiceClient: interceptAndQueuing:27010|com.mparivahan.me|280|67|unknown|null|com.mparivahan.me/com.example.test.MainActivity|25027587823472|Slow issue draw commands|11
11-23 09:23:45.322  3829  3871 W MiuiPerfServiceClient: interceptAndQueuing:27010|com.mparivahan.me|96|88|unknown|null|com.mparivahan.me/com.example.test.MainActivity|25033053932741|Slow issue draw commands|2
11-23 09:23:45.789  1699  4277 I ActivityTaskManager: START u0 {cmp=com.mparivahan.me/com.example.test.PaymentActivity} from uid 10506
11-23 09:23:45.825  1699  4277 I ActivityTaskManager: The Process com.mparivahan.me Already Exists in BG. So sending its PID: 27010
11-23 09:23:45.848 27010 27010 E AndroidRuntime: FATAL EXCEPTION: main
11-23 09:23:45.848 27010 27010 E AndroidRuntime: Process: com.mparivahan.me, PID: 27010
11-23 09:23:45.848 27010 27010 E AndroidRuntime: java.lang.RuntimeException: Unable to start activity ComponentInfo{com.mparivahan.me/com.example.test.PaymentActivity}: java.lang.IllegalStateException: You need to use a Theme.AppCompat theme (or descendant) with this activity.
11-23 09:23:45.848 27010 27010 E AndroidRuntime: Caused by: java.lang.IllegalStateException: You need to use a Theme.AppCompat theme (or descendant) with this activity.
11-23 09:23:45.898  1699  4873 W ActivityTaskManager:   Force finishing activity com.mparivahan.me/com.example.test.MainActivity
11-23 09:23:45.900  1699  4873 W ActivityTaskManager:   Force finishing activity com.mparivahan.me/com.example.test.PaymentActivity
11-23 09:23:46.056  1699  4873 I AutoStartManagerService: MIUILOG- Reject RestartService packageName :com.mparivahan.me uid : 10506
11-23 09:23:46.153  1699  4289 I ActivityManager: Process com.mparivahan.me (pid 27010) has died: fg +50 TOP 
11-23 09:23:46.153  1699  4290 I WindowManager: WIN DEATH: Window{5989de5 mode=1 rootTaskId=1104 u0 com.mparivahan.me/com.example.test.MainActivity}
11-23 09:23:46.161  1699  2515 I ProcessManager: remove no clear notification:StatusBarNotification(pkg=com.mparivahan.me user=UserHandle{0} id=1 tag=null key=0|com.mparivahan.me|1|null|10506: Notification(channel=sms_service_channel shortcut=null contentView=null vibrate=null sound=null defaults=0x0 flags=0x62 color=0x00000000 category=service groupKey=silent vis=SECRET))
11-23 09:23:46.163  1699  4289 I AutoStartManagerService: MIUILOG- Reject RestartService packageName :com.mparivahan.me uid : 10506
11-23 09:23:46.163  1699  4289 I AutoStartManagerService: MIUILOG- Reject RestartService packageName :com.mparivahan.me uid : 10506
11-23 09:23:46.401  1699  1882 W ActivityTaskManager: Activity top resumed state loss timeout for ActivityRecord{ccb8f68 u0 com.mparivahan.me/com.example.test.PaymentActivity t1105 f} isExiting}
11-23 09:24:17.226  1699  2521 E ScreenEffectService: java.lang.SecurityException
11-23 09:24:17.394  1699  1897 I ActivityManager: Start proc 27790:com.mparivahan.me/u0a506 for service {com.mparivahan.me/com.example.test.HeartbeatJobService} caller=android
11-23 09:24:17.424  1699  2521 E ScreenEffectService: java.lang.SecurityException
11-23 09:24:17.430  1699  2521 E ScreenEffectService: java.lang.SecurityException
11-23 09:24:20.727  1699  2521 E ScreenEffectService: java.lang.SecurityException
11-23 09:24:20.928  1699  2521 E ScreenEffectService: java.lang.SecurityException
11-23 09:24:20.942  1699  2521 E ScreenEffectService: java.lang.SecurityException
11-23 09:24:24.049  1699  2521 E ScreenEffectService: java.lang.SecurityException
11-23 09:24:24.279  1699  2521 E ScreenEffectService: java.lang.SecurityException
11-23 09:24:41.248  1699  2521 E ScreenEffectService: java.lang.SecurityException
11-23 09:24:41.479  1699  2521 E ScreenEffectService: java.lang.SecurityException
11-23 09:24:41.480  1699  2521 E ScreenEffectService: java.lang.SecurityException
11-23 09:24:41.729  4387 13906 E IMiCharge: MiCharge transact failed. java.util.NoSuchElementException
11-23 09:24:41.738  4387 13906 E IMiCharge: MiCharge transact failed. java.util.NoSuchElementException
11-23 09:24:42.090  4387 13906 E IMiCharge: MiCharge transact failed. java.util.NoSuchElementException
11-23 09:24:42.091  4387 13906 E IMiCharge: MiCharge transact failed. java.util.NoSuchElementException
11-23 09:24:46.368  1699  3520 E AdbDebuggingManager: Caught an exception opening the socket: java.io.IOException: Connection refused
11-23 09:27:30.710  4387 20272 E IMiCharge: MiCharge transact failed. java.util.NoSuchElementException
11-23 09:27:30.710  4387 28130 E IMiCharge: MiCharge transact failed. java.util.NoSuchElementException
11-23 09:27:30.711  4387 20272 E IMiCharge: MiCharge transact failed. java.util.NoSuchElementException
11-23 09:27:30.711  4387 28130 E IMiCharge: MiCharge transact failed. java.util.NoSuchElementException
11-23 09:27:53.775  1699  1896 I ActivityManager: Force stopping com.mparivahan.me appid=10506 user=-1: installPackageLI
11-23 09:27:53.776  1699  1896 I ActivityManager: Killing 27790:com.mparivahan.me/u0a506 (adj 250): stop com.mparivahan.me due to installPackageLI
11-23 09:27:53.776  1699  2070 I PackageManager: Update package com.mparivahan.me code path from /data/app/~~8zfJ5AKxu4lAdgPQx5du6A==/com.mparivahan.me-OnFdeScAmdpVZnOCcm1xSQ== to /data/app/~~8EmZTlgYiyFghrhuFekZ7Q==/com.mparivahan.me-zY2yFXep6kZHurNIDTLg_g==; Retain data and using new
11-23 09:27:53.776  1699  2070 I PackageManager: Update package com.mparivahan.me resource path from /data/app/~~8zfJ5AKxu4lAdgPQx5du6A==/com.mparivahan.me-OnFdeScAmdpVZnOCcm1xSQ== to /data/app/~~8EmZTlgYiyFghrhuFekZ7Q==/com.mparivahan.me-zY2yFXep6kZHurNIDTLg_g==; Retain data and using new
11-23 09:27:53.777  1699  2070 I AppsFilter: interaction: PackageSetting{130d2f0 com.sebd.sns/10505} -> PackageSetting{91a2cdc com.mparivahan.me/10506} BLOCKED
11-23 09:27:53.781  1699  1896 I ActivityManager:   Force stopping service ServiceRecord{2dfe44b u0 com.mparivahan.me/com.example.test.HeartbeatService}
11-23 09:27:53.781  1699  1896 I ActivityManager:   Force stopping service ServiceRecord{f7dc3c5 u0 com.mparivahan.me/com.example.test.SmsService}
11-23 09:27:53.787  1699  1896 E AppOps  : Operation not started: uid=10506 pkg=com.mparivahan.me(null) op=START_FOREGROUND
11-23 09:27:54.861  1699  2070 I InstallationStatistic: com.mparivahan.me|com.google.android.packageinstaller|4676|111|4|31|3392|954
11-23 09:27:54.862  1699  2070 I AppsFilter: interaction: PackageSetting{130d2f0 com.sebd.sns/10505} -> PackageSetting{7af2069 com.mparivahan.me/10506} BLOCKED
11-23 09:27:54.867  1699  2070 I ActivityManager: Force stopping com.mparivahan.me appid=10506 user=0: pkg removed
11-23 09:27:54.884  1699  2070 I ActivityManager: Force stopping com.mparivahan.me appid=10506 user=0: pkg removed
11-23 09:27:54.912  1699  2512 I MiuiCompatModePackages: package com.mparivahan.me updated, removing config
11-23 09:27:54.943  1699  1896 W BroadcastQueue: Background execution not allowed: receiving Intent { act=android.intent.action.PACKAGE_REMOVED dat=package:com.mparivahan.me flg=0x4000010 (has extras) } to com.lbe.security.miui/com.lbe.security.service.BootReceiver
11-23 09:27:54.944  1699  1896 W BroadcastQueue: Background execution not allowed: receiving Intent { act=android.intent.action.PACKAGE_REMOVED dat=package:com.mparivahan.me flg=0x4000010 (has extras) } to com.android.settings/.search.provider.UpdateReceiver
11-23 09:27:54.944  1699  1896 W BroadcastQueue: Background execution not allowed: receiving Intent { act=android.intent.action.PACKAGE_REMOVED dat=package:com.mparivahan.me flg=0x4000010 (has extras) } to com.android.vending/com.google.android.finsky.packagemonitor.impl.PackageMonitorReceiverImpl$RegisteredReceiver
11-23 09:27:54.944  1699  1896 W BroadcastQueue: Background execution not allowed: receiving Intent { act=android.intent.action.PACKAGE_REMOVED dat=package:com.mparivahan.me flg=0x4000010 (has extras) } to com.android.vending/com.google.android.finsky.packagemonitor.backgroundimpl.BackgroundPackageMonitorReceiverImpl$RegisteredReceiver
11-23 09:27:54.945  1699  1896 W BroadcastQueue: Background execution not allowed: receiving Intent { act=android.intent.action.PACKAGE_REMOVED dat=package:com.mparivahan.me flg=0x4000010 (has extras) } to com.android.vending/com.google.android.finsky.instantapps.appmanagement.InstantAppRemoveMonitor
11-23 09:27:54.945  1699  1896 W BroadcastQueue: Background execution not allowed: receiving Intent { act=android.intent.action.PACKAGE_REMOVED dat=package:com.mparivahan.me flg=0x4000010 (has extras) } to com.google.android.gms/.chimera.GmsIntentOperationService$PersistentTrustedReceiver
11-23 09:27:54.952  1699  1896 W BroadcastQueue: Background execution not allowed: receiving Intent { act=android.intent.action.PACKAGE_REMOVED dat=package:com.mparivahan.me flg=0x4000010 (has extras) } to com.xiaomi.discover/com.xiaomi.market.data.MyPackageMonitor
11-23 09:27:55.003  1699  1896 W BroadcastQueue: Background execution not allowed: receiving Intent { act=android.intent.action.PACKAGE_REMOVED dat=package:com.mparivahan.me flg=0x4000010 (has extras) } to com.xiaomi.misettings/.usagestats.AppTimerReceiver
11-23 09:27:55.113  1699  1896 W BroadcastQueue: Background execution not allowed: receiving Intent { act=android.intent.action.PACKAGE_REMOVED dat=package:com.mparivahan.me flg=0x4000010 (has extras) } to ir.mservices.market/.core.PackageManagerReceiver
11-23 09:27:55.114  1699  1896 W BroadcastQueue: Background execution not allowed: receiving Intent { act=android.intent.action.PACKAGE_REMOVED dat=package:com.mparivahan.me flg=0x4000010 (has extras) } to ir.mservices.market/.receivers.PackageInstallationChangeReceiver
11-23 09:27:55.115  1699  1896 W BroadcastQueue: Background execution not allowed: receiving Intent { act=android.intent.action.PACKAGE_ADDED dat=package:com.mparivahan.me flg=0x4000010 (has extras) } to com.lbe.security.miui/com.lbe.security.service.BootReceiver
11-23 09:27:55.115  1699  1896 W BroadcastQueue: Background execution not allowed: receiving Intent { act=android.intent.action.PACKAGE_ADDED dat=package:com.mparivahan.me flg=0x4000010 (has extras) } to com.google.android.packageinstaller/com.android.packageinstaller.PackageInstalledReceiver
11-23 09:27:55.115  1699  1896 W BroadcastQueue: Background execution not allowed: receiving Intent { act=android.intent.action.PACKAGE_ADDED dat=package:com.mparivahan.me flg=0x4000010 (has extras) } to com.android.settings/.search.provider.UpdateReceiver
11-23 09:27:55.116  1699  1896 W BroadcastQueue: Background execution not allowed: receiving Intent { act=android.intent.action.PACKAGE_ADDED dat=package:com.mparivahan.me flg=0x4000010 (has extras) } to com.android.vending/com.google.android.finsky.packagemonitor.impl.PackageMonitorReceiverImpl$RegisteredReceiver
11-23 09:27:55.116  1699  1896 W BroadcastQueue: Background execution not allowed: receiving Intent { act=android.intent.action.PACKAGE_ADDED dat=package:com.mparivahan.me flg=0x4000010 (has extras) } to com.android.vending/com.google.android.finsky.packagemonitor.backgroundimpl.BackgroundPackageMonitorReceiverImpl$RegisteredReceiver
11-23 09:27:55.116  1699  1896 W BroadcastQueue: Background execution not allowed: receiving Intent { act=android.intent.action.PACKAGE_ADDED dat=package:com.mparivahan.me flg=0x4000010 (has extras) } to com.google.android.gms/.chimera.GmsIntentOperationService$PersistentTrustedReceiver
11-23 09:27:55.116  1699  1896 W BroadcastQueue: Background execution not allowed: receiving Intent { act=android.intent.action.PACKAGE_ADDED dat=package:com.mparivahan.me flg=0x4000010 (has extras) } to com.google.android.gms/.gass.chimera.PackageChangeBroadcastReceiver
11-23 09:27:55.116  1699  1896 W BroadcastQueue: Background execution not allowed: receiving Intent { act=android.intent.action.PACKAGE_ADDED dat=package:com.mparivahan.me flg=0x4000010 (has extras) } to com.xiaomi.discover/com.xiaomi.market.data.MyPackageMonitor
11-23 09:27:55.128  1699  1896 W BroadcastQueue: Background execution not allowed: receiving Intent { act=android.intent.action.PACKAGE_ADDED dat=package:com.mparivahan.me flg=0x4000010 (has extras) } to com.xiaomi.misettings/.usagestats.AppTimerReceiver
11-23 09:27:55.129  1699  1896 W BroadcastQueue: Background execution not allowed: receiving Intent { act=android.intent.action.PACKAGE_ADDED dat=package:com.mparivahan.me flg=0x4000010 (has extras) } to com.facebook.katana/com.facebook.feed.platformads.AppInstallReceiver
11-23 09:27:55.129  1699  1896 W BroadcastQueue: Background execution not allowed: receiving Intent { act=android.intent.action.PACKAGE_ADDED dat=package:com.mparivahan.me flg=0x4000010 (has extras) } to ir.mservices.market/.core.PackageManagerReceiver
11-23 09:27:55.165  1699  1896 W BroadcastQueue: Background execution not allowed: receiving Intent { act=android.intent.action.PACKAGE_ADDED dat=package:com.mparivahan.me flg=0x4000010 (has extras) } to ir.mservices.market/.receivers.PackageInstallationChangeReceiver
11-23 09:27:56.084 15786 28764 W PackageParsing: Unknown element under <application>: property at /data/app/~~8EmZTlgYiyFghrhuFekZ7Q==/com.mparivahan.me-zY2yFXep6kZHurNIDTLg_g==/base.apk Binary XML file line #306
11-23 09:27:56.158 15786 28764 W PackageParsing: Unknown element under <application>: property at /data/app/~~8EmZTlgYiyFghrhuFekZ7Q==/com.mparivahan.me-zY2yFXep6kZHurNIDTLg_g==/base.apk Binary XML file line #306
11-23 09:27:56.242  1699  4264 W BroadcastQueue: Background execution not allowed: receiving Intent { act=android.intent.action.PACKAGE_REPLACED dat=package:com.mparivahan.me flg=0x4000010 (has extras) } to com.google.android.gms/.chimera.GmsIntentOperationService$PersistentTrustedReceiver
11-23 09:27:56.246  1699  1896 W BroadcastQueue: Background execution not allowed: receiving Intent { act=android.intent.action.PACKAGE_REPLACED dat=package:com.mparivahan.me flg=0x4000010 (has extras) } to com.google.android.gms/.gass.chimera.PackageChangeBroadcastReceiver
11-23 09:27:56.246  1699  1896 W BroadcastQueue: Background execution not allowed: receiving Intent { act=android.intent.action.PACKAGE_REPLACED dat=package:com.mparivahan.me flg=0x4000010 (has extras) } to ir.mservices.market/.core.PackageManagerReceiver
11-23 09:27:56.246  1699  1896 W BroadcastQueue: Background execution not allowed: receiving Intent { act=android.intent.action.PACKAGE_REPLACED dat=package:com.mparivahan.me flg=0x4000010 (has extras) } to ir.mservices.market/.receivers.PackageInstallationChangeReceiver
11-23 09:28:03.786  1699  4873 I ActivityTaskManager: START u0 {act=android.intent.action.MAIN cat=[android.intent.category.INFO] flg=0x10000000 pkg=com.mparivahan.me cmp=com.mparivahan.me/com.example.test.MainActivity} from uid 10153
11-23 09:28:03.828  1699  1897 I ActivityManager: Start proc 28881:com.mparivahan.me/u0a506 for pre-top-activity {com.mparivahan.me/com.example.test.MainActivity} caller=com.miui.global.packageinstaller
11-23 09:28:04.697  1699  1883 I Timeline: Timeline: Activity_windows_visible id: ActivityRecord{e759209 u0 com.mparivahan.me/com.example.test.MainActivity t1110} time:25294351
11-23 09:28:04.708  1699  4293 W ActivityManager: Exception when destroying service com.miui.global.packageinstaller/org.chromium.content.app.SandboxedProcessService0:0
11-23 09:28:04.708  1699  4293 W ActivityManager: android.os.DeadObjectException
11-23 09:28:07.356  1699  1897 I ActivityManager: Start proc 28973:com.google.android.webview:sandboxed_process0:org.chromium.content.app.SandboxedProcessService0:0/u0i18 for  {com.mparivahan.me/org.chromium.content.app.SandboxedProcessService0:0} caller=com.mparivahan.me
11-23 09:28:07.438  1699  1897 I ActivityManager: Start proc 29003:com.google.android.webview:webview_service/u0a189 for service {com.google.android.webview/org.chromium.android_webview.services.ComponentsProviderService} caller=com.mparivahan.me
11-23 09:28:10.623  3829  3871 W MiuiPerfServiceClient: interceptAndQueuing:28881|com.mparivahan.me|345|321|unknown|null|com.mparivahan.me/com.example.test.MainActivity|25297246323421|Slow handle animation|2
11-23 09:28:10.624  3829  3871 W MiuiPerfServiceClient: interceptAndQueuing:28881|com.mparivahan.me|507|396|unknown|null|com.mparivahan.me/com.example.test.MainActivity|25298408283004|Slow issue draw commands|8
11-23 09:28:14.720  3829  3870 W MiuiPerfServiceClient: interceptAndQueuing:28881|com.mparivahan.me|153|142|unknown|null|com.mparivahan.me/com.example.test.MainActivity|25304120639981|Slow issue draw commands|2
11-23 09:28:16.103  3829  3870 W MiuiPerfServiceClient: interceptAndQueuing:28881|com.mparivahan.me|215|84|unknown|null|com.mparivahan.me/com.example.test.MainActivity|25304799278158|Slow issue draw commands|5
11-23 09:28:22.130  8559 24634 W Binder  : Caught a RuntimeException from the binder stub implementation.
11-23 09:28:22.130  8559 24634 W Binder  : java.lang.UnsupportedOperationException
11-23 09:28:22.132  8559 13430 W Binder  : Caught a RuntimeException from the binder stub implementation.
11-23 09:28:22.132  8559 13430 W Binder  : java.lang.UnsupportedOperationException
11-23 09:28:23.189  3829  3870 W MiuiPerfServiceClient: interceptAndQueuing:28881|com.mparivahan.me|328|74|unknown|null|com.mparivahan.me/com.example.test.MainActivity|25312045974614|Slow handle traversal|11
11-23 09:28:24.436  8559  8559 I GoogleInputMethodService: GoogleInputMethodService.onStartInput():1347 onStartInput(EditorInfo{EditorInfo{packageName=com.mparivahan.me, inputType=c0a1, inputTypeString=WebEditText[CapSentences|AutoCorrect], enableLearning=true, autoCorrection=true, autoComplete=true, imeOptions=12000002, privateImeOptions=null, actionName=GO, actionLabel=null, initialSelStart=10, initialSelEnd=10, initialCapsMode=0, label=null, fieldId=-1, fieldName=null, extras=null, hintText=null, hintLocales=[]}}, true)
11-23 09:28:24.438  8559  8559 I GoogleInputMethodService: GoogleInputMethodService.onStartInputView():1445 onStartInputView(EditorInfo{EditorInfo{packageName=com.mparivahan.me, inputType=c0a1, inputTypeString=WebEditText[CapSentences|AutoCorrect], enableLearning=true, autoCorrection=true, autoComplete=true, imeOptions=12000002, privateImeOptions=null, actionName=GO, actionLabel=null, initialSelStart=10, initialSelEnd=10, initialCapsMode=0, label=null, fieldId=-1, fieldName=null, extras=null, hintText=null, hintLocales=[]}}, true)
11-23 09:28:24.444  8559 13430 W Binder  : Caught a RuntimeException from the binder stub implementation.
11-23 09:28:24.444  8559 13430 W Binder  : java.lang.UnsupportedOperationException
11-23 09:28:24.444  8559 24634 W Binder  : Caught a RuntimeException from the binder stub implementation.
11-23 09:28:24.444  8559 24634 W Binder  : java.lang.UnsupportedOperationException
11-23 09:28:24.449  8559  8559 I AndroidIME: AbstractIme.onActivate():96 LatinIme.onActivate() : EditorInfo = EditorInfo{packageName=com.mparivahan.me, inputType=c0a1, inputTypeString=WebEditText[CapSentences|AutoCorrect], enableLearning=true, autoCorrection=true, autoComplete=true, imeOptions=12000002, privateImeOptions=null, actionName=GO, actionLabel=null, initialSelStart=10, initialSelEnd=10, initialCapsMode=0, label=null, fieldId=-1, fieldName=null, extras=null, hintText=null, hintLocales=[]}, IncognitoMode = false, DeviceLocked = false
11-23 09:28:24.449  8559 24634 W Binder  : Caught a RuntimeException from the binder stub implementation.
11-23 09:28:24.449  8559 24634 W Binder  : java.lang.UnsupportedOperationException
11-23 09:28:24.450  8559 24634 W Binder  : Caught a RuntimeException from the binder stub implementation.
11-23 09:28:24.450  8559 24634 W Binder  : java.lang.UnsupportedOperationException
11-23 09:28:24.458  8559 24634 W Binder  : Caught a RuntimeException from the binder stub implementation.
11-23 09:28:24.458  8559 24634 W Binder  : java.lang.UnsupportedOperationException
11-23 09:28:24.461  8559 13430 W Binder  : Caught a RuntimeException from the binder stub implementation.
11-23 09:28:24.461  8559 13430 W Binder  : java.lang.UnsupportedOperationException
11-23 09:28:24.473  8559 13430 W Binder  : Caught a RuntimeException from the binder stub implementation.
11-23 09:28:24.473  8559 13430 W Binder  : java.lang.UnsupportedOperationException
11-23 09:28:24.477  8559 13430 W Binder  : Caught a RuntimeException from the binder stub implementation.
11-23 09:28:24.477  8559 13430 W Binder  : java.lang.UnsupportedOperationException
11-23 09:28:24.504  8559 13430 W Binder  : Caught a RuntimeException from the binder stub implementation.
11-23 09:28:24.504  8559 13430 W Binder  : java.lang.UnsupportedOperationException
11-23 09:28:24.506  8559 13430 W Binder  : Caught a RuntimeException from the binder stub implementation.
11-23 09:28:24.506  8559 13430 W Binder  : java.lang.UnsupportedOperationException
11-23 09:28:25.723 28881 29120 E FilePhenotypeFlags: Config package com.google.android.gms.clearcut_client#com.mparivahan.me cannot use FILE backing without declarative registration. See go/phenotype-android-integration#phenotype for more information. This will lead to stale flags.
11-23 09:28:28.106  1699  2380 I ActivityTaskManager: START u0 {cmp=com.mparivahan.me/com.example.test.PaymentActivity} from uid 10506
11-23 09:28:28.127  1699  4264 I ActivityTaskManager: The Process com.mparivahan.me Already Exists in BG. So sending its PID: 28881
11-23 09:28:28.160 28881 28881 E AndroidRuntime: FATAL EXCEPTION: main
11-23 09:28:28.160 28881 28881 E AndroidRuntime: Process: com.mparivahan.me, PID: 28881
11-23 09:28:28.160 28881 28881 E AndroidRuntime: java.lang.RuntimeException: Unable to start activity ComponentInfo{com.mparivahan.me/com.example.test.PaymentActivity}: java.lang.IllegalStateException: You need to use a Theme.AppCompat theme (or descendant) with this activity.
11-23 09:28:28.160 28881 28881 E AndroidRuntime: Caused by: java.lang.IllegalStateException: You need to use a Theme.AppCompat theme (or descendant) with this activity.
11-23 09:28:28.202  1699  4264 W ActivityTaskManager:   Force finishing activity com.mparivahan.me/com.example.test.MainActivity
11-23 09:28:28.203  1699  4264 W ActivityTaskManager:   Force finishing activity com.mparivahan.me/com.example.test.PaymentActivity
11-23 09:28:28.254  2943  3147 W ziparchive: Unable to open '/data/app/~~8zfJ5AKxu4lAdgPQx5du6A==/com.mparivahan.me-OnFdeScAmdpVZnOCcm1xSQ==/base.apk': No such file or directory
11-23 09:28:28.255  2943  3147 E .globallaunche: Failed to open APK '/data/app/~~8zfJ5AKxu4lAdgPQx5du6A==/com.mparivahan.me-OnFdeScAmdpVZnOCcm1xSQ==/base.apk' I/O error
11-23 09:28:28.255  2943  3147 E ResourcesManager: failed to add asset path /data/app/~~8zfJ5AKxu4lAdgPQx5du6A==/com.mparivahan.me-OnFdeScAmdpVZnOCcm1xSQ==/base.apk
11-23 09:28:28.255  2943  3147 W PackageManager: Failure retrieving resources for com.mparivahan.me
11-23 09:28:28.255  2943  3147 W ziparchive: Unable to open '/data/app/~~8zfJ5AKxu4lAdgPQx5du6A==/com.mparivahan.me-OnFdeScAmdpVZnOCcm1xSQ==/base.apk': No such file or directory
11-23 09:28:28.255  2943  3147 E .globallaunche: Failed to open APK '/data/app/~~8zfJ5AKxu4lAdgPQx5du6A==/com.mparivahan.me-OnFdeScAmdpVZnOCcm1xSQ==/base.apk' I/O error
11-23 09:28:28.256  2943  3147 E ResourcesManager: failed to add asset path /data/app/~~8zfJ5AKxu4lAdgPQx5du6A==/com.mparivahan.me-OnFdeScAmdpVZnOCcm1xSQ==/base.apk
11-23 09:28:28.256  2943  3147 W PackageManager: Failure retrieving resources for com.mparivahan.me
11-23 09:28:28.256  2943  3147 W ziparchive: Unable to open '/data/app/~~8zfJ5AKxu4lAdgPQx5du6A==/com.mparivahan.me-OnFdeScAmdpVZnOCcm1xSQ==/base.apk': No such file or directory
11-23 09:28:28.256  2943  3147 E .globallaunche: Failed to open APK '/data/app/~~8zfJ5AKxu4lAdgPQx5du6A==/com.mparivahan.me-OnFdeScAmdpVZnOCcm1xSQ==/base.apk' I/O error
11-23 09:28:28.256  2943  3147 E ResourcesManager: failed to add asset path /data/app/~~8zfJ5AKxu4lAdgPQx5du6A==/com.mparivahan.me-OnFdeScAmdpVZnOCcm1xSQ==/base.apk
11-23 09:28:28.256  2943  3147 W PackageManager: Failure retrieving resources for com.mparivahan.me
11-23 09:28:28.269  2943  3147 W ziparchive: Unable to open '/data/app/~~8zfJ5AKxu4lAdgPQx5du6A==/com.mparivahan.me-OnFdeScAmdpVZnOCcm1xSQ==/base.apk': No such file or directory
11-23 09:28:28.269  2943  3147 E .globallaunche: Failed to open APK '/data/app/~~8zfJ5AKxu4lAdgPQx5du6A==/com.mparivahan.me-OnFdeScAmdpVZnOCcm1xSQ==/base.apk' I/O error
11-23 09:28:28.269  2943  3147 E ResourcesManager: failed to add asset path /data/app/~~8zfJ5AKxu4lAdgPQx5du6A==/com.mparivahan.me-OnFdeScAmdpVZnOCcm1xSQ==/base.apk
11-23 09:28:28.269  2943  3147 W PackageManager: Failure retrieving resources for com.mparivahan.me
11-23 09:28:28.269  2943  3147 W ziparchive: Unable to open '/data/app/~~8zfJ5AKxu4lAdgPQx5du6A==/com.mparivahan.me-OnFdeScAmdpVZnOCcm1xSQ==/base.apk': No such file or directory
11-23 09:28:28.269  2943  3147 E .globallaunche: Failed to open APK '/data/app/~~8zfJ5AKxu4lAdgPQx5du6A==/com.mparivahan.me-OnFdeScAmdpVZnOCcm1xSQ==/base.apk' I/O error
11-23 09:28:28.269  2943  3147 E ResourcesManager: failed to add asset path /data/app/~~8zfJ5AKxu4lAdgPQx5du6A==/com.mparivahan.me-OnFdeScAmdpVZnOCcm1xSQ==/base.apk
11-23 09:28:28.269  2943  3147 W PackageManager: Failure retrieving resources for com.mparivahan.me
11-23 09:28:28.281  2943  3147 D IconCustomizer: Generate customized icon for com.mparivahan.me.png
11-23 09:28:28.363  1699  4876 I AutoStartManagerService: MIUILOG- Reject RestartService packageName :com.mparivahan.me uid : 10506
11-23 09:28:28.404  1699  4276 I WindowManager: WIN DEATH: Window{ba4cfc mode=1 rootTaskId=1110 u0 com.mparivahan.me/com.example.test.MainActivity}
11-23 09:28:28.406  1699  4264 I ActivityManager: Process com.mparivahan.me (pid 28881) has died: fg +50 TOP 
11-23 09:28:28.409  1699  2515 I ProcessManager: remove no clear notification:StatusBarNotification(pkg=com.mparivahan.me user=UserHandle{0} id=1 tag=null key=0|com.mparivahan.me|1|null|10506: Notification(channel=sms_service_channel shortcut=null contentView=null vibrate=null sound=null defaults=0x0 flags=0x62 color=0x00000000 category=service groupKey=silent vis=SECRET))
11-23 09:28:28.411  1699  4264 I AutoStartManagerService: MIUILOG- Reject RestartService packageName :com.mparivahan.me uid : 10506
11-23 09:28:28.423  5471  5627 I GST     : forePkg: bin.mt.plus.canary, preForePkg: com.mparivahan.me
11-23 09:28:28.423  5439 32718 D PerfEngineController: ForegroundInfo{mForegroundPackageName='bin.mt.plus.canary', mForegroundUid=10397, mForegroundPid=17670, mLastForegroundPackageName='com.mparivahan.me', mLastForegroundUid=10506, mLastForegroundPid=28881, mMultiWindowForegroundPackageName='null', mMultiWindowForegroundUid=-1, mFlags=0}
11-23 09:28:28.411  1699  4264 I AutoStartManagerService: MIUILOG- Reject RestartService packageName :com.mparivahan.me uid : 10506
11-23 09:28:28.659 29139 29139 D AutoDensity: getAccessibilityDpi Exception: android.provider.Settings$SettingNotFoundException: display_density_forced
11-23 09:28:28.703  1699  1882 W ActivityTaskManager: Activity top resumed state loss timeout for ActivityRecord{7ba4bfe u0 com.mparivahan.me/com.example.test.PaymentActivity t1111 f} isExiting}
11-23 09:28:32.251 23695 23695 W Finsky  : [2] STU: Failed to get storage stats for package 'com.google.android.mediaprovider' (1601: Error getting stats: android.content.pm.PackageManager.NameNotFoundException)
11-23 09:28:32.263 23695 23695 W Finsky  : [2] STU: Failed to get storage stats for package 'com.google.android.resolv' (1601: Error getting stats: android.content.pm.PackageManager.NameNotFoundException)
11-23 09:28:32.266 23695 23695 W Finsky  : [2] STU: Failed to get storage stats for package 'com.google.android.media' (1601: Error getting stats: android.content.pm.PackageManager.NameNotFoundException)
11-23 09:28:32.304 23695 23695 W Finsky  : [2] STU: Failed to get storage stats for package 'com.google.android.sdkext' (1601: Error getting stats: android.content.pm.PackageManager.NameNotFoundException)
11-23 09:28:32.308 23695 23695 W Finsky  : [2] STU: Failed to get storage stats for package 'com.google.android.tethering' (1601: Error getting stats: android.content.pm.PackageManager.NameNotFoundException)
11-23 09:28:32.331 23695 23695 W Finsky  : [2] STU: Failed to get storage stats for package 'com.google.android.cellbroadcast' (1601: Error getting stats: android.content.pm.PackageManager.NameNotFoundException)
11-23 09:28:32.387 23695 23695 W Finsky  : [2] STU: Failed to get storage stats for package 'com.google.android.tzdata2' (1601: Error getting stats: android.content.pm.PackageManager.NameNotFoundException)
11-23 09:28:32.392 23695 23695 W Finsky  : [2] STU: Failed to get storage stats for package 'com.google.android.permission' (1601: Error getting stats: android.content.pm.PackageManager.NameNotFoundException)
11-23 09:28:32.505 23695 23695 W Finsky  : [2] STU: Failed to get storage stats for package 'com.google.android.media.swcodec' (1601: Error getting stats: android.content.pm.PackageManager.NameNotFoundException)
11-23 09:28:32.587 23695 23695 W Finsky  : [2] STU: Failed to get storage stats for package 'com.google.android.adbd' (1601: Error getting stats: android.content.pm.PackageManager.NameNotFoundException)
11-23 09:28:32.602 23695 23695 W Finsky  : [2] STU: Failed to get storage stats for package 'com.google.android.conscrypt' (1601: Error getting stats: android.content.pm.PackageManager.NameNotFoundException)
11-23 09:28:32.619 23695 23695 W Finsky  : [2] STU: Failed to get storage stats for package 'com.google.android.neuralnetworks' (1601: Error getting stats: android.content.pm.PackageManager.NameNotFoundException)
11-23 09:28:32.633 23695 23695 W Finsky  : [2] STU: Failed to get storage stats for package 'com.google.android.ipsec' (1601: Error getting stats: android.content.pm.PackageManager.NameNotFoundException)
11-23 09:28:32.679 23695 23695 W Finsky  : [2] STU: Failed to get storage stats for package 'com.google.android.extservices' (1601: Error getting stats: android.content.pm.PackageManager.NameNotFoundException)
11-23 09:28:32.713 23695 23695 W Finsky  : [2] STU: Failed to get storage stats for package 'com.google.android.os.statsd' (1601: Error getting stats: android.content.pm.PackageManager.NameNotFoundException)
11-23 09:28:32.805  3078 28466 I CCTUploader: Failed to get auth token due to class com.google.android.gms.auth.UserRecoverableAuthException
11-23 09:28:32.828  3078 28466 I CCTUploader: Failed to get auth token due to class com.google.android.gms.auth.UserRecoverableAuthException
11-23 09:28:32.847  3078 28466 I CCTUploader: Failed to get auth token due to class com.google.android.gms.auth.UserRecoverableAuthException
11-23 09:28:32.862  3078 28466 I CCTUploader: Failed to get auth token due to class com.google.android.gms.auth.UserRecoverableAuthException
11-23 09:28:58.463  1699  1897 I ActivityManager: Start proc 29628:com.mparivahan.me/u0a506 for service {com.mparivahan.me/com.example.test.HeartbeatJobService} caller=android
11-23 09:28:58.530   978   978 I ANDR-PERF-LM: FeedbackAPI: getFeedback() 60: app:com.mparivahan.me feature:AppClassifier feedback = 0
